[2025-04-07T04:33:25.818+0000] {taskinstance.py:1956} INFO - Dependencies all met for dep_context=non-requeueable deps ti=<TaskInstance: train_model_pipeline.load_data manual__2025-04-07T04:33:23.984513+00:00 [queued]>
[2025-04-07T04:33:25.824+0000] {taskinstance.py:1956} INFO - Dependencies all met for dep_context=requeueable deps ti=<TaskInstance: train_model_pipeline.load_data manual__2025-04-07T04:33:23.984513+00:00 [queued]>
[2025-04-07T04:33:25.825+0000] {taskinstance.py:2170} INFO - Starting attempt 1 of 1
[2025-04-07T04:33:25.835+0000] {taskinstance.py:2191} INFO - Executing <Task(PythonOperator): load_data> on 2025-04-07 04:33:23.984513+00:00
[2025-04-07T04:33:25.843+0000] {standard_task_runner.py:60} INFO - Started process 21437 to run task
[2025-04-07T04:33:25.846+0000] {standard_task_runner.py:87} INFO - Running: ['***', 'tasks', 'run', 'train_model_pipeline', 'load_data', 'manual__2025-04-07T04:33:23.984513+00:00', '--job-id', '453', '--raw', '--subdir', 'DAGS_FOLDER/train_model_dag.py', '--cfg-path', '/tmp/tmp_22n9c8i']
[2025-04-07T04:33:25.847+0000] {standard_task_runner.py:88} INFO - Job 453: Subtask load_data
[2025-04-07T04:33:25.887+0000] {task_command.py:423} INFO - Running <TaskInstance: train_model_pipeline.load_data manual__2025-04-07T04:33:23.984513+00:00 [running]> on host 280c0a538679
[2025-04-07T04:33:26.130+0000] {taskinstance.py:2480} INFO - Exporting env vars: AIRFLOW_CTX_DAG_OWNER='***' AIRFLOW_CTX_DAG_ID='train_model_pipeline' AIRFLOW_CTX_TASK_ID='load_data' AIRFLOW_CTX_EXECUTION_DATE='2025-04-07T04:33:23.984513+00:00' AIRFLOW_CTX_TRY_NUMBER='1' AIRFLOW_CTX_DAG_RUN_ID='manual__2025-04-07T04:33:23.984513+00:00'
[2025-04-07T04:33:26.131+0000] {logging_mixin.py:188} INFO - [load_data] DB 연결 중...
[2025-04-07T04:33:26.138+0000] {logging_mixin.py:188} INFO - [db_utils] DB 연결 성공
[2025-04-07T04:33:26.139+0000] {logging_mixin.py:188} INFO - [load_data] 저장 경로(data/raw) 확인 완료
[2025-04-07T04:33:26.139+0000] {logging_mixin.py:188} INFO - [load_data] 도서 정보 쿼리 실행 중...
[2025-04-07T04:33:26.140+0000] {logging_mixin.py:188} INFO - [db_utils] DB 연결 성공
[2025-04-07T04:33:26.433+0000] {logging_mixin.py:188} INFO - [load_data] 도서 정보 1000건 로드 완료
[2025-04-07T04:33:26.433+0000] {logging_mixin.py:188} INFO - [load_data] 유저 정보 쿼리 실행 중...
[2025-04-07T04:33:26.435+0000] {logging_mixin.py:188} INFO - [db_utils] DB 연결 성공
[2025-04-07T04:33:26.560+0000] {logging_mixin.py:188} INFO - [load_data] 유저 정보 12건 로드 완료
[2025-04-07T04:33:26.561+0000] {logging_mixin.py:188} INFO - [load_data] 오류 발생: name 'datetime' is not defined
[2025-04-07T04:33:26.582+0000] {local_task_job_runner.py:234} INFO - Task exited with return code 1
[2025-04-07T04:33:26.597+0000] {taskinstance.py:3280} INFO - 0 downstream tasks scheduled from follow-on schedule check
