[2025-04-07T10:44:05.924+0000] {taskinstance.py:1956} INFO - Dependencies all met for dep_context=non-requeueable deps ti=<TaskInstance: train_model_pipeline.build_matrix manual__2025-04-07T10:44:00.839420+00:00 [queued]>
[2025-04-07T10:44:05.933+0000] {taskinstance.py:1956} INFO - Dependencies all met for dep_context=requeueable deps ti=<TaskInstance: train_model_pipeline.build_matrix manual__2025-04-07T10:44:00.839420+00:00 [queued]>
[2025-04-07T10:44:05.934+0000] {taskinstance.py:2170} INFO - Starting attempt 1 of 1
[2025-04-07T10:44:05.944+0000] {taskinstance.py:2191} INFO - Executing <Task(PythonOperator): build_matrix> on 2025-04-07 10:44:00.839420+00:00
[2025-04-07T10:44:05.952+0000] {standard_task_runner.py:60} INFO - Started process 3861 to run task
[2025-04-07T10:44:05.955+0000] {standard_task_runner.py:87} INFO - Running: ['***', 'tasks', 'run', 'train_model_pipeline', 'build_matrix', 'manual__2025-04-07T10:44:00.839420+00:00', '--job-id', '540', '--raw', '--subdir', 'DAGS_FOLDER/train_model_dag.py', '--cfg-path', '/tmp/tmp5yyg4w_x']
[2025-04-07T10:44:05.956+0000] {standard_task_runner.py:88} INFO - Job 540: Subtask build_matrix
[2025-04-07T10:44:05.993+0000] {task_command.py:423} INFO - Running <TaskInstance: train_model_pipeline.build_matrix manual__2025-04-07T10:44:00.839420+00:00 [running]> on host c6a1082d0e89
[2025-04-07T10:44:06.062+0000] {taskinstance.py:2480} INFO - Exporting env vars: AIRFLOW_CTX_DAG_OWNER='***' AIRFLOW_CTX_DAG_ID='train_model_pipeline' AIRFLOW_CTX_TASK_ID='build_matrix' AIRFLOW_CTX_EXECUTION_DATE='2025-04-07T10:44:00.839420+00:00' AIRFLOW_CTX_TRY_NUMBER='1' AIRFLOW_CTX_DAG_RUN_ID='manual__2025-04-07T10:44:00.839420+00:00'
[2025-04-07T10:44:06.064+0000] {logging_mixin.py:188} INFO - [build_matrix] 데이터 로딩 중...
[2025-04-07T10:44:06.097+0000] {logging_mixin.py:188} INFO - [build_matrix] 피처 전처리 중...
[2025-04-07T10:44:06.119+0000] {logging_mixin.py:188} INFO - testsetse
[2025-04-07T10:44:06.120+0000] {logging_mixin.py:188} INFO - [build_matrix] 행렬 및 매핑 생성 중...
[2025-04-07T10:44:06.128+0000] {logging_mixin.py:188} INFO - [matrix_builder] 상호작용 수: 952
[2025-04-07T10:44:06.128+0000] {logging_mixin.py:188} INFO - (2000, 5)
[2025-04-07T10:44:06.133+0000] {logging_mixin.py:188} INFO - 진입1
[2025-04-07T10:44:06.142+0000] {logging_mixin.py:188} INFO -    user_id  book_id             timestamp    action_type  score
0        2     1106  2025-04-10T09:27:00Z  rating_star_3   0.10
1        4      958  2025-04-10T14:44:00Z  review_star_2  -0.15
2        1     1466  2025-04-06T23:25:00Z  rating_star_2  -0.15
3        1      112  2025-04-10T14:35:00Z  rating_star_1  -0.25
4        1      644  2025-04-11T18:41:00Z  click_dislike  -0.50
[2025-04-07T10:44:06.143+0000] {logging_mixin.py:188} INFO - 진입2
[2025-04-07T10:44:06.143+0000] {logging_mixin.py:188} INFO - [matrix_builder] 오류: Item id 1106 not in item id mapping. Make sure you call the fit method.
[2025-04-07T10:44:06.144+0000] {logging_mixin.py:188} INFO - [build_matrix] 오류 발생: not enough values to unpack (expected 6, got 0)
[2025-04-07T10:44:06.168+0000] {local_task_job_runner.py:234} INFO - Task exited with return code 1
[2025-04-07T10:44:06.186+0000] {taskinstance.py:3280} INFO - 0 downstream tasks scheduled from follow-on schedule check
