[2025-04-07T11:33:54.481+0000] {taskinstance.py:1956} INFO - Dependencies all met for dep_context=non-requeueable deps ti=<TaskInstance: train_model_pipeline.load_data manual__2025-04-07T11:33:52.672644+00:00 [queued]>
[2025-04-07T11:33:54.488+0000] {taskinstance.py:1956} INFO - Dependencies all met for dep_context=requeueable deps ti=<TaskInstance: train_model_pipeline.load_data manual__2025-04-07T11:33:52.672644+00:00 [queued]>
[2025-04-07T11:33:54.488+0000] {taskinstance.py:2170} INFO - Starting attempt 1 of 1
[2025-04-07T11:33:54.499+0000] {taskinstance.py:2191} INFO - Executing <Task(PythonOperator): load_data> on 2025-04-07 11:33:52.672644+00:00
[2025-04-07T11:33:54.506+0000] {standard_task_runner.py:60} INFO - Started process 4892 to run task
[2025-04-07T11:33:54.508+0000] {standard_task_runner.py:87} INFO - Running: ['***', 'tasks', 'run', 'train_model_pipeline', 'load_data', 'manual__2025-04-07T11:33:52.672644+00:00', '--job-id', '555', '--raw', '--subdir', 'DAGS_FOLDER/train_model_dag.py', '--cfg-path', '/tmp/tmpnqskdtrf']
[2025-04-07T11:33:54.510+0000] {standard_task_runner.py:88} INFO - Job 555: Subtask load_data
[2025-04-07T11:33:54.553+0000] {task_command.py:423} INFO - Running <TaskInstance: train_model_pipeline.load_data manual__2025-04-07T11:33:52.672644+00:00 [running]> on host c6a1082d0e89
[2025-04-07T11:33:54.611+0000] {taskinstance.py:2480} INFO - Exporting env vars: AIRFLOW_CTX_DAG_OWNER='***' AIRFLOW_CTX_DAG_ID='train_model_pipeline' AIRFLOW_CTX_TASK_ID='load_data' AIRFLOW_CTX_EXECUTION_DATE='2025-04-07T11:33:52.672644+00:00' AIRFLOW_CTX_TRY_NUMBER='1' AIRFLOW_CTX_DAG_RUN_ID='manual__2025-04-07T11:33:52.672644+00:00'
[2025-04-07T11:33:54.613+0000] {logging_mixin.py:188} INFO - [load_data] DB 연결 중...
[2025-04-07T11:33:54.622+0000] {logging_mixin.py:188} INFO - [db_utils] DB 연결 성공
[2025-04-07T11:33:54.857+0000] {logging_mixin.py:188} INFO - [s3_utils] S3 연결 성공
[2025-04-07T11:33:54.857+0000] {logging_mixin.py:188} INFO - [load_data] 저장 경로(data/raw) 확인 완료
[2025-04-07T11:33:54.858+0000] {logging_mixin.py:188} INFO - [load_data] 도서 정보 쿼리 실행 중...
[2025-04-07T11:33:54.860+0000] {logging_mixin.py:188} INFO - [db_utils] DB 연결 성공
[2025-04-07T11:33:55.496+0000] {logging_mixin.py:188} INFO - [load_data] 도서 정보 3000건 로드 완료
[2025-04-07T11:33:55.497+0000] {logging_mixin.py:188} INFO - [load_data] 유저 정보 쿼리 실행 중...
[2025-04-07T11:33:55.498+0000] {logging_mixin.py:188} INFO - [db_utils] DB 연결 성공
[2025-04-07T11:33:55.643+0000] {logging_mixin.py:188} INFO - [load_data] 유저 정보 7건 로드 완료
[2025-04-07T11:33:55.644+0000] {logging_mixin.py:188} INFO - [load_data] 로그 데이터 다운로드 중...
[2025-04-07T11:33:55.847+0000] {logging_mixin.py:188} INFO - [load_data] 로그 데이터 1000건 로드 완료
[2025-04-07T11:33:55.848+0000] {logging_mixin.py:188} INFO - [load_data] 파일 저장 중...
[2025-04-07T11:33:55.865+0000] {logging_mixin.py:188} INFO - [load_data] 저장 완료
[2025-04-07T11:33:55.866+0000] {python.py:201} INFO - Done. Returned value was: None
[2025-04-07T11:33:55.874+0000] {taskinstance.py:1138} INFO - Marking task as SUCCESS. dag_id=train_model_pipeline, task_id=load_data, execution_date=20250407T113352, start_date=20250407T113354, end_date=20250407T113355
[2025-04-07T11:33:55.928+0000] {local_task_job_runner.py:234} INFO - Task exited with return code 0
[2025-04-07T11:33:55.947+0000] {taskinstance.py:3280} INFO - 1 downstream tasks scheduled from follow-on schedule check
