[2025-04-11T00:31:21.467+0000] {taskinstance.py:1956} INFO - Dependencies all met for dep_context=non-requeueable deps ti=<TaskInstance: train_model_pipeline.train_model manual__2025-04-11T00:30:31.298642+00:00 [queued]>
[2025-04-11T00:31:21.486+0000] {taskinstance.py:1956} INFO - Dependencies all met for dep_context=requeueable deps ti=<TaskInstance: train_model_pipeline.train_model manual__2025-04-11T00:30:31.298642+00:00 [queued]>
[2025-04-11T00:31:21.487+0000] {taskinstance.py:2170} INFO - Starting attempt 1 of 1
[2025-04-11T00:31:21.503+0000] {taskinstance.py:2191} INFO - Executing <Task(PythonOperator): train_model> on 2025-04-11 00:30:31.298642+00:00
[2025-04-11T00:31:21.512+0000] {standard_task_runner.py:60} INFO - Started process 16750 to run task
[2025-04-11T00:31:21.516+0000] {standard_task_runner.py:87} INFO - Running: ['***', 'tasks', 'run', 'train_model_pipeline', 'train_model', 'manual__2025-04-11T00:30:31.298642+00:00', '--job-id', '711', '--raw', '--subdir', 'DAGS_FOLDER/train_model_dag.py', '--cfg-path', '/tmp/tmp3buswt4e']
[2025-04-11T00:31:21.518+0000] {standard_task_runner.py:88} INFO - Job 711: Subtask train_model
[2025-04-11T00:31:21.605+0000] {task_command.py:423} INFO - Running <TaskInstance: train_model_pipeline.train_model manual__2025-04-11T00:30:31.298642+00:00 [running]> on host 7ec5ad01cd28
[2025-04-11T00:31:21.755+0000] {taskinstance.py:2480} INFO - Exporting env vars: AIRFLOW_CTX_DAG_OWNER='booknest' AIRFLOW_CTX_DAG_ID='train_model_pipeline' AIRFLOW_CTX_TASK_ID='train_model' AIRFLOW_CTX_EXECUTION_DATE='2025-04-11T00:30:31.298642+00:00' AIRFLOW_CTX_TRY_NUMBER='1' AIRFLOW_CTX_DAG_RUN_ID='manual__2025-04-11T00:30:31.298642+00:00'
[2025-04-11T00:31:21.760+0000] {logging_mixin.py:188} INFO - [train_model] 학습용 행렬 로드 중...
[2025-04-11T00:31:21.813+0000] {logging_mixin.py:188} INFO - [train_model] user 수: 24, item 수: 1812
[2025-04-11T00:31:21.814+0000] {logging_mixin.py:188} INFO - [train_model] interactions shape: (24, 1812), nnz: 1812
[2025-04-11T00:31:21.815+0000] {logging_mixin.py:188} INFO - [train_model] 모델 학습 시작...
[2025-04-11T00:31:21.970+0000] {logging_mixin.py:188} INFO - [model_utils] 모델 학습 완료
[2025-04-11T00:31:21.971+0000] {logging_mixin.py:188} INFO - 47480
[2025-04-11T00:31:21.972+0000] {logging_mixin.py:188} INFO - [train_model] user 0 vs 1 벡터 차이: 101993.85
[2025-04-11T00:31:21.973+0000] {logging_mixin.py:188} INFO - [train_model] Precision@5 평가 중...
[2025-04-11T00:31:21.974+0000] {logging_mixin.py:188} INFO - [model_utils] 평가용 상호작용 행렬 shape: (24, 1812), nnz: 1812
[2025-04-11T00:31:21.991+0000] {logging_mixin.py:188} INFO - [model_utils] Precision@5: 0.0000
[2025-04-11T00:31:21.992+0000] {logging_mixin.py:188} INFO - [model_utils] Recall@5: 0.0000
[2025-04-11T00:31:21.993+0000] {logging_mixin.py:188} INFO - [model_utils] AUC: 0.5197
[2025-04-11T00:31:22.028+0000] {logging_mixin.py:188} INFO - [model_utils] 모델 저장 완료: data/model/lightfm_model.pkl
[2025-04-11T00:31:22.029+0000] {logging_mixin.py:188} INFO - [train_model] 모델 로컬 저장 경로: data/model/lightfm_model.pkl
[2025-04-11T00:31:22.029+0000] {logging_mixin.py:188} INFO - [train_model] 현재 작업 디렉토리: /opt/***
[2025-04-11T00:31:22.432+0000] {logging_mixin.py:188} INFO - [s3_utils] S3 연결 성공
[2025-04-11T00:31:25.339+0000] {logging_mixin.py:188} INFO - [s3_utils] S3 업로드 완료 → s3://saffybooknest/model/lightfm/model_lightfm_20250411.pkl
[2025-04-11T00:31:25.341+0000] {logging_mixin.py:188} INFO - [train_model] [모델 S3 업로드 완료 → s3://saffybooknest/model/lightfm/model_lightfm_20250411.pkl
[2025-04-11T00:31:25.345+0000] {python.py:201} INFO - Done. Returned value was: None
[2025-04-11T00:31:25.368+0000] {taskinstance.py:1138} INFO - Marking task as SUCCESS. dag_id=train_model_pipeline, task_id=train_model, execution_date=20250411T003031, start_date=20250411T003121, end_date=20250411T003125
[2025-04-11T00:31:25.476+0000] {local_task_job_runner.py:234} INFO - Task exited with return code 0
[2025-04-11T00:31:25.507+0000] {taskinstance.py:3280} INFO - 0 downstream tasks scheduled from follow-on schedule check
