[2025-04-09T01:05:33.238+0000] {taskinstance.py:1956} INFO - Dependencies all met for dep_context=non-requeueable deps ti=<TaskInstance: train_model_pipeline.train_model manual__2025-04-09T01:05:24.948264+00:00 [queued]>
[2025-04-09T01:05:33.244+0000] {taskinstance.py:1956} INFO - Dependencies all met for dep_context=requeueable deps ti=<TaskInstance: train_model_pipeline.train_model manual__2025-04-09T01:05:24.948264+00:00 [queued]>
[2025-04-09T01:05:33.244+0000] {taskinstance.py:2170} INFO - Starting attempt 1 of 1
[2025-04-09T01:05:33.255+0000] {taskinstance.py:2191} INFO - Executing <Task(PythonOperator): train_model> on 2025-04-09 01:05:24.948264+00:00
[2025-04-09T01:05:33.262+0000] {standard_task_runner.py:60} INFO - Started process 27200 to run task
[2025-04-09T01:05:33.264+0000] {standard_task_runner.py:87} INFO - Running: ['***', 'tasks', 'run', 'train_model_pipeline', 'train_model', 'manual__2025-04-09T01:05:24.948264+00:00', '--job-id', '641', '--raw', '--subdir', 'DAGS_FOLDER/train_model_dag.py', '--cfg-path', '/tmp/tmppducl04c']
[2025-04-09T01:05:33.265+0000] {standard_task_runner.py:88} INFO - Job 641: Subtask train_model
[2025-04-09T01:05:33.305+0000] {task_command.py:423} INFO - Running <TaskInstance: train_model_pipeline.train_model manual__2025-04-09T01:05:24.948264+00:00 [running]> on host c6a1082d0e89
[2025-04-09T01:05:33.365+0000] {taskinstance.py:2480} INFO - Exporting env vars: AIRFLOW_CTX_DAG_OWNER='booknest' AIRFLOW_CTX_DAG_ID='train_model_pipeline' AIRFLOW_CTX_TASK_ID='train_model' AIRFLOW_CTX_EXECUTION_DATE='2025-04-09T01:05:24.948264+00:00' AIRFLOW_CTX_TRY_NUMBER='1' AIRFLOW_CTX_DAG_RUN_ID='manual__2025-04-09T01:05:24.948264+00:00'
[2025-04-09T01:05:33.367+0000] {logging_mixin.py:188} INFO - [train_model] 학습용 행렬 로드 중...
[2025-04-09T01:05:33.369+0000] {logging_mixin.py:188} INFO - [train_model] user 수: 17, item 수: 431
[2025-04-09T01:05:33.370+0000] {logging_mixin.py:188} INFO - [train_model] interactions shape: (17, 431), nnz: 573
[2025-04-09T01:05:33.370+0000] {logging_mixin.py:188} INFO - [train_model] 모델 학습 시작...
[2025-04-09T01:05:33.389+0000] {logging_mixin.py:188} INFO - [model_utils] 모델 학습 완료
[2025-04-09T01:05:33.389+0000] {logging_mixin.py:188} INFO - 3804
[2025-04-09T01:05:33.390+0000] {logging_mixin.py:188} INFO - [train_model] user 0 vs 1 벡터 차이: 2.9800649
[2025-04-09T01:05:33.390+0000] {logging_mixin.py:188} INFO - [train_model] Precision@5 평가 중...
[2025-04-09T01:05:33.391+0000] {logging_mixin.py:188} INFO - [model_utils] 평가용 상호작용 행렬 shape: (17, 431), nnz: 573
[2025-04-09T01:05:33.394+0000] {logging_mixin.py:188} INFO - [model_utils] Precision@5: 0.0000
[2025-04-09T01:05:33.394+0000] {logging_mixin.py:188} INFO - [model_utils] Recall@5: 0.0000
[2025-04-09T01:05:33.395+0000] {logging_mixin.py:188} INFO - [model_utils] AUC: 0.5575
[2025-04-09T01:05:33.398+0000] {logging_mixin.py:188} INFO - [model_utils] 모델 저장 완료: data/model/lightfm_model.pkl
[2025-04-09T01:05:33.398+0000] {logging_mixin.py:188} INFO - [train_model] 모델 로컬 저장 경로: data/model/lightfm_model.pkl
[2025-04-09T01:05:33.399+0000] {logging_mixin.py:188} INFO - [train_model] 현재 작업 디렉토리: /opt/***
[2025-04-09T01:05:33.694+0000] {logging_mixin.py:188} INFO - [s3_utils] S3 연결 성공
[2025-04-09T01:05:34.130+0000] {logging_mixin.py:188} INFO - [s3_utils] S3 업로드 완료 → s3://saffybooknest/model/lightfm/model_lightfm_20250409.pkl
[2025-04-09T01:05:34.132+0000] {logging_mixin.py:188} INFO - [train_model] [모델 S3 업로드 완료 → s3://saffybooknest/model/lightfm/model_lightfm_20250409.pkl
[2025-04-09T01:05:34.133+0000] {python.py:201} INFO - Done. Returned value was: None
[2025-04-09T01:05:34.141+0000] {taskinstance.py:1138} INFO - Marking task as SUCCESS. dag_id=train_model_pipeline, task_id=train_model, execution_date=20250409T010524, start_date=20250409T010533, end_date=20250409T010534
[2025-04-09T01:05:34.161+0000] {local_task_job_runner.py:234} INFO - Task exited with return code 0
[2025-04-09T01:05:34.174+0000] {taskinstance.py:3280} INFO - 0 downstream tasks scheduled from follow-on schedule check
