[2025-04-02T04:25:32.696+0000] {taskinstance.py:1956} INFO - Dependencies all met for dep_context=non-requeueable deps ti=<TaskInstance: pipeline_1_dag.load_data manual__2025-04-02T04:25:29.841189+00:00 [queued]>
[2025-04-02T04:25:32.702+0000] {taskinstance.py:1956} INFO - Dependencies all met for dep_context=requeueable deps ti=<TaskInstance: pipeline_1_dag.load_data manual__2025-04-02T04:25:29.841189+00:00 [queued]>
[2025-04-02T04:25:32.703+0000] {taskinstance.py:2170} INFO - Starting attempt 1 of 1
[2025-04-02T04:25:32.714+0000] {taskinstance.py:2191} INFO - Executing <Task(PythonOperator): load_data> on 2025-04-02 04:25:29.841189+00:00
[2025-04-02T04:25:32.720+0000] {standard_task_runner.py:60} INFO - Started process 124 to run task
[2025-04-02T04:25:32.723+0000] {standard_task_runner.py:87} INFO - Running: ['***', 'tasks', 'run', 'pipeline_1_dag', 'load_data', 'manual__2025-04-02T04:25:29.841189+00:00', '--job-id', '3', '--raw', '--subdir', 'DAGS_FOLDER/pipeline_1_dag.py', '--cfg-path', '/tmp/tmp_m_k6yms']
[2025-04-02T04:25:32.724+0000] {standard_task_runner.py:88} INFO - Job 3: Subtask load_data
[2025-04-02T04:25:32.770+0000] {task_command.py:423} INFO - Running <TaskInstance: pipeline_1_dag.load_data manual__2025-04-02T04:25:29.841189+00:00 [running]> on host 70eb00e5d734
[2025-04-02T04:25:32.831+0000] {taskinstance.py:2480} INFO - Exporting env vars: AIRFLOW_CTX_DAG_OWNER='***' AIRFLOW_CTX_DAG_ID='pipeline_1_dag' AIRFLOW_CTX_TASK_ID='load_data' AIRFLOW_CTX_EXECUTION_DATE='2025-04-02T04:25:29.841189+00:00' AIRFLOW_CTX_TRY_NUMBER='1' AIRFLOW_CTX_DAG_RUN_ID='manual__2025-04-02T04:25:29.841189+00:00'
[2025-04-02T04:25:32.836+0000] {taskinstance.py:2698} ERROR - Task failed with exception
Traceback (most recent call last):
  File "/home/airflow/.local/lib/python3.8/site-packages/airflow/models/taskinstance.py", line 433, in _execute_task
    result = execute_callable(context=context, **execute_callable_kwargs)
  File "/home/airflow/.local/lib/python3.8/site-packages/airflow/operators/python.py", line 199, in execute
    return_value = self.execute_callable()
  File "/home/airflow/.local/lib/python3.8/site-packages/airflow/operators/python.py", line 216, in execute_callable
    return self.python_callable(*self.op_args, **self.op_kwargs)
  File "/opt/airflow/src/load_data.py", line 10, in run
    engine = create_engine(DB_URL)
  File "<string>", line 2, in create_engine
  File "/home/airflow/.local/lib/python3.8/site-packages/sqlalchemy/util/deprecations.py", line 375, in warned
    return fn(*args, **kwargs)
  File "/home/airflow/.local/lib/python3.8/site-packages/sqlalchemy/engine/create.py", line 544, in create_engine
    dbapi = dialect_cls.dbapi(**dbapi_args)
  File "/home/airflow/.local/lib/python3.8/site-packages/sqlalchemy/dialects/mysql/mariadbconnector.py", line 115, in dbapi
    return __import__("mariadb")
ModuleNotFoundError: No module named 'mariadb'
[2025-04-02T04:25:32.846+0000] {taskinstance.py:1138} INFO - Marking task as FAILED. dag_id=pipeline_1_dag, task_id=load_data, execution_date=20250402T042529, start_date=20250402T042532, end_date=20250402T042532
[2025-04-02T04:25:32.855+0000] {standard_task_runner.py:107} ERROR - Failed to execute job 3 for task load_data (No module named 'mariadb'; 124)
[2025-04-02T04:25:32.897+0000] {local_task_job_runner.py:234} INFO - Task exited with return code 1
[2025-04-02T04:25:32.916+0000] {taskinstance.py:3280} INFO - 0 downstream tasks scheduled from follow-on schedule check
