[2025-04-03T07:57:20.459+0000] {taskinstance.py:1956} INFO - Dependencies all met for dep_context=non-requeueable deps ti=<TaskInstance: update_model_daily.update_model manual__2025-04-03T07:57:18.226991+00:00 [queued]>
[2025-04-03T07:57:20.466+0000] {taskinstance.py:1956} INFO - Dependencies all met for dep_context=requeueable deps ti=<TaskInstance: update_model_daily.update_model manual__2025-04-03T07:57:18.226991+00:00 [queued]>
[2025-04-03T07:57:20.467+0000] {taskinstance.py:2170} INFO - Starting attempt 1 of 1
[2025-04-03T07:57:20.478+0000] {taskinstance.py:2191} INFO - Executing <Task(PythonOperator): update_model> on 2025-04-03 07:57:18.226991+00:00
[2025-04-03T07:57:20.485+0000] {standard_task_runner.py:60} INFO - Started process 3331 to run task
[2025-04-03T07:57:20.487+0000] {standard_task_runner.py:87} INFO - Running: ['***', 'tasks', 'run', 'update_model_daily', 'update_model', 'manual__2025-04-03T07:57:18.226991+00:00', '--job-id', '305', '--raw', '--subdir', 'DAGS_FOLDER/update_model_dag.py', '--cfg-path', '/tmp/tmpykrn_hrm']
[2025-04-03T07:57:20.489+0000] {standard_task_runner.py:88} INFO - Job 305: Subtask update_model
[2025-04-03T07:57:20.528+0000] {task_command.py:423} INFO - Running <TaskInstance: update_model_daily.update_model manual__2025-04-03T07:57:18.226991+00:00 [running]> on host b3cf11128f5a
[2025-04-03T07:57:20.590+0000] {taskinstance.py:2480} INFO - Exporting env vars: AIRFLOW_CTX_DAG_OWNER='***' AIRFLOW_CTX_DAG_ID='update_model_daily' AIRFLOW_CTX_TASK_ID='update_model' AIRFLOW_CTX_EXECUTION_DATE='2025-04-03T07:57:18.226991+00:00' AIRFLOW_CTX_TRY_NUMBER='1' AIRFLOW_CTX_DAG_RUN_ID='manual__2025-04-03T07:57:18.226991+00:00'
[2025-04-03T07:57:20.592+0000] {logging_mixin.py:188} INFO - [update_model] S3에서 전날 matrix.pkl 다운로드 중...
[2025-04-03T07:57:20.762+0000] {logging_mixin.py:188} INFO - [s3_utils] 다운로드 완료: matrix/lightfm/matrix_lightfm_20250403.pkl → data/processed/matrix_daily.pkl
[2025-04-03T07:57:20.763+0000] {logging_mixin.py:188} INFO - [update_model] 기존 데이터 로딩 완료
[2025-04-03T07:57:20.763+0000] {logging_mixin.py:188} INFO - [update_model] 일간 로그 불러오기
[2025-04-03T07:57:20.773+0000] {logging_mixin.py:188} INFO -    user_id  book_id action_type  action_value
0        1        7      rating           5.0
1        2        3        like           NaN
[2025-04-03T07:57:20.776+0000] {logging_mixin.py:188} INFO - [update_model] 로그 1건 반영 중...
[2025-04-03T07:57:20.777+0000] {logging_mixin.py:188} INFO - (12, 16)
[2025-04-03T07:57:20.778+0000] {logging_mixin.py:188} INFO - (12, 16)
[2025-04-03T07:57:20.779+0000] {logging_mixin.py:188} INFO - (14, 16)
[2025-04-03T07:57:20.779+0000] {logging_mixin.py:188} INFO - (14, 16)
[2025-04-03T07:57:20.780+0000] {logging_mixin.py:188} INFO - [update_model] 모델 업데이트 학습 중...
[2025-04-03T07:57:20.782+0000] {logging_mixin.py:188} INFO - [model_utils] 모델 학습 완료
[2025-04-03T07:57:20.783+0000] {logging_mixin.py:188} INFO - [model_utils] Precision@5: 0.2000
[2025-04-03T07:57:20.784+0000] {logging_mixin.py:188} INFO - [model_utils] 모델 저장 완료: model/lightfm_model_updated.pkl
[2025-04-03T07:57:20.910+0000] {logging_mixin.py:188} INFO - [s3_utils] S3 업로드 완료 → s3://saffybooknest/model/lightfm/model_lightfm_20250403_updated.pkl
[2025-04-03T07:57:20.910+0000] {logging_mixin.py:188} INFO - [update_model] 업데이트 모델 S3 저장 완료
[2025-04-03T07:57:20.986+0000] {logging_mixin.py:188} INFO - [s3_utils] S3 업로드 완료 → s3://saffybooknest/matrix/lightfm/matrix_lightfm_20250403.pkl
[2025-04-03T07:57:20.986+0000] {logging_mixin.py:188} INFO - [update_model] 업데이트된 메트릭스도 S3에 저장 완료
[2025-04-03T07:57:20.987+0000] {python.py:201} INFO - Done. Returned value was: None
[2025-04-03T07:57:20.995+0000] {taskinstance.py:1138} INFO - Marking task as SUCCESS. dag_id=update_model_daily, task_id=update_model, execution_date=20250403T075718, start_date=20250403T075720, end_date=20250403T075720
[2025-04-03T07:57:21.022+0000] {local_task_job_runner.py:234} INFO - Task exited with return code 0
[2025-04-03T07:57:21.038+0000] {taskinstance.py:3280} INFO - 0 downstream tasks scheduled from follow-on schedule check
