[2025-04-07T07:38:56.936+0000] {taskinstance.py:1956} INFO - Dependencies all met for dep_context=non-requeueable deps ti=<TaskInstance: train_model_pipeline.load_data manual__2025-04-07T07:38:55.507727+00:00 [queued]>
[2025-04-07T07:38:56.943+0000] {taskinstance.py:1956} INFO - Dependencies all met for dep_context=requeueable deps ti=<TaskInstance: train_model_pipeline.load_data manual__2025-04-07T07:38:55.507727+00:00 [queued]>
[2025-04-07T07:38:56.944+0000] {taskinstance.py:2170} INFO - Starting attempt 1 of 1
[2025-04-07T07:38:56.955+0000] {taskinstance.py:2191} INFO - Executing <Task(PythonOperator): load_data> on 2025-04-07 07:38:55.507727+00:00
[2025-04-07T07:38:56.961+0000] {standard_task_runner.py:60} INFO - Started process 1716 to run task
[2025-04-07T07:38:56.963+0000] {standard_task_runner.py:87} INFO - Running: ['***', 'tasks', 'run', 'train_model_pipeline', 'load_data', 'manual__2025-04-07T07:38:55.507727+00:00', '--job-id', '511', '--raw', '--subdir', 'DAGS_FOLDER/train_model_dag.py', '--cfg-path', '/tmp/tmplwfo2dc2']
[2025-04-07T07:38:56.965+0000] {standard_task_runner.py:88} INFO - Job 511: Subtask load_data
[2025-04-07T07:38:57.008+0000] {task_command.py:423} INFO - Running <TaskInstance: train_model_pipeline.load_data manual__2025-04-07T07:38:55.507727+00:00 [running]> on host c6a1082d0e89
[2025-04-07T07:38:57.073+0000] {taskinstance.py:2480} INFO - Exporting env vars: AIRFLOW_CTX_DAG_OWNER='***' AIRFLOW_CTX_DAG_ID='train_model_pipeline' AIRFLOW_CTX_TASK_ID='load_data' AIRFLOW_CTX_EXECUTION_DATE='2025-04-07T07:38:55.507727+00:00' AIRFLOW_CTX_TRY_NUMBER='1' AIRFLOW_CTX_DAG_RUN_ID='manual__2025-04-07T07:38:55.507727+00:00'
[2025-04-07T07:38:57.075+0000] {logging_mixin.py:188} INFO - [load_data] DB 연결 중...
[2025-04-07T07:38:57.084+0000] {logging_mixin.py:188} INFO - [db_utils] DB 연결 성공
[2025-04-07T07:38:57.312+0000] {logging_mixin.py:188} INFO - [s3_utils] S3 연결 성공
[2025-04-07T07:38:57.313+0000] {logging_mixin.py:188} INFO - [load_data] 저장 경로(data/raw) 확인 완료
[2025-04-07T07:38:57.313+0000] {logging_mixin.py:188} INFO - [load_data] 도서 정보 쿼리 실행 중...
[2025-04-07T07:38:57.315+0000] {logging_mixin.py:188} INFO - [db_utils] DB 연결 성공
[2025-04-07T07:38:57.625+0000] {logging_mixin.py:188} INFO - [load_data] 도서 정보 1000건 로드 완료
[2025-04-07T07:38:57.626+0000] {logging_mixin.py:188} INFO - [load_data] 유저 정보 쿼리 실행 중...
[2025-04-07T07:38:57.627+0000] {logging_mixin.py:188} INFO - [db_utils] DB 연결 성공
[2025-04-07T07:38:57.806+0000] {logging_mixin.py:188} INFO - [load_data] 유저 정보 12건 로드 완료
[2025-04-07T07:38:57.806+0000] {logging_mixin.py:188} INFO - [load_data] 로그 데이터 다운로드 중...
[2025-04-07T07:38:57.965+0000] {logging_mixin.py:188} INFO - [load_data] 로그 데이터 1000건 로드 완료
[2025-04-07T07:38:57.965+0000] {logging_mixin.py:188} INFO - [load_data] 파일 저장 중...
[2025-04-07T07:38:57.979+0000] {logging_mixin.py:188} INFO - [load_data] 저장 완료
[2025-04-07T07:38:57.980+0000] {python.py:201} INFO - Done. Returned value was: None
[2025-04-07T07:38:57.987+0000] {taskinstance.py:1138} INFO - Marking task as SUCCESS. dag_id=train_model_pipeline, task_id=load_data, execution_date=20250407T073855, start_date=20250407T073856, end_date=20250407T073857
[2025-04-07T07:38:58.021+0000] {local_task_job_runner.py:234} INFO - Task exited with return code 0
[2025-04-07T07:38:58.040+0000] {taskinstance.py:3280} INFO - 1 downstream tasks scheduled from follow-on schedule check
