[2025-04-08T08:16:17.925+0000] {taskinstance.py:1956} INFO - Dependencies all met for dep_context=non-requeueable deps ti=<TaskInstance: train_model_pipeline.load_data manual__2025-04-08T08:16:15.660827+00:00 [queued]>
[2025-04-08T08:16:17.930+0000] {taskinstance.py:1956} INFO - Dependencies all met for dep_context=requeueable deps ti=<TaskInstance: train_model_pipeline.load_data manual__2025-04-08T08:16:15.660827+00:00 [queued]>
[2025-04-08T08:16:17.931+0000] {taskinstance.py:2170} INFO - Starting attempt 1 of 1
[2025-04-08T08:16:17.942+0000] {taskinstance.py:2191} INFO - Executing <Task(PythonOperator): load_data> on 2025-04-08 08:16:15.660827+00:00
[2025-04-08T08:16:17.949+0000] {standard_task_runner.py:60} INFO - Started process 15933 to run task
[2025-04-08T08:16:17.951+0000] {standard_task_runner.py:87} INFO - Running: ['***', 'tasks', 'run', 'train_model_pipeline', 'load_data', 'manual__2025-04-08T08:16:15.660827+00:00', '--job-id', '626', '--raw', '--subdir', 'DAGS_FOLDER/train_model_dag.py', '--cfg-path', '/tmp/tmp5_cdmrnm']
[2025-04-08T08:16:17.953+0000] {standard_task_runner.py:88} INFO - Job 626: Subtask load_data
[2025-04-08T08:16:17.989+0000] {task_command.py:423} INFO - Running <TaskInstance: train_model_pipeline.load_data manual__2025-04-08T08:16:15.660827+00:00 [running]> on host c6a1082d0e89
[2025-04-08T08:16:18.047+0000] {taskinstance.py:2480} INFO - Exporting env vars: AIRFLOW_CTX_DAG_OWNER='booknest' AIRFLOW_CTX_DAG_ID='train_model_pipeline' AIRFLOW_CTX_TASK_ID='load_data' AIRFLOW_CTX_EXECUTION_DATE='2025-04-08T08:16:15.660827+00:00' AIRFLOW_CTX_TRY_NUMBER='1' AIRFLOW_CTX_DAG_RUN_ID='manual__2025-04-08T08:16:15.660827+00:00'
[2025-04-08T08:16:18.049+0000] {logging_mixin.py:188} INFO - [load_data] DB 연결 중...
[2025-04-08T08:16:18.056+0000] {logging_mixin.py:188} INFO - [db_utils] DB 연결 성공
[2025-04-08T08:16:18.056+0000] {logging_mixin.py:188} INFO - [load_data] 저장 경로(data/raw) 확인 완료
[2025-04-08T08:16:18.057+0000] {logging_mixin.py:188} INFO - [load_data] 도서 정보 로딩 중...
[2025-04-08T08:16:18.058+0000] {logging_mixin.py:188} INFO - [db_utils] DB 연결 성공
[2025-04-08T08:16:18.059+0000] {logging_mixin.py:188} INFO - [load_book_df] 도서 데이터 쿼리 실행 중...
[2025-04-08T08:16:18.652+0000] {logging_mixin.py:188} INFO - [load_book_df] 3000건 로드 완료
[2025-04-08T08:16:18.653+0000] {logging_mixin.py:188} INFO - [load_data] 도서 정보 3000건 로드 완료
[2025-04-08T08:16:18.653+0000] {logging_mixin.py:188} INFO - [load_data] 유저 정보 로딩 중...
[2025-04-08T08:16:18.654+0000] {logging_mixin.py:188} INFO - [db_utils] DB 연결 성공
[2025-04-08T08:16:18.654+0000] {logging_mixin.py:188} INFO - [load_user_df] 유저 데이터 쿼리 실행 중...
[2025-04-08T08:16:18.823+0000] {logging_mixin.py:188} INFO - [load_user_df] 15건 로드 완료
[2025-04-08T08:16:18.824+0000] {logging_mixin.py:188} INFO - [load_data] 유저 정보 15건 로드 완료
[2025-04-08T08:16:18.824+0000] {logging_mixin.py:188} INFO - [load_data] 로그 S3 다운로드 중 → logs/250407/logs_250407.csv
[2025-04-08T08:16:19.050+0000] {logging_mixin.py:188} INFO - [s3_utils] S3 연결 성공
[2025-04-08T08:16:19.222+0000] {logging_mixin.py:188} INFO - [s3_utils] 다운로드 완료: logs/250407/logs_250407.csv → data/raw/logs_250408.csv
[2025-04-08T08:16:19.228+0000] {logging_mixin.py:188} INFO - [s3_utils] CSV 로드 완료: 600 rows from data/raw/logs_250408.csv
[2025-04-08T08:16:19.228+0000] {logging_mixin.py:188} INFO - [load_data] 파일 저장 중...
[2025-04-08T08:16:19.243+0000] {logging_mixin.py:188} INFO - [save_book_df] Saved to data/raw/book_df.parquet
[2025-04-08T08:16:19.245+0000] {logging_mixin.py:188} INFO - [save_user_df] Saved to data/raw/user_df.parquet
[2025-04-08T08:16:19.247+0000] {logging_mixin.py:188} INFO - [save_log_df] Saved to data/raw/log_df.parquet
[2025-04-08T08:16:19.248+0000] {logging_mixin.py:188} INFO - [load_data] 저장 완료
[2025-04-08T08:16:19.249+0000] {python.py:201} INFO - Done. Returned value was: None
[2025-04-08T08:16:19.256+0000] {taskinstance.py:1138} INFO - Marking task as SUCCESS. dag_id=train_model_pipeline, task_id=load_data, execution_date=20250408T081615, start_date=20250408T081617, end_date=20250408T081619
[2025-04-08T08:16:19.290+0000] {local_task_job_runner.py:234} INFO - Task exited with return code 0
[2025-04-08T08:16:19.313+0000] {taskinstance.py:3280} INFO - 1 downstream tasks scheduled from follow-on schedule check
