[2025-04-11T01:11:17.414+0000] {taskinstance.py:1956} INFO - Dependencies all met for dep_context=non-requeueable deps ti=<TaskInstance: train_model_pipeline.build_matrix manual__2025-04-11T01:10:37.682194+00:00 [queued]>
[2025-04-11T01:11:17.421+0000] {taskinstance.py:1956} INFO - Dependencies all met for dep_context=requeueable deps ti=<TaskInstance: train_model_pipeline.build_matrix manual__2025-04-11T01:10:37.682194+00:00 [queued]>
[2025-04-11T01:11:17.422+0000] {taskinstance.py:2170} INFO - Starting attempt 1 of 1
[2025-04-11T01:11:17.432+0000] {taskinstance.py:2191} INFO - Executing <Task(PythonOperator): build_matrix> on 2025-04-11 01:10:37.682194+00:00
[2025-04-11T01:11:17.440+0000] {standard_task_runner.py:60} INFO - Started process 17507 to run task
[2025-04-11T01:11:17.442+0000] {standard_task_runner.py:87} INFO - Running: ['***', 'tasks', 'run', 'train_model_pipeline', 'build_matrix', 'manual__2025-04-11T01:10:37.682194+00:00', '--job-id', '721', '--raw', '--subdir', 'DAGS_FOLDER/train_model_dag.py', '--cfg-path', '/tmp/tmpkxzxd4ie']
[2025-04-11T01:11:17.443+0000] {standard_task_runner.py:88} INFO - Job 721: Subtask build_matrix
[2025-04-11T01:11:17.483+0000] {task_command.py:423} INFO - Running <TaskInstance: train_model_pipeline.build_matrix manual__2025-04-11T01:10:37.682194+00:00 [running]> on host 7ec5ad01cd28
[2025-04-11T01:11:17.553+0000] {taskinstance.py:2480} INFO - Exporting env vars: AIRFLOW_CTX_DAG_OWNER='booknest' AIRFLOW_CTX_DAG_ID='train_model_pipeline' AIRFLOW_CTX_TASK_ID='build_matrix' AIRFLOW_CTX_EXECUTION_DATE='2025-04-11T01:10:37.682194+00:00' AIRFLOW_CTX_TRY_NUMBER='1' AIRFLOW_CTX_DAG_RUN_ID='manual__2025-04-11T01:10:37.682194+00:00'
[2025-04-11T01:11:17.555+0000] {logging_mixin.py:188} INFO - [build_matrix] 데이터 로딩 중...
[2025-04-11T01:11:17.653+0000] {logging_mixin.py:188} INFO - [build_matrix] 피처 전처리 중...
[2025-04-11T01:11:20.342+0000] {logging_mixin.py:188} INFO - [build_matrix] 행렬 생성 중...
[2025-04-11T01:11:20.359+0000] {logging_mixin.py:188} INFO - [matrix_builder] 유효한 상호작용 수: 1832
[2025-04-11T01:11:20.507+0000] {logging_mixin.py:188} INFO - [matrix_builder] 사용자 수: 34
[2025-04-11T01:11:20.507+0000] {logging_mixin.py:188} INFO - [matrix_builder] 학습에 사용된 책 수: 1832
[2025-04-11T01:11:20.508+0000] {logging_mixin.py:188} INFO - [build_matrix] 매핑된 상호작용 수: 1832
[2025-04-11T01:11:20.529+0000] {logging_mixin.py:188} INFO - [build_matrix] 저장 완료: data/processed/matrix.pkl
[2025-04-11T01:11:20.742+0000] {logging_mixin.py:188} INFO - [s3_utils] S3 연결 성공
[2025-04-11T01:11:20.977+0000] {logging_mixin.py:188} INFO - [s3_utils] S3 업로드 완료 → s3://saffybooknest/matrix/lightfm/matrix_lightfm_20250411.pkl
[2025-04-11T01:11:20.979+0000] {logging_mixin.py:188} INFO - [build_matrix] S3 업로드 완료
[2025-04-11T01:11:21.012+0000] {python.py:201} INFO - Done. Returned value was: None
[2025-04-11T01:11:21.021+0000] {taskinstance.py:1138} INFO - Marking task as SUCCESS. dag_id=train_model_pipeline, task_id=build_matrix, execution_date=20250411T011037, start_date=20250411T011117, end_date=20250411T011121
[2025-04-11T01:11:21.071+0000] {local_task_job_runner.py:234} INFO - Task exited with return code 0
[2025-04-11T01:11:21.088+0000] {taskinstance.py:3280} INFO - 1 downstream tasks scheduled from follow-on schedule check
