[2025-04-08T00:16:37.830+0000] {taskinstance.py:1956} INFO - Dependencies all met for dep_context=non-requeueable deps ti=<TaskInstance: update_archetypes_daily.assign_archetypes_task manual__2025-04-08T00:16:36.685094+00:00 [queued]>
[2025-04-08T00:16:37.837+0000] {taskinstance.py:1956} INFO - Dependencies all met for dep_context=requeueable deps ti=<TaskInstance: update_archetypes_daily.assign_archetypes_task manual__2025-04-08T00:16:36.685094+00:00 [queued]>
[2025-04-08T00:16:37.837+0000] {taskinstance.py:2170} INFO - Starting attempt 1 of 2
[2025-04-08T00:16:37.848+0000] {taskinstance.py:2191} INFO - Executing <Task(PythonOperator): assign_archetypes_task> on 2025-04-08 00:16:36.685094+00:00
[2025-04-08T00:16:37.854+0000] {standard_task_runner.py:60} INFO - Started process 7840 to run task
[2025-04-08T00:16:37.857+0000] {standard_task_runner.py:87} INFO - Running: ['***', 'tasks', 'run', 'update_archetypes_daily', 'assign_archetypes_task', 'manual__2025-04-08T00:16:36.685094+00:00', '--job-id', '585', '--raw', '--subdir', 'DAGS_FOLDER/update_archetype_daily.py', '--cfg-path', '/tmp/tmps9vfxnk8']
[2025-04-08T00:16:37.860+0000] {standard_task_runner.py:88} INFO - Job 585: Subtask assign_archetypes_task
[2025-04-08T00:16:37.913+0000] {task_command.py:423} INFO - Running <TaskInstance: update_archetypes_daily.assign_archetypes_task manual__2025-04-08T00:16:36.685094+00:00 [running]> on host c6a1082d0e89
[2025-04-08T00:16:37.975+0000] {taskinstance.py:2480} INFO - Exporting env vars: AIRFLOW_CTX_DAG_OWNER='booknest' AIRFLOW_CTX_DAG_ID='update_archetypes_daily' AIRFLOW_CTX_TASK_ID='assign_archetypes_task' AIRFLOW_CTX_EXECUTION_DATE='2025-04-08T00:16:36.685094+00:00' AIRFLOW_CTX_TRY_NUMBER='1' AIRFLOW_CTX_DAG_RUN_ID='manual__2025-04-08T00:16:36.685094+00:00'
[2025-04-08T00:16:37.988+0000] {logging_mixin.py:188} INFO - [db_utils] DB 연결 성공
[2025-04-08T00:16:38.171+0000] {logging_mixin.py:188} INFO - 
 User ID: 1
[2025-04-08T00:16:38.172+0000] {logging_mixin.py:188} INFO -  Books in Nest: [(7110, '안녕하세요')]
[2025-04-08T00:16:38.172+0000] {logging_mixin.py:188} INFO -  Tags: ['내면 탐구', '우울한', '어두운', '불안감을 조성하는']
[2025-04-08T00:16:38.173+0000] {logging_mixin.py:188} INFO - 플라밍고
[2025-04-08T00:16:38.259+0000] {logging_mixin.py:188} INFO - 
 User ID: 6
[2025-04-08T00:16:38.260+0000] {logging_mixin.py:188} INFO -  Books in Nest: [(6286, '학교생활 3')]
[2025-04-08T00:16:38.260+0000] {logging_mixin.py:188} INFO -  Tags: ['긴장감 있는', '어두운', '스릴러']
[2025-04-08T00:16:38.260+0000] {logging_mixin.py:188} INFO - 까마귀
[2025-04-08T00:16:38.334+0000] {logging_mixin.py:188} INFO - 
 User ID: 7
[2025-04-08T00:16:38.335+0000] {logging_mixin.py:188} INFO -  Books in Nest: [(6260, '멋진 신세계'), (7990, '한국인이 가장 사랑하는 명시 100선')]
[2025-04-08T00:16:38.336+0000] {logging_mixin.py:188} INFO -  Tags: ['SF', '디스토피아', '철학적', '사회 비판적', '권력과 부패', '의식의 흐름', '긴장감 있는', '잔잔한']
[2025-04-08T00:16:38.336+0000] {logging_mixin.py:188} INFO - 독수리
[2025-04-08T00:16:38.382+0000] {logging_mixin.py:188} INFO -  모든 유저의 아키타입이 성공적으로 업데이트되었습니다.
[2025-04-08T00:16:38.393+0000] {python.py:201} INFO - Done. Returned value was: None
[2025-04-08T00:16:38.401+0000] {taskinstance.py:1138} INFO - Marking task as SUCCESS. dag_id=update_archetypes_daily, task_id=assign_archetypes_task, execution_date=20250408T001636, start_date=20250408T001637, end_date=20250408T001638
[2025-04-08T00:16:38.432+0000] {local_task_job_runner.py:234} INFO - Task exited with return code 0
[2025-04-08T00:16:38.447+0000] {taskinstance.py:3280} INFO - 0 downstream tasks scheduled from follow-on schedule check
