[2025-04-07T10:44:02.605+0000] {taskinstance.py:1956} INFO - Dependencies all met for dep_context=non-requeueable deps ti=<TaskInstance: train_model_pipeline.load_data manual__2025-04-07T10:44:00.839420+00:00 [queued]>
[2025-04-07T10:44:02.613+0000] {taskinstance.py:1956} INFO - Dependencies all met for dep_context=requeueable deps ti=<TaskInstance: train_model_pipeline.load_data manual__2025-04-07T10:44:00.839420+00:00 [queued]>
[2025-04-07T10:44:02.613+0000] {taskinstance.py:2170} INFO - Starting attempt 1 of 1
[2025-04-07T10:44:02.623+0000] {taskinstance.py:2191} INFO - Executing <Task(PythonOperator): load_data> on 2025-04-07 10:44:00.839420+00:00
[2025-04-07T10:44:02.630+0000] {standard_task_runner.py:60} INFO - Started process 3843 to run task
[2025-04-07T10:44:02.634+0000] {standard_task_runner.py:87} INFO - Running: ['***', 'tasks', 'run', 'train_model_pipeline', 'load_data', 'manual__2025-04-07T10:44:00.839420+00:00', '--job-id', '539', '--raw', '--subdir', 'DAGS_FOLDER/train_model_dag.py', '--cfg-path', '/tmp/tmpfjpwtee0']
[2025-04-07T10:44:02.635+0000] {standard_task_runner.py:88} INFO - Job 539: Subtask load_data
[2025-04-07T10:44:02.687+0000] {task_command.py:423} INFO - Running <TaskInstance: train_model_pipeline.load_data manual__2025-04-07T10:44:00.839420+00:00 [running]> on host c6a1082d0e89
[2025-04-07T10:44:02.752+0000] {taskinstance.py:2480} INFO - Exporting env vars: AIRFLOW_CTX_DAG_OWNER='***' AIRFLOW_CTX_DAG_ID='train_model_pipeline' AIRFLOW_CTX_TASK_ID='load_data' AIRFLOW_CTX_EXECUTION_DATE='2025-04-07T10:44:00.839420+00:00' AIRFLOW_CTX_TRY_NUMBER='1' AIRFLOW_CTX_DAG_RUN_ID='manual__2025-04-07T10:44:00.839420+00:00'
[2025-04-07T10:44:02.753+0000] {logging_mixin.py:188} INFO - [load_data] DB 연결 중...
[2025-04-07T10:44:02.762+0000] {logging_mixin.py:188} INFO - [db_utils] DB 연결 성공
[2025-04-07T10:44:03.008+0000] {logging_mixin.py:188} INFO - [s3_utils] S3 연결 성공
[2025-04-07T10:44:03.008+0000] {logging_mixin.py:188} INFO - [load_data] 저장 경로(data/raw) 확인 완료
[2025-04-07T10:44:03.009+0000] {logging_mixin.py:188} INFO - [load_data] 도서 정보 쿼리 실행 중...
[2025-04-07T10:44:03.010+0000] {logging_mixin.py:188} INFO - [db_utils] DB 연결 성공
[2025-04-07T10:44:03.721+0000] {logging_mixin.py:188} INFO - [load_data] 도서 정보 2000건 로드 완료
[2025-04-07T10:44:03.722+0000] {logging_mixin.py:188} INFO - [load_data] 유저 정보 쿼리 실행 중...
[2025-04-07T10:44:03.724+0000] {logging_mixin.py:188} INFO - [db_utils] DB 연결 성공
[2025-04-07T10:44:04.007+0000] {logging_mixin.py:188} INFO - [load_data] 유저 정보 7건 로드 완료
[2025-04-07T10:44:04.008+0000] {logging_mixin.py:188} INFO - [load_data] 로그 데이터 다운로드 중...
[2025-04-07T10:44:04.247+0000] {logging_mixin.py:188} INFO - [load_data] 로그 데이터 1000건 로드 완료
[2025-04-07T10:44:04.247+0000] {logging_mixin.py:188} INFO - [load_data] 파일 저장 중...
[2025-04-07T10:44:04.268+0000] {logging_mixin.py:188} INFO - [load_data] 저장 완료
[2025-04-07T10:44:04.271+0000] {python.py:201} INFO - Done. Returned value was: None
[2025-04-07T10:44:04.281+0000] {taskinstance.py:1138} INFO - Marking task as SUCCESS. dag_id=train_model_pipeline, task_id=load_data, execution_date=20250407T104400, start_date=20250407T104402, end_date=20250407T104404
[2025-04-07T10:44:04.338+0000] {local_task_job_runner.py:234} INFO - Task exited with return code 0
[2025-04-07T10:44:04.368+0000] {taskinstance.py:3280} INFO - 1 downstream tasks scheduled from follow-on schedule check
