[2025-04-07T05:01:36.077+0000] {taskinstance.py:1956} INFO - Dependencies all met for dep_context=non-requeueable deps ti=<TaskInstance: train_model_pipeline.build_matrix manual__2025-04-07T05:01:31.698505+00:00 [queued]>
[2025-04-07T05:01:36.084+0000] {taskinstance.py:1956} INFO - Dependencies all met for dep_context=requeueable deps ti=<TaskInstance: train_model_pipeline.build_matrix manual__2025-04-07T05:01:31.698505+00:00 [queued]>
[2025-04-07T05:01:36.084+0000] {taskinstance.py:2170} INFO - Starting attempt 1 of 1
[2025-04-07T05:01:36.095+0000] {taskinstance.py:2191} INFO - Executing <Task(PythonOperator): build_matrix> on 2025-04-07 05:01:31.698505+00:00
[2025-04-07T05:01:36.103+0000] {standard_task_runner.py:60} INFO - Started process 22377 to run task
[2025-04-07T05:01:36.105+0000] {standard_task_runner.py:87} INFO - Running: ['***', 'tasks', 'run', 'train_model_pipeline', 'build_matrix', 'manual__2025-04-07T05:01:31.698505+00:00', '--job-id', '480', '--raw', '--subdir', 'DAGS_FOLDER/train_model_dag.py', '--cfg-path', '/tmp/tmplrz9j99i']
[2025-04-07T05:01:36.107+0000] {standard_task_runner.py:88} INFO - Job 480: Subtask build_matrix
[2025-04-07T05:01:36.143+0000] {task_command.py:423} INFO - Running <TaskInstance: train_model_pipeline.build_matrix manual__2025-04-07T05:01:31.698505+00:00 [running]> on host 280c0a538679
[2025-04-07T05:01:36.203+0000] {taskinstance.py:2480} INFO - Exporting env vars: AIRFLOW_CTX_DAG_OWNER='***' AIRFLOW_CTX_DAG_ID='train_model_pipeline' AIRFLOW_CTX_TASK_ID='build_matrix' AIRFLOW_CTX_EXECUTION_DATE='2025-04-07T05:01:31.698505+00:00' AIRFLOW_CTX_TRY_NUMBER='1' AIRFLOW_CTX_DAG_RUN_ID='manual__2025-04-07T05:01:31.698505+00:00'
[2025-04-07T05:01:36.204+0000] {logging_mixin.py:188} INFO - [build_matrix] 데이터 로딩 중...
[2025-04-07T05:01:36.235+0000] {logging_mixin.py:188} INFO - [build_matrix] 피처 전처리 중...
[2025-04-07T05:01:36.250+0000] {logging_mixin.py:188} INFO - (736, 4)
[2025-04-07T05:01:36.251+0000] {logging_mixin.py:188} INFO - 10    9791164131877
2     9791190923330
3     9788941901112
1     9791136234391
4     9791164131877
Name: user_id, dtype: int64
[2025-04-07T05:01:36.252+0000] {logging_mixin.py:188} INFO - 10    2025-04-05T13:00:00Z
2     2025-04-05T13:01:00Z
3     2025-04-05T13:02:00Z
1     2025-04-05T13:03:00Z
4     2025-04-05T13:04:00Z
Name: book_id, dtype: object
[2025-04-07T05:01:36.253+0000] {logging_mixin.py:188} INFO - 10                 rating_star_2
2                  rating_star_3
3     click_search_result_detail
1     click_search_result_detail
4                     select_tag
Name: timestamp, dtype: object
[2025-04-07T05:01:36.254+0000] {logging_mixin.py:188} INFO - 10   NaN
2    NaN
3    NaN
1    NaN
4    NaN
Name: action_type, dtype: float64
[2025-04-07T05:01:36.254+0000] {logging_mixin.py:188} INFO - [build_matrix] 행렬 및 매핑 생성 중...
[2025-04-07T05:01:36.259+0000] {logging_mixin.py:188} INFO - [matrix_builder] 상호작용 수: 0
[2025-04-07T05:01:36.271+0000] {logging_mixin.py:188} INFO - [build_matrix] 저장 완료: data/processed/matrix.pkl
[2025-04-07T05:01:36.489+0000] {logging_mixin.py:188} INFO - [s3_utils] S3 연결 성공
[2025-04-07T05:01:36.691+0000] {logging_mixin.py:188} INFO - [s3_utils] S3 업로드 완료 → s3://saffybooknest/matrix/lightfm/matrix_lightfm_20250407.pkl
[2025-04-07T05:01:36.693+0000] {logging_mixin.py:188} INFO - [build_matrix] S3 업로드 완료
[2025-04-07T05:01:36.694+0000] {python.py:201} INFO - Done. Returned value was: None
[2025-04-07T05:01:36.701+0000] {taskinstance.py:1138} INFO - Marking task as SUCCESS. dag_id=train_model_pipeline, task_id=build_matrix, execution_date=20250407T050131, start_date=20250407T050136, end_date=20250407T050136
[2025-04-07T05:01:36.761+0000] {local_task_job_runner.py:234} INFO - Task exited with return code 0
[2025-04-07T05:01:36.777+0000] {taskinstance.py:3280} INFO - 1 downstream tasks scheduled from follow-on schedule check
