[2025-04-07T04:58:48.347+0000] {taskinstance.py:1956} INFO - Dependencies all met for dep_context=non-requeueable deps ti=<TaskInstance: train_model_pipeline.build_matrix manual__2025-04-07T04:58:43.209777+00:00 [queued]>
[2025-04-07T04:58:48.354+0000] {taskinstance.py:1956} INFO - Dependencies all met for dep_context=requeueable deps ti=<TaskInstance: train_model_pipeline.build_matrix manual__2025-04-07T04:58:43.209777+00:00 [queued]>
[2025-04-07T04:58:48.354+0000] {taskinstance.py:2170} INFO - Starting attempt 1 of 1
[2025-04-07T04:58:48.364+0000] {taskinstance.py:2191} INFO - Executing <Task(PythonOperator): build_matrix> on 2025-04-07 04:58:43.209777+00:00
[2025-04-07T04:58:48.371+0000] {standard_task_runner.py:60} INFO - Started process 22219 to run task
[2025-04-07T04:58:48.374+0000] {standard_task_runner.py:87} INFO - Running: ['***', 'tasks', 'run', 'train_model_pipeline', 'build_matrix', 'manual__2025-04-07T04:58:43.209777+00:00', '--job-id', '474', '--raw', '--subdir', 'DAGS_FOLDER/train_model_dag.py', '--cfg-path', '/tmp/tmppa8ukogc']
[2025-04-07T04:58:48.375+0000] {standard_task_runner.py:88} INFO - Job 474: Subtask build_matrix
[2025-04-07T04:58:48.411+0000] {task_command.py:423} INFO - Running <TaskInstance: train_model_pipeline.build_matrix manual__2025-04-07T04:58:43.209777+00:00 [running]> on host 280c0a538679
[2025-04-07T04:58:48.472+0000] {taskinstance.py:2480} INFO - Exporting env vars: AIRFLOW_CTX_DAG_OWNER='***' AIRFLOW_CTX_DAG_ID='train_model_pipeline' AIRFLOW_CTX_TASK_ID='build_matrix' AIRFLOW_CTX_EXECUTION_DATE='2025-04-07T04:58:43.209777+00:00' AIRFLOW_CTX_TRY_NUMBER='1' AIRFLOW_CTX_DAG_RUN_ID='manual__2025-04-07T04:58:43.209777+00:00'
[2025-04-07T04:58:48.474+0000] {logging_mixin.py:188} INFO - [build_matrix] 데이터 로딩 중...
[2025-04-07T04:58:48.507+0000] {logging_mixin.py:188} INFO - [build_matrix] 피처 전처리 중...
[2025-04-07T04:58:48.529+0000] {logging_mixin.py:188} INFO -           user_id  ... action_type
10  9791164131877  ...         NaN
2   9791190923330  ...         NaN
3   9788941901112  ...         NaN
1   9791136234391  ...         NaN
4   9791164131877  ...         NaN

[5 rows x 4 columns]
[2025-04-07T04:58:48.529+0000] {logging_mixin.py:188} INFO - [build_matrix] 행렬 및 매핑 생성 중...
[2025-04-07T04:58:48.534+0000] {logging_mixin.py:188} INFO - [matrix_builder] 상호작용 수: 0
[2025-04-07T04:58:48.546+0000] {logging_mixin.py:188} INFO - [build_matrix] 저장 완료: data/processed/matrix.pkl
[2025-04-07T04:58:48.755+0000] {logging_mixin.py:188} INFO - [s3_utils] S3 연결 성공
[2025-04-07T04:58:48.937+0000] {logging_mixin.py:188} INFO - [s3_utils] S3 업로드 완료 → s3://saffybooknest/matrix/lightfm/matrix_lightfm_20250407.pkl
[2025-04-07T04:58:48.939+0000] {logging_mixin.py:188} INFO - [build_matrix] S3 업로드 완료
[2025-04-07T04:58:48.939+0000] {python.py:201} INFO - Done. Returned value was: None
[2025-04-07T04:58:48.946+0000] {taskinstance.py:1138} INFO - Marking task as SUCCESS. dag_id=train_model_pipeline, task_id=build_matrix, execution_date=20250407T045843, start_date=20250407T045848, end_date=20250407T045848
[2025-04-07T04:58:48.989+0000] {local_task_job_runner.py:234} INFO - Task exited with return code 0
[2025-04-07T04:58:49.005+0000] {taskinstance.py:3280} INFO - 1 downstream tasks scheduled from follow-on schedule check
