[2025-04-07T12:36:15.392+0000] {taskinstance.py:1956} INFO - Dependencies all met for dep_context=non-requeueable deps ti=<TaskInstance: update_archetypes_daily.assign_archetypes_task manual__2025-04-07T12:36:14.155897+00:00 [queued]>
[2025-04-07T12:36:15.400+0000] {taskinstance.py:1956} INFO - Dependencies all met for dep_context=requeueable deps ti=<TaskInstance: update_archetypes_daily.assign_archetypes_task manual__2025-04-07T12:36:14.155897+00:00 [queued]>
[2025-04-07T12:36:15.401+0000] {taskinstance.py:2170} INFO - Starting attempt 1 of 2
[2025-04-07T12:36:15.413+0000] {taskinstance.py:2191} INFO - Executing <Task(PythonOperator): assign_archetypes_task> on 2025-04-07 12:36:14.155897+00:00
[2025-04-07T12:36:15.420+0000] {standard_task_runner.py:60} INFO - Started process 6221 to run task
[2025-04-07T12:36:15.423+0000] {standard_task_runner.py:87} INFO - Running: ['***', 'tasks', 'run', 'update_archetypes_daily', 'assign_archetypes_task', 'manual__2025-04-07T12:36:14.155897+00:00', '--job-id', '575', '--raw', '--subdir', 'DAGS_FOLDER/update_archetype_daily.py', '--cfg-path', '/tmp/tmpawuh0xcr']
[2025-04-07T12:36:15.427+0000] {standard_task_runner.py:88} INFO - Job 575: Subtask assign_archetypes_task
[2025-04-07T12:36:15.474+0000] {task_command.py:423} INFO - Running <TaskInstance: update_archetypes_daily.assign_archetypes_task manual__2025-04-07T12:36:14.155897+00:00 [running]> on host c6a1082d0e89
[2025-04-07T12:36:15.554+0000] {taskinstance.py:2480} INFO - Exporting env vars: AIRFLOW_CTX_DAG_OWNER='booknest' AIRFLOW_CTX_DAG_ID='update_archetypes_daily' AIRFLOW_CTX_TASK_ID='assign_archetypes_task' AIRFLOW_CTX_EXECUTION_DATE='2025-04-07T12:36:14.155897+00:00' AIRFLOW_CTX_TRY_NUMBER='1' AIRFLOW_CTX_DAG_RUN_ID='manual__2025-04-07T12:36:14.155897+00:00'
[2025-04-07T12:36:15.566+0000] {logging_mixin.py:188} INFO - [db_utils] DB 연결 성공
[2025-04-07T12:36:15.843+0000] {logging_mixin.py:188} INFO - 
📚 User ID: 1
[2025-04-07T12:36:15.844+0000] {logging_mixin.py:188} INFO - 📖 Books in Nest: [(7110, '안녕하세요')]
[2025-04-07T12:36:15.845+0000] {logging_mixin.py:188} INFO - 🏷 Tags: ['내면 탐구', '우울한', '어두운', '불안감을 조성하는']
[2025-04-07T12:36:15.846+0000] {logging_mixin.py:188} INFO - 플라밍고
[2025-04-07T12:36:15.959+0000] {logging_mixin.py:188} INFO - 
📚 User ID: 7
[2025-04-07T12:36:15.959+0000] {logging_mixin.py:188} INFO - 📖 Books in Nest: [(6260, '멋진 신세계')]
[2025-04-07T12:36:15.960+0000] {logging_mixin.py:188} INFO - 🏷 Tags: ['SF', '디스토피아', '철학적', '사회 비판적', '권력과 부패', '의식의 흐름', '긴장감 있는']
[2025-04-07T12:36:15.960+0000] {logging_mixin.py:188} INFO - 독수리
[2025-04-07T12:36:15.984+0000] {logging_mixin.py:188} INFO - ✅ 모든 유저의 아키타입이 성공적으로 업데이트되었습니다.
[2025-04-07T12:36:15.996+0000] {python.py:201} INFO - Done. Returned value was: None
[2025-04-07T12:36:16.006+0000] {taskinstance.py:1138} INFO - Marking task as SUCCESS. dag_id=update_archetypes_daily, task_id=assign_archetypes_task, execution_date=20250407T123614, start_date=20250407T123615, end_date=20250407T123616
[2025-04-07T12:36:16.039+0000] {local_task_job_runner.py:234} INFO - Task exited with return code 0
[2025-04-07T12:36:16.057+0000] {taskinstance.py:3280} INFO - 0 downstream tasks scheduled from follow-on schedule check
