[2025-04-11T01:47:20.499+0000] {taskinstance.py:1956} INFO - Dependencies all met for dep_context=non-requeueable deps ti=<TaskInstance: train_model_pipeline.load_data manual__2025-04-11T01:47:19.147404+00:00 [queued]>
[2025-04-11T01:47:20.505+0000] {taskinstance.py:1956} INFO - Dependencies all met for dep_context=requeueable deps ti=<TaskInstance: train_model_pipeline.load_data manual__2025-04-11T01:47:19.147404+00:00 [queued]>
[2025-04-11T01:47:20.506+0000] {taskinstance.py:2170} INFO - Starting attempt 1 of 1
[2025-04-11T01:47:20.517+0000] {taskinstance.py:2191} INFO - Executing <Task(PythonOperator): load_data> on 2025-04-11 01:47:19.147404+00:00
[2025-04-11T01:47:20.523+0000] {standard_task_runner.py:60} INFO - Started process 18233 to run task
[2025-04-11T01:47:20.526+0000] {standard_task_runner.py:87} INFO - Running: ['***', 'tasks', 'run', 'train_model_pipeline', 'load_data', 'manual__2025-04-11T01:47:19.147404+00:00', '--job-id', '731', '--raw', '--subdir', 'DAGS_FOLDER/train_model_dag.py', '--cfg-path', '/tmp/tmp4syvof3x']
[2025-04-11T01:47:20.528+0000] {standard_task_runner.py:88} INFO - Job 731: Subtask load_data
[2025-04-11T01:47:20.569+0000] {task_command.py:423} INFO - Running <TaskInstance: train_model_pipeline.load_data manual__2025-04-11T01:47:19.147404+00:00 [running]> on host 7ec5ad01cd28
[2025-04-11T01:47:20.637+0000] {taskinstance.py:2480} INFO - Exporting env vars: AIRFLOW_CTX_DAG_OWNER='booknest' AIRFLOW_CTX_DAG_ID='train_model_pipeline' AIRFLOW_CTX_TASK_ID='load_data' AIRFLOW_CTX_EXECUTION_DATE='2025-04-11T01:47:19.147404+00:00' AIRFLOW_CTX_TRY_NUMBER='1' AIRFLOW_CTX_DAG_RUN_ID='manual__2025-04-11T01:47:19.147404+00:00'
[2025-04-11T01:47:20.638+0000] {logging_mixin.py:188} INFO - [load_data] DB 연결 중...
[2025-04-11T01:47:20.649+0000] {logging_mixin.py:188} INFO - [db_utils] DB 연결 성공
[2025-04-11T01:47:20.650+0000] {logging_mixin.py:188} INFO - [load_data] 저장 경로(data/raw) 확인 완료
[2025-04-11T01:47:20.650+0000] {logging_mixin.py:188} INFO - [load_data] 도서 정보 로딩 중...
[2025-04-11T01:47:20.652+0000] {logging_mixin.py:188} INFO - [db_utils] DB 연결 성공
[2025-04-11T01:47:20.652+0000] {logging_mixin.py:188} INFO - [load_book_df] 도서 데이터 쿼리 실행 중...
[2025-04-11T01:47:55.512+0000] {logging_mixin.py:188} INFO - [load_book_df] 111923건 로드 완료
[2025-04-11T01:47:55.513+0000] {logging_mixin.py:188} INFO - [load_data] 도서 정보 111923건 로드 완료
[2025-04-11T01:47:55.513+0000] {logging_mixin.py:188} INFO - [load_data] 유저 정보 로딩 중...
[2025-04-11T01:47:55.514+0000] {logging_mixin.py:188} INFO - [db_utils] DB 연결 성공
[2025-04-11T01:47:55.514+0000] {logging_mixin.py:188} INFO - [load_user_df] 유저 데이터 쿼리 실행 중...
[2025-04-11T01:47:55.691+0000] {logging_mixin.py:188} INFO - [load_user_df] 35건 로드 완료
[2025-04-11T01:47:55.692+0000] {logging_mixin.py:188} INFO - [load_data] 유저 정보 35건 로드 완료
[2025-04-11T01:47:55.692+0000] {logging_mixin.py:188} INFO - [load_data] 로그 S3 다운로드 중 → logs/250411/logs_250411.csv
[2025-04-11T01:47:55.868+0000] {logging_mixin.py:188} INFO - [s3_utils] S3 연결 성공
[2025-04-11T01:47:56.126+0000] {logging_mixin.py:188} INFO - [s3_utils] 다운로드 완료: logs/250411/logs_250411.csv → data/raw/logs_250411.csv
[2025-04-11T01:47:56.134+0000] {logging_mixin.py:188} INFO - [s3_utils] CSV 로드 완료: 2000 rows from data/raw/logs_250411.csv
[2025-04-11T01:47:56.134+0000] {logging_mixin.py:188} INFO - [load_data] 파일 저장 중...
[2025-04-11T01:47:56.273+0000] {logging_mixin.py:188} INFO - [save_book_df] Saved to data/raw/book_df.parquet
[2025-04-11T01:47:56.275+0000] {logging_mixin.py:188} INFO - [save_user_df] Saved to data/raw/user_df.parquet
[2025-04-11T01:47:56.279+0000] {logging_mixin.py:188} INFO - [save_log_df] Saved to data/raw/log_df.parquet
[2025-04-11T01:47:56.280+0000] {logging_mixin.py:188} INFO - [load_data] 저장 완료
[2025-04-11T01:47:56.290+0000] {python.py:201} INFO - Done. Returned value was: None
[2025-04-11T01:47:56.299+0000] {taskinstance.py:1138} INFO - Marking task as SUCCESS. dag_id=train_model_pipeline, task_id=load_data, execution_date=20250411T014719, start_date=20250411T014720, end_date=20250411T014756
[2025-04-11T01:47:56.342+0000] {local_task_job_runner.py:234} INFO - Task exited with return code 0
[2025-04-11T01:47:56.363+0000] {taskinstance.py:3280} INFO - 1 downstream tasks scheduled from follow-on schedule check
