[2025-04-10T18:59:28.638+0000] {taskinstance.py:1956} INFO - Dependencies all met for dep_context=non-requeueable deps ti=<TaskInstance: train_model_pipeline.load_data manual__2025-04-10T18:59:26.452018+00:00 [queued]>
[2025-04-10T18:59:28.645+0000] {taskinstance.py:1956} INFO - Dependencies all met for dep_context=requeueable deps ti=<TaskInstance: train_model_pipeline.load_data manual__2025-04-10T18:59:26.452018+00:00 [queued]>
[2025-04-10T18:59:28.646+0000] {taskinstance.py:2170} INFO - Starting attempt 1 of 1
[2025-04-10T18:59:28.659+0000] {taskinstance.py:2191} INFO - Executing <Task(PythonOperator): load_data> on 2025-04-10 18:59:26.452018+00:00
[2025-04-10T18:59:28.667+0000] {standard_task_runner.py:60} INFO - Started process 13982 to run task
[2025-04-10T18:59:28.671+0000] {standard_task_runner.py:87} INFO - Running: ['***', 'tasks', 'run', 'train_model_pipeline', 'load_data', 'manual__2025-04-10T18:59:26.452018+00:00', '--job-id', '686', '--raw', '--subdir', 'DAGS_FOLDER/train_model_dag.py', '--cfg-path', '/tmp/tmpffpfm6vb']
[2025-04-10T18:59:28.672+0000] {standard_task_runner.py:88} INFO - Job 686: Subtask load_data
[2025-04-10T18:59:28.725+0000] {task_command.py:423} INFO - Running <TaskInstance: train_model_pipeline.load_data manual__2025-04-10T18:59:26.452018+00:00 [running]> on host 7ec5ad01cd28
[2025-04-10T18:59:28.803+0000] {taskinstance.py:2480} INFO - Exporting env vars: AIRFLOW_CTX_DAG_OWNER='booknest' AIRFLOW_CTX_DAG_ID='train_model_pipeline' AIRFLOW_CTX_TASK_ID='load_data' AIRFLOW_CTX_EXECUTION_DATE='2025-04-10T18:59:26.452018+00:00' AIRFLOW_CTX_TRY_NUMBER='1' AIRFLOW_CTX_DAG_RUN_ID='manual__2025-04-10T18:59:26.452018+00:00'
[2025-04-10T18:59:28.805+0000] {logging_mixin.py:188} INFO - [load_data] DB 연결 중...
[2025-04-10T18:59:28.815+0000] {logging_mixin.py:188} INFO - [db_utils] DB 연결 성공
[2025-04-10T18:59:28.816+0000] {logging_mixin.py:188} INFO - [load_data] 저장 경로(data/raw) 확인 완료
[2025-04-10T18:59:28.817+0000] {logging_mixin.py:188} INFO - [load_data] 도서 정보 로딩 중...
[2025-04-10T18:59:28.819+0000] {logging_mixin.py:188} INFO - [db_utils] DB 연결 성공
[2025-04-10T18:59:28.819+0000] {logging_mixin.py:188} INFO - [load_book_df] 도서 데이터 쿼리 실행 중...
[2025-04-10T19:00:00.669+0000] {logging_mixin.py:188} INFO - [load_book_df] 111923건 로드 완료
[2025-04-10T19:00:00.670+0000] {logging_mixin.py:188} INFO - [load_data] 도서 정보 111923건 로드 완료
[2025-04-10T19:00:00.670+0000] {logging_mixin.py:188} INFO - [load_data] 유저 정보 로딩 중...
[2025-04-10T19:00:00.671+0000] {logging_mixin.py:188} INFO - [db_utils] DB 연결 성공
[2025-04-10T19:00:00.671+0000] {logging_mixin.py:188} INFO - [load_user_df] 유저 데이터 쿼리 실행 중...
[2025-04-10T19:00:00.939+0000] {logging_mixin.py:188} INFO - [load_user_df] 11건 로드 완료
[2025-04-10T19:00:00.940+0000] {logging_mixin.py:188} INFO - [load_data] 유저 정보 11건 로드 완료
[2025-04-10T19:00:00.940+0000] {logging_mixin.py:188} INFO - [load_data] 로그 S3 다운로드 중 → logs/250409/logs_250409.csv
[2025-04-10T19:00:01.169+0000] {logging_mixin.py:188} INFO - [s3_utils] S3 연결 성공
[2025-04-10T19:00:01.353+0000] {logging_mixin.py:188} INFO - [s3_utils] 다운로드 완료: logs/250409/logs_250409.csv → data/raw/logs_250410.csv
[2025-04-10T19:00:01.363+0000] {logging_mixin.py:188} INFO - [s3_utils] CSV 로드 완료: 19 rows from data/raw/logs_250410.csv
[2025-04-10T19:00:01.363+0000] {logging_mixin.py:188} INFO - [load_data] 파일 저장 중...
[2025-04-10T19:00:01.519+0000] {logging_mixin.py:188} INFO - [save_book_df] Saved to data/raw/book_df.parquet
[2025-04-10T19:00:01.520+0000] {logging_mixin.py:188} INFO - [save_user_df] Saved to data/raw/user_df.parquet
[2025-04-10T19:00:01.522+0000] {logging_mixin.py:188} INFO - [save_log_df] Saved to data/raw/log_df.parquet
[2025-04-10T19:00:01.523+0000] {logging_mixin.py:188} INFO - [load_data] 저장 완료
[2025-04-10T19:00:01.533+0000] {python.py:201} INFO - Done. Returned value was: None
[2025-04-10T19:00:01.540+0000] {taskinstance.py:1138} INFO - Marking task as SUCCESS. dag_id=train_model_pipeline, task_id=load_data, execution_date=20250410T185926, start_date=20250410T185928, end_date=20250410T190001
[2025-04-10T19:00:01.569+0000] {local_task_job_runner.py:234} INFO - Task exited with return code 0
[2025-04-10T19:00:01.595+0000] {taskinstance.py:3280} INFO - 0 downstream tasks scheduled from follow-on schedule check
