[2025-04-03T04:24:57.912+0000] {taskinstance.py:1956} INFO - Dependencies all met for dep_context=non-requeueable deps ti=<TaskInstance: update_model_daily.update_model manual__2025-04-03T04:24:55.518200+00:00 [queued]>
[2025-04-03T04:24:57.918+0000] {taskinstance.py:1956} INFO - Dependencies all met for dep_context=requeueable deps ti=<TaskInstance: update_model_daily.update_model manual__2025-04-03T04:24:55.518200+00:00 [queued]>
[2025-04-03T04:24:57.919+0000] {taskinstance.py:2170} INFO - Starting attempt 1 of 1
[2025-04-03T04:24:57.931+0000] {taskinstance.py:2191} INFO - Executing <Task(PythonOperator): update_model> on 2025-04-03 04:24:55.518200+00:00
[2025-04-03T04:24:57.938+0000] {standard_task_runner.py:60} INFO - Started process 2566 to run task
[2025-04-03T04:24:57.940+0000] {standard_task_runner.py:87} INFO - Running: ['***', 'tasks', 'run', 'update_model_daily', 'update_model', 'manual__2025-04-03T04:24:55.518200+00:00', '--job-id', '221', '--raw', '--subdir', 'DAGS_FOLDER/update_model_dag.py', '--cfg-path', '/tmp/tmpfec8s159']
[2025-04-03T04:24:57.942+0000] {standard_task_runner.py:88} INFO - Job 221: Subtask update_model
[2025-04-03T04:24:57.983+0000] {task_command.py:423} INFO - Running <TaskInstance: update_model_daily.update_model manual__2025-04-03T04:24:55.518200+00:00 [running]> on host 81ce5c00f42d
[2025-04-03T04:24:58.053+0000] {taskinstance.py:2480} INFO - Exporting env vars: AIRFLOW_CTX_DAG_OWNER='***' AIRFLOW_CTX_DAG_ID='update_model_daily' AIRFLOW_CTX_TASK_ID='update_model' AIRFLOW_CTX_EXECUTION_DATE='2025-04-03T04:24:55.518200+00:00' AIRFLOW_CTX_TRY_NUMBER='1' AIRFLOW_CTX_DAG_RUN_ID='manual__2025-04-03T04:24:55.518200+00:00'
[2025-04-03T04:24:58.055+0000] {logging_mixin.py:188} INFO - [update_model] S3에서 전날 matrix.pkl 다운로드 중...
[2025-04-03T04:24:58.229+0000] {logging_mixin.py:188} INFO - [s3_utils] 다운로드 완료: matrix/lightfm/matrix_lightfm_20250403.pkl → data/processed/matrix_daily.pkl
[2025-04-03T04:24:58.230+0000] {logging_mixin.py:188} INFO - [update_model] 기존 데이터 로딩 완료
[2025-04-03T04:24:58.230+0000] {logging_mixin.py:188} INFO - [update_model] 일간 로그 불러오기
[2025-04-03T04:24:58.236+0000] {logging_mixin.py:188} INFO - [update_model] 로그 1건 반영 중...
[2025-04-03T04:24:58.237+0000] {logging_mixin.py:188} INFO - [update_model] 모델 업데이트 학습 중...
[2025-04-03T04:24:58.238+0000] {logging_mixin.py:188} INFO - [model_utils] 모델 학습 실패: Sample_weight must be a COO matrix.
[2025-04-03T04:24:58.239+0000] {logging_mixin.py:188} INFO - [model_utils] 평가 실패: 'NoneType' object has no attribute 'predict_rank'
[2025-04-03T04:24:58.239+0000] {logging_mixin.py:188} INFO - [model_utils] 모델 저장 완료: model/lightfm_model_updated.pkl
[2025-04-03T04:24:58.340+0000] {logging_mixin.py:188} INFO - [s3_utils] S3 업로드 완료 → s3://saffybooknest/model/lightfm/model_lightfm_20250403_updated.pkl
[2025-04-03T04:24:58.341+0000] {logging_mixin.py:188} INFO - [update_model] 업데이트 모델 S3 저장 완료
[2025-04-03T04:24:58.342+0000] {python.py:201} INFO - Done. Returned value was: None
[2025-04-03T04:24:58.349+0000] {taskinstance.py:1138} INFO - Marking task as SUCCESS. dag_id=update_model_daily, task_id=update_model, execution_date=20250403T042455, start_date=20250403T042457, end_date=20250403T042458
[2025-04-03T04:24:58.395+0000] {local_task_job_runner.py:234} INFO - Task exited with return code 0
[2025-04-03T04:24:58.409+0000] {taskinstance.py:3280} INFO - 0 downstream tasks scheduled from follow-on schedule check
