[2025-04-11T00:31:13.032+0000] {taskinstance.py:1956} INFO - Dependencies all met for dep_context=non-requeueable deps ti=<TaskInstance: train_model_pipeline.build_matrix manual__2025-04-11T00:30:31.298642+00:00 [queued]>
[2025-04-11T00:31:13.041+0000] {taskinstance.py:1956} INFO - Dependencies all met for dep_context=requeueable deps ti=<TaskInstance: train_model_pipeline.build_matrix manual__2025-04-11T00:30:31.298642+00:00 [queued]>
[2025-04-11T00:31:13.042+0000] {taskinstance.py:2170} INFO - Starting attempt 1 of 1
[2025-04-11T00:31:13.061+0000] {taskinstance.py:2191} INFO - Executing <Task(PythonOperator): build_matrix> on 2025-04-11 00:30:31.298642+00:00
[2025-04-11T00:31:13.072+0000] {standard_task_runner.py:60} INFO - Started process 16728 to run task
[2025-04-11T00:31:13.077+0000] {standard_task_runner.py:87} INFO - Running: ['***', 'tasks', 'run', 'train_model_pipeline', 'build_matrix', 'manual__2025-04-11T00:30:31.298642+00:00', '--job-id', '710', '--raw', '--subdir', 'DAGS_FOLDER/train_model_dag.py', '--cfg-path', '/tmp/tmpdlp5rs3p']
[2025-04-11T00:31:13.079+0000] {standard_task_runner.py:88} INFO - Job 710: Subtask build_matrix
[2025-04-11T00:31:13.132+0000] {task_command.py:423} INFO - Running <TaskInstance: train_model_pipeline.build_matrix manual__2025-04-11T00:30:31.298642+00:00 [running]> on host 7ec5ad01cd28
[2025-04-11T00:31:13.242+0000] {taskinstance.py:2480} INFO - Exporting env vars: AIRFLOW_CTX_DAG_OWNER='booknest' AIRFLOW_CTX_DAG_ID='train_model_pipeline' AIRFLOW_CTX_TASK_ID='build_matrix' AIRFLOW_CTX_EXECUTION_DATE='2025-04-11T00:30:31.298642+00:00' AIRFLOW_CTX_TRY_NUMBER='1' AIRFLOW_CTX_DAG_RUN_ID='manual__2025-04-11T00:30:31.298642+00:00'
[2025-04-11T00:31:13.244+0000] {logging_mixin.py:188} INFO - [build_matrix] 데이터 로딩 중...
[2025-04-11T00:31:13.382+0000] {logging_mixin.py:188} INFO - [build_matrix] 피처 전처리 중...
[2025-04-11T00:31:17.347+0000] {logging_mixin.py:188} INFO - [build_matrix] 행렬 생성 중...
[2025-04-11T00:31:17.369+0000] {logging_mixin.py:188} INFO - [matrix_builder] 유효한 상호작용 수: 1812
[2025-04-11T00:31:17.619+0000] {logging_mixin.py:188} INFO - [matrix_builder] 사용자 수: 24
[2025-04-11T00:31:17.620+0000] {logging_mixin.py:188} INFO - [matrix_builder] 학습에 사용된 책 수: 1812
[2025-04-11T00:31:17.622+0000] {logging_mixin.py:188} INFO - [build_matrix] 매핑된 상호작용 수: 1812
[2025-04-11T00:31:17.670+0000] {logging_mixin.py:188} INFO - [build_matrix] 저장 완료: data/processed/matrix.pkl
[2025-04-11T00:31:18.025+0000] {logging_mixin.py:188} INFO - [s3_utils] S3 연결 성공
[2025-04-11T00:31:18.389+0000] {logging_mixin.py:188} INFO - [s3_utils] S3 업로드 완료 → s3://saffybooknest/matrix/lightfm/matrix_lightfm_20250411.pkl
[2025-04-11T00:31:18.393+0000] {logging_mixin.py:188} INFO - [build_matrix] S3 업로드 완료
[2025-04-11T00:31:18.453+0000] {python.py:201} INFO - Done. Returned value was: None
[2025-04-11T00:31:18.466+0000] {taskinstance.py:1138} INFO - Marking task as SUCCESS. dag_id=train_model_pipeline, task_id=build_matrix, execution_date=20250411T003031, start_date=20250411T003113, end_date=20250411T003118
[2025-04-11T00:31:18.536+0000] {local_task_job_runner.py:234} INFO - Task exited with return code 0
[2025-04-11T00:31:18.561+0000] {taskinstance.py:3280} INFO - 0 downstream tasks scheduled from follow-on schedule check
