[2025-04-08T00:07:41.720+0000] {taskinstance.py:1956} INFO - Dependencies all met for dep_context=non-requeueable deps ti=<TaskInstance: train_model_pipeline.load_data manual__2025-04-08T00:07:39.911418+00:00 [queued]>
[2025-04-08T00:07:41.727+0000] {taskinstance.py:1956} INFO - Dependencies all met for dep_context=requeueable deps ti=<TaskInstance: train_model_pipeline.load_data manual__2025-04-08T00:07:39.911418+00:00 [queued]>
[2025-04-08T00:07:41.727+0000] {taskinstance.py:2170} INFO - Starting attempt 1 of 1
[2025-04-08T00:07:41.737+0000] {taskinstance.py:2191} INFO - Executing <Task(PythonOperator): load_data> on 2025-04-08 00:07:39.911418+00:00
[2025-04-08T00:07:41.744+0000] {standard_task_runner.py:60} INFO - Started process 7646 to run task
[2025-04-08T00:07:41.746+0000] {standard_task_runner.py:87} INFO - Running: ['***', 'tasks', 'run', 'train_model_pipeline', 'load_data', 'manual__2025-04-08T00:07:39.911418+00:00', '--job-id', '581', '--raw', '--subdir', 'DAGS_FOLDER/train_model_dag.py', '--cfg-path', '/tmp/tmp3fto5s4k']
[2025-04-08T00:07:41.747+0000] {standard_task_runner.py:88} INFO - Job 581: Subtask load_data
[2025-04-08T00:07:41.783+0000] {task_command.py:423} INFO - Running <TaskInstance: train_model_pipeline.load_data manual__2025-04-08T00:07:39.911418+00:00 [running]> on host c6a1082d0e89
[2025-04-08T00:07:41.842+0000] {taskinstance.py:2480} INFO - Exporting env vars: AIRFLOW_CTX_DAG_OWNER='***' AIRFLOW_CTX_DAG_ID='train_model_pipeline' AIRFLOW_CTX_TASK_ID='load_data' AIRFLOW_CTX_EXECUTION_DATE='2025-04-08T00:07:39.911418+00:00' AIRFLOW_CTX_TRY_NUMBER='1' AIRFLOW_CTX_DAG_RUN_ID='manual__2025-04-08T00:07:39.911418+00:00'
[2025-04-08T00:07:41.843+0000] {logging_mixin.py:188} INFO - [load_data] DB 연결 중...
[2025-04-08T00:07:41.851+0000] {logging_mixin.py:188} INFO - [db_utils] DB 연결 성공
[2025-04-08T00:07:42.062+0000] {logging_mixin.py:188} INFO - [s3_utils] S3 연결 성공
[2025-04-08T00:07:42.063+0000] {logging_mixin.py:188} INFO - [load_data] 저장 경로(data/raw) 확인 완료
[2025-04-08T00:07:42.064+0000] {logging_mixin.py:188} INFO - [load_data] 도서 정보 쿼리 실행 중...
[2025-04-08T00:07:42.065+0000] {logging_mixin.py:188} INFO - [db_utils] DB 연결 성공
[2025-04-08T00:07:42.606+0000] {logging_mixin.py:188} INFO - [load_data] 도서 정보 3000건 로드 완료
[2025-04-08T00:07:42.607+0000] {logging_mixin.py:188} INFO - [load_data] 유저 정보 쿼리 실행 중...
[2025-04-08T00:07:42.608+0000] {logging_mixin.py:188} INFO - [db_utils] DB 연결 성공
[2025-04-08T00:07:42.824+0000] {logging_mixin.py:188} INFO - [load_data] 유저 정보 8건 로드 완료
[2025-04-08T00:07:42.825+0000] {logging_mixin.py:188} INFO - [load_data] 로그 데이터 다운로드 중...
[2025-04-08T00:07:42.968+0000] {logging_mixin.py:188} INFO - [load_data] 오류 발생: An error occurred (404) when calling the HeadObject operation: Not Found
[2025-04-08T00:07:43.004+0000] {local_task_job_runner.py:234} INFO - Task exited with return code 1
[2025-04-08T00:07:43.020+0000] {taskinstance.py:3280} INFO - 0 downstream tasks scheduled from follow-on schedule check
