[2025-04-04T05:39:37.698+0000] {taskinstance.py:1956} INFO - Dependencies all met for dep_context=non-requeueable deps ti=<TaskInstance: train_model_pipeline.load_data manual__2025-04-04T05:39:35.609770+00:00 [queued]>
[2025-04-04T05:39:37.705+0000] {taskinstance.py:1956} INFO - Dependencies all met for dep_context=requeueable deps ti=<TaskInstance: train_model_pipeline.load_data manual__2025-04-04T05:39:35.609770+00:00 [queued]>
[2025-04-04T05:39:37.705+0000] {taskinstance.py:2170} INFO - Starting attempt 1 of 1
[2025-04-04T05:39:37.716+0000] {taskinstance.py:2191} INFO - Executing <Task(PythonOperator): load_data> on 2025-04-04 05:39:35.609770+00:00
[2025-04-04T05:39:37.724+0000] {standard_task_runner.py:60} INFO - Started process 5624 to run task
[2025-04-04T05:39:37.726+0000] {standard_task_runner.py:87} INFO - Running: ['***', 'tasks', 'run', 'train_model_pipeline', 'load_data', 'manual__2025-04-04T05:39:35.609770+00:00', '--job-id', '398', '--raw', '--subdir', 'DAGS_FOLDER/train_model_dag.py', '--cfg-path', '/tmp/tmpv0xaca3m']
[2025-04-04T05:39:37.727+0000] {standard_task_runner.py:88} INFO - Job 398: Subtask load_data
[2025-04-04T05:39:37.763+0000] {task_command.py:423} INFO - Running <TaskInstance: train_model_pipeline.load_data manual__2025-04-04T05:39:35.609770+00:00 [running]> on host 280c0a538679
[2025-04-04T05:39:37.824+0000] {taskinstance.py:2480} INFO - Exporting env vars: AIRFLOW_CTX_DAG_OWNER='***' AIRFLOW_CTX_DAG_ID='train_model_pipeline' AIRFLOW_CTX_TASK_ID='load_data' AIRFLOW_CTX_EXECUTION_DATE='2025-04-04T05:39:35.609770+00:00' AIRFLOW_CTX_TRY_NUMBER='1' AIRFLOW_CTX_DAG_RUN_ID='manual__2025-04-04T05:39:35.609770+00:00'
[2025-04-04T05:39:37.826+0000] {logging_mixin.py:188} INFO - [load_data] DB 연결 중...
[2025-04-04T05:39:37.833+0000] {logging_mixin.py:188} INFO - [db_utils] DB 연결 성공
[2025-04-04T05:39:37.834+0000] {logging_mixin.py:188} INFO - [load_data] 저장 경로(data/raw) 확인 완료
[2025-04-04T05:39:37.835+0000] {logging_mixin.py:188} INFO - [load_data] 도서 정보 쿼리 실행 중...
[2025-04-04T05:39:38.117+0000] {logging_mixin.py:188} INFO - [load_data] 도서 정보 1016건 로드 완료
[2025-04-04T05:39:38.117+0000] {logging_mixin.py:188} INFO - [load_data] 더미 로그 생성 중...
[2025-04-04T05:39:38.119+0000] {logging_mixin.py:188} INFO - [load_data] 파일 저장 중...
[2025-04-04T05:39:38.137+0000] {logging_mixin.py:188} INFO - [load_data] 저장 완료
[2025-04-04T05:39:38.138+0000] {python.py:201} INFO - Done. Returned value was: None
[2025-04-04T05:39:38.146+0000] {taskinstance.py:1138} INFO - Marking task as SUCCESS. dag_id=train_model_pipeline, task_id=load_data, execution_date=20250404T053935, start_date=20250404T053937, end_date=20250404T053938
[2025-04-04T05:39:38.181+0000] {local_task_job_runner.py:234} INFO - Task exited with return code 0
[2025-04-04T05:39:38.199+0000] {taskinstance.py:3280} INFO - 1 downstream tasks scheduled from follow-on schedule check
