[2025-04-03T00:30:46.977+0000] {taskinstance.py:1956} INFO - Dependencies all met for dep_context=non-requeueable deps ti=<TaskInstance: pipeline_1_dag.load_data manual__2025-04-03T00:30:44.819384+00:00 [queued]>
[2025-04-03T00:30:46.983+0000] {taskinstance.py:1956} INFO - Dependencies all met for dep_context=requeueable deps ti=<TaskInstance: pipeline_1_dag.load_data manual__2025-04-03T00:30:44.819384+00:00 [queued]>
[2025-04-03T00:30:46.984+0000] {taskinstance.py:2170} INFO - Starting attempt 1 of 1
[2025-04-03T00:30:46.994+0000] {taskinstance.py:2191} INFO - Executing <Task(PythonOperator): load_data> on 2025-04-03 00:30:44.819384+00:00
[2025-04-03T00:30:47.000+0000] {standard_task_runner.py:60} INFO - Started process 1505 to run task
[2025-04-03T00:30:47.002+0000] {standard_task_runner.py:87} INFO - Running: ['***', 'tasks', 'run', 'pipeline_1_dag', 'load_data', 'manual__2025-04-03T00:30:44.819384+00:00', '--job-id', '69', '--raw', '--subdir', 'DAGS_FOLDER/pipeline_1_dag.py', '--cfg-path', '/tmp/tmpg9kvanqj']
[2025-04-03T00:30:47.004+0000] {standard_task_runner.py:88} INFO - Job 69: Subtask load_data
[2025-04-03T00:30:47.044+0000] {task_command.py:423} INFO - Running <TaskInstance: pipeline_1_dag.load_data manual__2025-04-03T00:30:44.819384+00:00 [running]> on host ccc140473116
[2025-04-03T00:30:47.103+0000] {taskinstance.py:2480} INFO - Exporting env vars: AIRFLOW_CTX_DAG_OWNER='***' AIRFLOW_CTX_DAG_ID='pipeline_1_dag' AIRFLOW_CTX_TASK_ID='load_data' AIRFLOW_CTX_EXECUTION_DATE='2025-04-03T00:30:44.819384+00:00' AIRFLOW_CTX_TRY_NUMBER='1' AIRFLOW_CTX_DAG_RUN_ID='manual__2025-04-03T00:30:44.819384+00:00'
[2025-04-03T00:30:47.105+0000] {logging_mixin.py:188} INFO - [1] DB 연결 중...
[2025-04-03T00:30:47.114+0000] {logging_mixin.py:188} INFO - [2] 저장 경로(data/raw) 확인 완료
[2025-04-03T00:30:47.115+0000] {logging_mixin.py:188} INFO - [3] 도서 정보 쿼리 실행 중...
[2025-04-03T00:30:47.305+0000] {logging_mixin.py:188} INFO - [4] 도서 정보 16건 로드 완료
[2025-04-03T00:30:47.306+0000] {logging_mixin.py:188} INFO - [5] 더미 로그 생성 중...
[2025-04-03T00:30:47.307+0000] {logging_mixin.py:188} INFO - [6] 파일 저장 중...
[2025-04-03T00:30:47.323+0000] {logging_mixin.py:188} INFO - [7] 저장 완료: data/raw/book_df.parquet, log_df.pkl
[2025-04-03T00:30:47.324+0000] {python.py:201} INFO - Done. Returned value was: None
[2025-04-03T00:30:47.331+0000] {taskinstance.py:1138} INFO - Marking task as SUCCESS. dag_id=pipeline_1_dag, task_id=load_data, execution_date=20250403T003044, start_date=20250403T003046, end_date=20250403T003047
[2025-04-03T00:30:47.376+0000] {local_task_job_runner.py:234} INFO - Task exited with return code 0
[2025-04-03T00:30:47.396+0000] {taskinstance.py:3280} INFO - 1 downstream tasks scheduled from follow-on schedule check
