[2025-04-07T07:47:00.618+0000] {taskinstance.py:1956} INFO - Dependencies all met for dep_context=non-requeueable deps ti=<TaskInstance: train_model_pipeline.load_data manual__2025-04-07T07:46:58.648975+00:00 [queued]>
[2025-04-07T07:47:00.624+0000] {taskinstance.py:1956} INFO - Dependencies all met for dep_context=requeueable deps ti=<TaskInstance: train_model_pipeline.load_data manual__2025-04-07T07:46:58.648975+00:00 [queued]>
[2025-04-07T07:47:00.625+0000] {taskinstance.py:2170} INFO - Starting attempt 1 of 1
[2025-04-07T07:47:00.637+0000] {taskinstance.py:2191} INFO - Executing <Task(PythonOperator): load_data> on 2025-04-07 07:46:58.648975+00:00
[2025-04-07T07:47:00.644+0000] {standard_task_runner.py:60} INFO - Started process 1951 to run task
[2025-04-07T07:47:00.646+0000] {standard_task_runner.py:87} INFO - Running: ['***', 'tasks', 'run', 'train_model_pipeline', 'load_data', 'manual__2025-04-07T07:46:58.648975+00:00', '--job-id', '517', '--raw', '--subdir', 'DAGS_FOLDER/train_model_dag.py', '--cfg-path', '/tmp/tmpjlsx9ksg']
[2025-04-07T07:47:00.648+0000] {standard_task_runner.py:88} INFO - Job 517: Subtask load_data
[2025-04-07T07:47:00.693+0000] {task_command.py:423} INFO - Running <TaskInstance: train_model_pipeline.load_data manual__2025-04-07T07:46:58.648975+00:00 [running]> on host c6a1082d0e89
[2025-04-07T07:47:00.753+0000] {taskinstance.py:2480} INFO - Exporting env vars: AIRFLOW_CTX_DAG_OWNER='***' AIRFLOW_CTX_DAG_ID='train_model_pipeline' AIRFLOW_CTX_TASK_ID='load_data' AIRFLOW_CTX_EXECUTION_DATE='2025-04-07T07:46:58.648975+00:00' AIRFLOW_CTX_TRY_NUMBER='1' AIRFLOW_CTX_DAG_RUN_ID='manual__2025-04-07T07:46:58.648975+00:00'
[2025-04-07T07:47:00.755+0000] {logging_mixin.py:188} INFO - [load_data] DB 연결 중...
[2025-04-07T07:47:00.764+0000] {logging_mixin.py:188} INFO - [db_utils] DB 연결 성공
[2025-04-07T07:47:00.993+0000] {logging_mixin.py:188} INFO - [s3_utils] S3 연결 성공
[2025-04-07T07:47:00.994+0000] {logging_mixin.py:188} INFO - [load_data] 저장 경로(data/raw) 확인 완료
[2025-04-07T07:47:00.995+0000] {logging_mixin.py:188} INFO - [load_data] 도서 정보 쿼리 실행 중...
[2025-04-07T07:47:00.997+0000] {logging_mixin.py:188} INFO - [db_utils] DB 연결 성공
[2025-04-07T07:47:01.281+0000] {logging_mixin.py:188} INFO - [load_data] 도서 정보 1000건 로드 완료
[2025-04-07T07:47:01.282+0000] {logging_mixin.py:188} INFO - [load_data] 유저 정보 쿼리 실행 중...
[2025-04-07T07:47:01.283+0000] {logging_mixin.py:188} INFO - [db_utils] DB 연결 성공
[2025-04-07T07:47:01.482+0000] {logging_mixin.py:188} INFO - [load_data] 유저 정보 12건 로드 완료
[2025-04-07T07:47:01.483+0000] {logging_mixin.py:188} INFO - [load_data] 로그 데이터 다운로드 중...
[2025-04-07T07:47:01.661+0000] {logging_mixin.py:188} INFO - [load_data] 로그 데이터 1000건 로드 완료
[2025-04-07T07:47:01.662+0000] {logging_mixin.py:188} INFO - [load_data] 파일 저장 중...
[2025-04-07T07:47:01.675+0000] {logging_mixin.py:188} INFO - [load_data] 저장 완료
[2025-04-07T07:47:01.677+0000] {python.py:201} INFO - Done. Returned value was: None
[2025-04-07T07:47:01.684+0000] {taskinstance.py:1138} INFO - Marking task as SUCCESS. dag_id=train_model_pipeline, task_id=load_data, execution_date=20250407T074658, start_date=20250407T074700, end_date=20250407T074701
[2025-04-07T07:47:01.705+0000] {local_task_job_runner.py:234} INFO - Task exited with return code 0
[2025-04-07T07:47:01.723+0000] {taskinstance.py:3280} INFO - 1 downstream tasks scheduled from follow-on schedule check
