[2025-04-10T00:53:37.640+0000] {taskinstance.py:1956} INFO - Dependencies all met for dep_context=non-requeueable deps ti=<TaskInstance: train_model_pipeline.load_data manual__2025-04-10T00:48:54.937430+00:00 [queued]>
[2025-04-10T00:53:37.648+0000] {taskinstance.py:1956} INFO - Dependencies all met for dep_context=requeueable deps ti=<TaskInstance: train_model_pipeline.load_data manual__2025-04-10T00:48:54.937430+00:00 [queued]>
[2025-04-10T00:53:37.649+0000] {taskinstance.py:2170} INFO - Starting attempt 2 of 1
[2025-04-10T00:53:37.668+0000] {taskinstance.py:2191} INFO - Executing <Task(PythonOperator): load_data> on 2025-04-10 00:48:54.937430+00:00
[2025-04-10T00:53:37.677+0000] {standard_task_runner.py:60} INFO - Started process 101 to run task
[2025-04-10T00:53:37.681+0000] {standard_task_runner.py:87} INFO - Running: ['***', 'tasks', 'run', 'train_model_pipeline', 'load_data', 'manual__2025-04-10T00:48:54.937430+00:00', '--job-id', '672', '--raw', '--subdir', 'DAGS_FOLDER/train_model_dag.py', '--cfg-path', '/tmp/tmpvoxs37ws']
[2025-04-10T00:53:37.683+0000] {standard_task_runner.py:88} INFO - Job 672: Subtask load_data
[2025-04-10T00:53:37.741+0000] {task_command.py:423} INFO - Running <TaskInstance: train_model_pipeline.load_data manual__2025-04-10T00:48:54.937430+00:00 [running]> on host 7ec5ad01cd28
[2025-04-10T00:53:37.825+0000] {taskinstance.py:2480} INFO - Exporting env vars: AIRFLOW_CTX_DAG_OWNER='booknest' AIRFLOW_CTX_DAG_ID='train_model_pipeline' AIRFLOW_CTX_TASK_ID='load_data' AIRFLOW_CTX_EXECUTION_DATE='2025-04-10T00:48:54.937430+00:00' AIRFLOW_CTX_TRY_NUMBER='2' AIRFLOW_CTX_DAG_RUN_ID='manual__2025-04-10T00:48:54.937430+00:00'
[2025-04-10T00:53:37.827+0000] {logging_mixin.py:188} INFO - [load_data] DB 연결 중...
[2025-04-10T00:53:37.840+0000] {logging_mixin.py:188} INFO - [db_utils] DB 연결 성공
[2025-04-10T00:53:37.840+0000] {logging_mixin.py:188} INFO - [load_data] 저장 경로(data/raw) 확인 완료
[2025-04-10T00:53:37.841+0000] {logging_mixin.py:188} INFO - [load_data] 도서 정보 로딩 중...
[2025-04-10T00:53:37.843+0000] {logging_mixin.py:188} INFO - [db_utils] DB 연결 성공
[2025-04-10T00:53:37.844+0000] {logging_mixin.py:188} INFO - [load_book_df] 도서 데이터 쿼리 실행 중...
[2025-04-10T00:54:29.336+0000] {logging_mixin.py:188} INFO - [load_book_df] 54687건 로드 완료
[2025-04-10T00:54:29.337+0000] {logging_mixin.py:188} INFO - [load_data] 도서 정보 54687건 로드 완료
[2025-04-10T00:54:29.337+0000] {logging_mixin.py:188} INFO - [load_data] 유저 정보 로딩 중...
[2025-04-10T00:54:29.338+0000] {logging_mixin.py:188} INFO - [db_utils] DB 연결 성공
[2025-04-10T00:54:29.338+0000] {logging_mixin.py:188} INFO - [load_user_df] 유저 데이터 쿼리 실행 중...
[2025-04-10T00:54:29.559+0000] {logging_mixin.py:188} INFO - [load_user_df] 19건 로드 완료
[2025-04-10T00:54:29.559+0000] {logging_mixin.py:188} INFO - [load_data] 유저 정보 19건 로드 완료
[2025-04-10T00:54:29.560+0000] {logging_mixin.py:188} INFO - [load_data] 로그 S3 다운로드 중 → logs/250410/logs_250410.csv
[2025-04-10T00:54:29.674+0000] {logging_mixin.py:188} INFO - [s3_utils] S3 연결 성공
[2025-04-10T00:54:29.872+0000] {logging_mixin.py:188} INFO - [s3_utils] CSV 다운로드 실패: An error occurred (404) when calling the HeadObject operation: Not Found
[2025-04-10T00:54:29.872+0000] {logging_mixin.py:188} INFO - [s3_utils] CSV 로드 실패: An error occurred (404) when calling the HeadObject operation: Not Found
[2025-04-10T00:54:29.873+0000] {logging_mixin.py:188} INFO - [load_data] 오류 발생: An error occurred (404) when calling the HeadObject operation: Not Found
[2025-04-10T00:54:29.910+0000] {local_task_job_runner.py:234} INFO - Task exited with return code 1
[2025-04-10T00:54:29.922+0000] {taskinstance.py:3280} INFO - 0 downstream tasks scheduled from follow-on schedule check
