[2025-04-10T00:51:48.044+0000] {taskinstance.py:1956} INFO - Dependencies all met for dep_context=non-requeueable deps ti=<TaskInstance: train_model_pipeline.load_data manual__2025-04-10T00:48:54.937430+00:00 [queued]>
[2025-04-10T00:51:48.055+0000] {taskinstance.py:1956} INFO - Dependencies all met for dep_context=requeueable deps ti=<TaskInstance: train_model_pipeline.load_data manual__2025-04-10T00:48:54.937430+00:00 [queued]>
[2025-04-10T00:51:48.055+0000] {taskinstance.py:2170} INFO - Starting attempt 1 of 1
[2025-04-10T00:51:48.087+0000] {taskinstance.py:2191} INFO - Executing <Task(PythonOperator): load_data> on 2025-04-10 00:48:54.937430+00:00
[2025-04-10T00:51:48.095+0000] {standard_task_runner.py:60} INFO - Started process 110 to run task
[2025-04-10T00:51:48.098+0000] {standard_task_runner.py:87} INFO - Running: ['***', 'tasks', 'run', 'train_model_pipeline', 'load_data', 'manual__2025-04-10T00:48:54.937430+00:00', '--job-id', '669', '--raw', '--subdir', 'DAGS_FOLDER/train_model_dag.py', '--cfg-path', '/tmp/tmpsaqcr1ry']
[2025-04-10T00:51:48.100+0000] {standard_task_runner.py:88} INFO - Job 669: Subtask load_data
[2025-04-10T00:51:48.148+0000] {task_command.py:423} INFO - Running <TaskInstance: train_model_pipeline.load_data manual__2025-04-10T00:48:54.937430+00:00 [running]> on host c6a1082d0e89
[2025-04-10T00:51:48.258+0000] {taskinstance.py:2480} INFO - Exporting env vars: AIRFLOW_CTX_DAG_OWNER='booknest' AIRFLOW_CTX_DAG_ID='train_model_pipeline' AIRFLOW_CTX_TASK_ID='load_data' AIRFLOW_CTX_EXECUTION_DATE='2025-04-10T00:48:54.937430+00:00' AIRFLOW_CTX_TRY_NUMBER='2' AIRFLOW_CTX_DAG_RUN_ID='manual__2025-04-10T00:48:54.937430+00:00'
[2025-04-10T00:51:48.260+0000] {logging_mixin.py:188} INFO - [load_data] DB 연결 중...
[2025-04-10T00:51:48.276+0000] {logging_mixin.py:188} INFO - [db_utils] DB 연결 성공
[2025-04-10T00:51:48.277+0000] {logging_mixin.py:188} INFO - [load_data] 저장 경로(data/raw) 확인 완료
[2025-04-10T00:51:48.278+0000] {logging_mixin.py:188} INFO - [load_data] 도서 정보 로딩 중...
[2025-04-10T00:51:48.279+0000] {logging_mixin.py:188} INFO - [db_utils] DB 연결 성공
[2025-04-10T00:51:48.280+0000] {logging_mixin.py:188} INFO - [load_book_df] 도서 데이터 쿼리 실행 중...
[2025-04-10T00:51:58.250+0000] {local_task_job_runner.py:302} WARNING - State of this instance has been externally set to None. Terminating instance.
[2025-04-10T00:51:58.252+0000] {process_utils.py:131} INFO - Sending 15 to group 110. PIDs of all processes in the group: [110]
[2025-04-10T00:51:58.252+0000] {process_utils.py:86} INFO - Sending the signal 15 to group 110
[2025-04-10T00:51:58.253+0000] {taskinstance.py:2450} ERROR - Received SIGTERM. Terminating subprocesses.
[2025-04-10T00:51:58.253+0000] {logging_mixin.py:188} INFO - [load_book_df] Error: (pymysql.err.InterfaceError) (0, '')
(Background on this error at: https://sqlalche.me/e/14/rvf5)
[2025-04-10T00:51:58.258+0000] {logging_mixin.py:188} INFO - [load_data] 도서 정보 0건 로드 완료
[2025-04-10T00:51:58.259+0000] {logging_mixin.py:188} INFO - [load_data] 유저 정보 로딩 중...
[2025-04-10T00:51:58.259+0000] {logging_mixin.py:188} INFO - [db_utils] DB 연결 성공
[2025-04-10T00:51:58.260+0000] {logging_mixin.py:188} INFO - [load_user_df] 유저 데이터 쿼리 실행 중...
[2025-04-10T00:51:58.408+0000] {logging_mixin.py:188} INFO - [load_user_df] 19건 로드 완료
[2025-04-10T00:51:58.409+0000] {logging_mixin.py:188} INFO - [load_data] 유저 정보 19건 로드 완료
[2025-04-10T00:51:58.409+0000] {logging_mixin.py:188} INFO - [load_data] 로그 S3 다운로드 중 → logs/250410/logs_250410.csv
[2025-04-10T00:51:58.801+0000] {logging_mixin.py:188} INFO - [s3_utils] S3 연결 성공
[2025-04-10T00:51:58.910+0000] {logging_mixin.py:188} INFO - [s3_utils] CSV 다운로드 실패: An error occurred (404) when calling the HeadObject operation: Not Found
[2025-04-10T00:51:58.910+0000] {logging_mixin.py:188} INFO - [s3_utils] CSV 로드 실패: An error occurred (404) when calling the HeadObject operation: Not Found
[2025-04-10T00:51:58.910+0000] {logging_mixin.py:188} INFO - [load_data] 오류 발생: An error occurred (404) when calling the HeadObject operation: Not Found
[2025-04-10T00:51:58.947+0000] {process_utils.py:79} INFO - Process psutil.Process(pid=110, status='terminated', exitcode=1, started='00:51:47') (110) terminated with exit code 1
