[2025-04-07T06:17:59.329+0000] {taskinstance.py:1956} INFO - Dependencies all met for dep_context=non-requeueable deps ti=<TaskInstance: update_archetypes_daily.assign_archetypes_task manual__2025-04-07T06:17:58.008762+00:00 [queued]>
[2025-04-07T06:17:59.337+0000] {taskinstance.py:1956} INFO - Dependencies all met for dep_context=requeueable deps ti=<TaskInstance: update_archetypes_daily.assign_archetypes_task manual__2025-04-07T06:17:58.008762+00:00 [queued]>
[2025-04-07T06:17:59.338+0000] {taskinstance.py:2170} INFO - Starting attempt 1 of 2
[2025-04-07T06:17:59.351+0000] {taskinstance.py:2191} INFO - Executing <Task(PythonOperator): assign_archetypes_task> on 2025-04-07 06:17:58.008762+00:00
[2025-04-07T06:17:59.356+0000] {standard_task_runner.py:60} INFO - Started process 330 to run task
[2025-04-07T06:17:59.359+0000] {standard_task_runner.py:87} INFO - Running: ['***', 'tasks', 'run', 'update_archetypes_daily', 'assign_archetypes_task', 'manual__2025-04-07T06:17:58.008762+00:00', '--job-id', '494', '--raw', '--subdir', 'DAGS_FOLDER/update_archetype_daily.py', '--cfg-path', '/tmp/tmp22z76wo7']
[2025-04-07T06:17:59.362+0000] {standard_task_runner.py:88} INFO - Job 494: Subtask assign_archetypes_task
[2025-04-07T06:17:59.413+0000] {task_command.py:423} INFO - Running <TaskInstance: update_archetypes_daily.assign_archetypes_task manual__2025-04-07T06:17:58.008762+00:00 [running]> on host c6a1082d0e89
[2025-04-07T06:17:59.489+0000] {taskinstance.py:2480} INFO - Exporting env vars: AIRFLOW_CTX_DAG_OWNER='booknest' AIRFLOW_CTX_DAG_ID='update_archetypes_daily' AIRFLOW_CTX_TASK_ID='assign_archetypes_task' AIRFLOW_CTX_EXECUTION_DATE='2025-04-07T06:17:58.008762+00:00' AIRFLOW_CTX_TRY_NUMBER='1' AIRFLOW_CTX_DAG_RUN_ID='manual__2025-04-07T06:17:58.008762+00:00'
[2025-04-07T06:17:59.500+0000] {logging_mixin.py:188} INFO - [db_utils] DB 연결 성공
[2025-04-07T06:17:59.728+0000] {taskinstance.py:2698} ERROR - Task failed with exception
Traceback (most recent call last):
  File "/home/airflow/.local/lib/python3.8/site-packages/airflow/models/taskinstance.py", line 433, in _execute_task
    result = execute_callable(context=context, **execute_callable_kwargs)
  File "/home/airflow/.local/lib/python3.8/site-packages/airflow/operators/python.py", line 199, in execute
    return_value = self.execute_callable()
  File "/home/airflow/.local/lib/python3.8/site-packages/airflow/operators/python.py", line 216, in execute_callable
    return self.python_callable(*self.op_args, **self.op_kwargs)
  File "/opt/airflow/src/tasks/update_archetype.py", line 51, in assign_user_archetypes
    print(tags)
TypeError: 'int' object is not callable
[2025-04-07T06:17:59.744+0000] {taskinstance.py:1138} INFO - Marking task as UP_FOR_RETRY. dag_id=update_archetypes_daily, task_id=assign_archetypes_task, execution_date=20250407T061758, start_date=20250407T061759, end_date=20250407T061759
[2025-04-07T06:17:59.768+0000] {standard_task_runner.py:107} ERROR - Failed to execute job 494 for task assign_archetypes_task ('int' object is not callable; 330)
[2025-04-07T06:17:59.814+0000] {local_task_job_runner.py:234} INFO - Task exited with return code 1
[2025-04-07T06:17:59.834+0000] {taskinstance.py:3280} INFO - 0 downstream tasks scheduled from follow-on schedule check
