[2025-04-03T04:23:50.505+0000] {taskinstance.py:1956} INFO - Dependencies all met for dep_context=non-requeueable deps ti=<TaskInstance: update_model_daily.update_model scheduled__2024-03-13T00:00:00+00:00 [queued]>
[2025-04-03T04:23:50.523+0000] {taskinstance.py:1956} INFO - Dependencies all met for dep_context=requeueable deps ti=<TaskInstance: update_model_daily.update_model scheduled__2024-03-13T00:00:00+00:00 [queued]>
[2025-04-03T04:23:50.524+0000] {taskinstance.py:2170} INFO - Starting attempt 1 of 1
[2025-04-03T04:23:50.552+0000] {taskinstance.py:2191} INFO - Executing <Task(PythonOperator): update_model> on 2024-03-13 00:00:00+00:00
[2025-04-03T04:23:50.568+0000] {standard_task_runner.py:60} INFO - Started process 1540 to run task
[2025-04-03T04:23:50.581+0000] {standard_task_runner.py:87} INFO - Running: ['***', 'tasks', 'run', 'update_model_daily', 'update_model', 'scheduled__2024-03-13T00:00:00+00:00', '--job-id', '160', '--raw', '--subdir', 'DAGS_FOLDER/update_model_dag.py', '--cfg-path', '/tmp/tmppbih5_bz']
[2025-04-03T04:23:50.585+0000] {standard_task_runner.py:88} INFO - Job 160: Subtask update_model
[2025-04-03T04:23:50.702+0000] {task_command.py:423} INFO - Running <TaskInstance: update_model_daily.update_model scheduled__2024-03-13T00:00:00+00:00 [running]> on host 81ce5c00f42d
[2025-04-03T04:23:50.832+0000] {taskinstance.py:2480} INFO - Exporting env vars: AIRFLOW_CTX_DAG_OWNER='***' AIRFLOW_CTX_DAG_ID='update_model_daily' AIRFLOW_CTX_TASK_ID='update_model' AIRFLOW_CTX_EXECUTION_DATE='2024-03-13T00:00:00+00:00' AIRFLOW_CTX_TRY_NUMBER='1' AIRFLOW_CTX_DAG_RUN_ID='scheduled__2024-03-13T00:00:00+00:00'
[2025-04-03T04:23:50.835+0000] {logging_mixin.py:188} INFO - [update_model] S3에서 전날 matrix.pkl 다운로드 중...
[2025-04-03T04:23:51.041+0000] {logging_mixin.py:188} INFO - [s3_utils] 다운로드 완료: matrix/lightfm/matrix_lightfm_20250403.pkl → data/processed/matrix_daily.pkl
[2025-04-03T04:23:51.043+0000] {logging_mixin.py:188} INFO - [update_model] 기존 데이터 로딩 완료
[2025-04-03T04:23:51.044+0000] {logging_mixin.py:188} INFO - [update_model] 일간 로그 불러오기
[2025-04-03T04:23:51.053+0000] {logging_mixin.py:188} INFO - [update_model] 로그 1건 반영 중...
[2025-04-03T04:23:51.056+0000] {logging_mixin.py:188} INFO - [update_model] 모델 업데이트 학습 중...
[2025-04-03T04:23:51.057+0000] {logging_mixin.py:188} INFO - [model_utils] 모델 학습 실패: Sample_weight must be a COO matrix.
[2025-04-03T04:23:51.059+0000] {logging_mixin.py:188} INFO - [model_utils] 평가 실패: 'NoneType' object has no attribute 'predict_rank'
[2025-04-03T04:23:51.060+0000] {logging_mixin.py:188} INFO - [model_utils] 모델 저장 완료: model/lightfm_model_updated.pkl
[2025-04-03T04:23:51.128+0000] {logging_mixin.py:188} INFO - [s3_utils] S3 업로드 완료 → s3://saffybooknest/model/lightfm/model_lightfm_20250403_updated.pkl
[2025-04-03T04:23:51.130+0000] {logging_mixin.py:188} INFO - [update_model] 업데이트 모델 S3 저장 완료
[2025-04-03T04:23:51.131+0000] {python.py:201} INFO - Done. Returned value was: None
[2025-04-03T04:23:51.146+0000] {taskinstance.py:1138} INFO - Marking task as SUCCESS. dag_id=update_model_daily, task_id=update_model, execution_date=20240313T000000, start_date=20250403T042350, end_date=20250403T042351
[2025-04-03T04:23:51.203+0000] {local_task_job_runner.py:234} INFO - Task exited with return code 0
[2025-04-03T04:23:51.232+0000] {taskinstance.py:3280} INFO - 0 downstream tasks scheduled from follow-on schedule check
