[2025-04-08T06:29:39.970+0000] {taskinstance.py:1956} INFO - Dependencies all met for dep_context=non-requeueable deps ti=<TaskInstance: train_model_pipeline.load_data manual__2025-04-08T06:29:37.957949+00:00 [queued]>
[2025-04-08T06:29:39.976+0000] {taskinstance.py:1956} INFO - Dependencies all met for dep_context=requeueable deps ti=<TaskInstance: train_model_pipeline.load_data manual__2025-04-08T06:29:37.957949+00:00 [queued]>
[2025-04-08T06:29:39.977+0000] {taskinstance.py:2170} INFO - Starting attempt 1 of 1
[2025-04-08T06:29:39.987+0000] {taskinstance.py:2191} INFO - Executing <Task(PythonOperator): load_data> on 2025-04-08 06:29:37.957949+00:00
[2025-04-08T06:29:39.995+0000] {standard_task_runner.py:60} INFO - Started process 13852 to run task
[2025-04-08T06:29:39.996+0000] {standard_task_runner.py:87} INFO - Running: ['***', 'tasks', 'run', 'train_model_pipeline', 'load_data', 'manual__2025-04-08T06:29:37.957949+00:00', '--job-id', '603', '--raw', '--subdir', 'DAGS_FOLDER/train_model_dag.py', '--cfg-path', '/tmp/tmph1dld5uf']
[2025-04-08T06:29:39.997+0000] {standard_task_runner.py:88} INFO - Job 603: Subtask load_data
[2025-04-08T06:29:40.037+0000] {task_command.py:423} INFO - Running <TaskInstance: train_model_pipeline.load_data manual__2025-04-08T06:29:37.957949+00:00 [running]> on host c6a1082d0e89
[2025-04-08T06:29:40.103+0000] {taskinstance.py:2480} INFO - Exporting env vars: AIRFLOW_CTX_DAG_OWNER='booknest' AIRFLOW_CTX_DAG_ID='train_model_pipeline' AIRFLOW_CTX_TASK_ID='load_data' AIRFLOW_CTX_EXECUTION_DATE='2025-04-08T06:29:37.957949+00:00' AIRFLOW_CTX_TRY_NUMBER='1' AIRFLOW_CTX_DAG_RUN_ID='manual__2025-04-08T06:29:37.957949+00:00'
[2025-04-08T06:29:40.104+0000] {logging_mixin.py:188} INFO - [load_data] DB 연결 중...
[2025-04-08T06:29:40.113+0000] {logging_mixin.py:188} INFO - [db_utils] DB 연결 성공
[2025-04-08T06:29:40.113+0000] {logging_mixin.py:188} INFO - [load_data] 저장 경로(data/raw) 확인 완료
[2025-04-08T06:29:40.114+0000] {logging_mixin.py:188} INFO - [load_data] 도서 정보 로딩 중...
[2025-04-08T06:29:40.115+0000] {logging_mixin.py:188} INFO - [db_utils] DB 연결 성공
[2025-04-08T06:29:40.115+0000] {logging_mixin.py:188} INFO - [load_book_df] 도서 데이터 쿼리 실행 중...
[2025-04-08T06:29:40.612+0000] {logging_mixin.py:188} INFO - [load_book_df] 3000건 로드 완료
[2025-04-08T06:29:40.613+0000] {logging_mixin.py:188} INFO - [load_data] 도서 정보 3000건 로드 완료
[2025-04-08T06:29:40.613+0000] {logging_mixin.py:188} INFO - [load_data] 유저 정보 로딩 중...
[2025-04-08T06:29:40.614+0000] {logging_mixin.py:188} INFO - [db_utils] DB 연결 성공
[2025-04-08T06:29:40.614+0000] {logging_mixin.py:188} INFO - [load_user_df] 유저 데이터 쿼리 실행 중...
[2025-04-08T06:29:40.788+0000] {logging_mixin.py:188} INFO - [load_user_df] 11건 로드 완료
[2025-04-08T06:29:40.789+0000] {logging_mixin.py:188} INFO - [load_data] 유저 정보 11건 로드 완료
[2025-04-08T06:29:40.789+0000] {logging_mixin.py:188} INFO - [load_data] 로그 S3 다운로드 중 → logs/250407/logs_250407.csv
[2025-04-08T06:29:41.037+0000] {logging_mixin.py:188} INFO - [s3_utils] S3 연결 성공
[2025-04-08T06:29:41.235+0000] {logging_mixin.py:188} INFO - [s3_utils] 다운로드 완료: logs/250407/logs_250407.csv → data/raw/logs_250408.csv
[2025-04-08T06:29:41.241+0000] {logging_mixin.py:188} INFO - [s3_utils] CSV 로드 완료: 600 rows from data/raw/logs_250408.csv
[2025-04-08T06:29:41.241+0000] {logging_mixin.py:188} INFO - [load_data] 파일 저장 중...
[2025-04-08T06:29:41.257+0000] {logging_mixin.py:188} INFO - [save_book_df] Saved to data/raw/book_df.parquet
[2025-04-08T06:29:41.258+0000] {logging_mixin.py:188} INFO - [save_user_df] Saved to data/raw/user_df.parquet
[2025-04-08T06:29:41.262+0000] {logging_mixin.py:188} INFO - [save_log_df] Saved to data/raw/log_df.parquet
[2025-04-08T06:29:41.262+0000] {logging_mixin.py:188} INFO - [load_data] 저장 완료
[2025-04-08T06:29:41.263+0000] {python.py:201} INFO - Done. Returned value was: None
[2025-04-08T06:29:41.270+0000] {taskinstance.py:1138} INFO - Marking task as SUCCESS. dag_id=train_model_pipeline, task_id=load_data, execution_date=20250408T062937, start_date=20250408T062939, end_date=20250408T062941
[2025-04-08T06:29:41.296+0000] {local_task_job_runner.py:234} INFO - Task exited with return code 0
[2025-04-08T06:29:41.314+0000] {taskinstance.py:3280} INFO - 1 downstream tasks scheduled from follow-on schedule check
