[2025-04-09T13:00:06.277+0000] {taskinstance.py:1956} INFO - Dependencies all met for dep_context=non-requeueable deps ti=<TaskInstance: train_model_pipeline.build_matrix manual__2025-04-09T12:59:43.000369+00:00 [queued]>
[2025-04-09T13:00:06.285+0000] {taskinstance.py:1956} INFO - Dependencies all met for dep_context=requeueable deps ti=<TaskInstance: train_model_pipeline.build_matrix manual__2025-04-09T12:59:43.000369+00:00 [queued]>
[2025-04-09T13:00:06.286+0000] {taskinstance.py:2170} INFO - Starting attempt 1 of 1
[2025-04-09T13:00:06.300+0000] {taskinstance.py:2191} INFO - Executing <Task(PythonOperator): build_matrix> on 2025-04-09 12:59:43.000369+00:00
[2025-04-09T13:00:06.309+0000] {standard_task_runner.py:60} INFO - Started process 36799 to run task
[2025-04-09T13:00:06.312+0000] {standard_task_runner.py:87} INFO - Running: ['***', 'tasks', 'run', 'train_model_pipeline', 'build_matrix', 'manual__2025-04-09T12:59:43.000369+00:00', '--job-id', '656', '--raw', '--subdir', 'DAGS_FOLDER/train_model_dag.py', '--cfg-path', '/tmp/tmpmvbb1ngn']
[2025-04-09T13:00:06.313+0000] {standard_task_runner.py:88} INFO - Job 656: Subtask build_matrix
[2025-04-09T13:00:06.353+0000] {task_command.py:423} INFO - Running <TaskInstance: train_model_pipeline.build_matrix manual__2025-04-09T12:59:43.000369+00:00 [running]> on host c6a1082d0e89
[2025-04-09T13:00:06.424+0000] {taskinstance.py:2480} INFO - Exporting env vars: AIRFLOW_CTX_DAG_OWNER='booknest' AIRFLOW_CTX_DAG_ID='train_model_pipeline' AIRFLOW_CTX_TASK_ID='build_matrix' AIRFLOW_CTX_EXECUTION_DATE='2025-04-09T12:59:43.000369+00:00' AIRFLOW_CTX_TRY_NUMBER='1' AIRFLOW_CTX_DAG_RUN_ID='manual__2025-04-09T12:59:43.000369+00:00'
[2025-04-09T13:00:06.426+0000] {logging_mixin.py:188} INFO - [build_matrix] 데이터 로딩 중...
[2025-04-09T13:00:06.498+0000] {logging_mixin.py:188} INFO - [build_matrix] 피처 전처리 중...
[2025-04-09T13:00:08.102+0000] {logging_mixin.py:188} INFO - [build_matrix] 행렬 생성 중...
[2025-04-09T13:00:08.108+0000] {logging_mixin.py:188} INFO - [matrix_builder] 유효한 상호작용 수: 2
[2025-04-09T13:00:08.179+0000] {logging_mixin.py:188} INFO - [matrix_builder] 사용자 수: 16
[2025-04-09T13:00:08.180+0000] {logging_mixin.py:188} INFO - [matrix_builder] 학습에 사용된 책 수: 1
[2025-04-09T13:00:08.180+0000] {logging_mixin.py:188} INFO - [build_matrix] 매핑된 상호작용 수: 2
[2025-04-09T13:00:08.192+0000] {logging_mixin.py:188} INFO - [build_matrix] 저장 완료: data/processed/matrix.pkl
[2025-04-09T13:00:08.263+0000] {logging_mixin.py:188} INFO - [s3_utils] S3 연결 성공
[2025-04-09T13:00:08.539+0000] {logging_mixin.py:188} INFO - [s3_utils] S3 업로드 완료 → s3://saffybooknest/matrix/lightfm/matrix_lightfm_20250409.pkl
[2025-04-09T13:00:08.540+0000] {logging_mixin.py:188} INFO - [build_matrix] S3 업로드 완료
[2025-04-09T13:00:08.559+0000] {python.py:201} INFO - Done. Returned value was: None
[2025-04-09T13:00:08.566+0000] {taskinstance.py:1138} INFO - Marking task as SUCCESS. dag_id=train_model_pipeline, task_id=build_matrix, execution_date=20250409T125943, start_date=20250409T130006, end_date=20250409T130008
[2025-04-09T13:00:08.616+0000] {local_task_job_runner.py:234} INFO - Task exited with return code 0
[2025-04-09T13:00:08.631+0000] {taskinstance.py:3280} INFO - 1 downstream tasks scheduled from follow-on schedule check
