[2025-04-03T06:47:48.156+0000] {taskinstance.py:1956} INFO - Dependencies all met for dep_context=non-requeueable deps ti=<TaskInstance: train_model_pipeline.load_data manual__2025-04-03T06:47:46.014924+00:00 [queued]>
[2025-04-03T06:47:48.162+0000] {taskinstance.py:1956} INFO - Dependencies all met for dep_context=requeueable deps ti=<TaskInstance: train_model_pipeline.load_data manual__2025-04-03T06:47:46.014924+00:00 [queued]>
[2025-04-03T06:47:48.163+0000] {taskinstance.py:2170} INFO - Starting attempt 1 of 1
[2025-04-03T06:47:48.175+0000] {taskinstance.py:2191} INFO - Executing <Task(PythonOperator): load_data> on 2025-04-03 06:47:46.014924+00:00
[2025-04-03T06:47:48.181+0000] {standard_task_runner.py:60} INFO - Started process 1766 to run task
[2025-04-03T06:47:48.184+0000] {standard_task_runner.py:87} INFO - Running: ['***', 'tasks', 'run', 'train_model_pipeline', 'load_data', 'manual__2025-04-03T06:47:46.014924+00:00', '--job-id', '277', '--raw', '--subdir', 'DAGS_FOLDER/train_model_dag.py', '--cfg-path', '/tmp/tmpvzgu0vfv']
[2025-04-03T06:47:48.185+0000] {standard_task_runner.py:88} INFO - Job 277: Subtask load_data
[2025-04-03T06:47:48.224+0000] {task_command.py:423} INFO - Running <TaskInstance: train_model_pipeline.load_data manual__2025-04-03T06:47:46.014924+00:00 [running]> on host b3cf11128f5a
[2025-04-03T06:47:48.287+0000] {taskinstance.py:2480} INFO - Exporting env vars: AIRFLOW_CTX_DAG_OWNER='***' AIRFLOW_CTX_DAG_ID='train_model_pipeline' AIRFLOW_CTX_TASK_ID='load_data' AIRFLOW_CTX_EXECUTION_DATE='2025-04-03T06:47:46.014924+00:00' AIRFLOW_CTX_TRY_NUMBER='1' AIRFLOW_CTX_DAG_RUN_ID='manual__2025-04-03T06:47:46.014924+00:00'
[2025-04-03T06:47:48.288+0000] {logging_mixin.py:188} INFO - [load_data] DB 연결 중...
[2025-04-03T06:47:48.297+0000] {logging_mixin.py:188} INFO - [db_utils] DB 연결 성공
[2025-04-03T06:47:48.298+0000] {logging_mixin.py:188} INFO - [load_data] 저장 경로(data/raw) 확인 완료
[2025-04-03T06:47:48.299+0000] {logging_mixin.py:188} INFO - [load_data] 도서 정보 쿼리 실행 중...
[2025-04-03T06:47:48.515+0000] {logging_mixin.py:188} INFO - [load_data] 도서 정보 16건 로드 완료
[2025-04-03T06:47:48.515+0000] {logging_mixin.py:188} INFO - [load_data] 더미 로그 생성 중...
[2025-04-03T06:47:48.517+0000] {logging_mixin.py:188} INFO - [load_data] 파일 저장 중...
[2025-04-03T06:47:48.533+0000] {logging_mixin.py:188} INFO - [load_data] 저장 완료
[2025-04-03T06:47:48.534+0000] {python.py:201} INFO - Done. Returned value was: None
[2025-04-03T06:47:48.542+0000] {taskinstance.py:1138} INFO - Marking task as SUCCESS. dag_id=train_model_pipeline, task_id=load_data, execution_date=20250403T064746, start_date=20250403T064748, end_date=20250403T064748
[2025-04-03T06:47:48.598+0000] {local_task_job_runner.py:234} INFO - Task exited with return code 0
[2025-04-03T06:47:48.618+0000] {taskinstance.py:3280} INFO - 1 downstream tasks scheduled from follow-on schedule check
