[2025-04-11T00:40:27.529+0000] {taskinstance.py:1956} INFO - Dependencies all met for dep_context=non-requeueable deps ti=<TaskInstance: train_model_pipeline.train_model manual__2025-04-11T00:39:39.397081+00:00 [queued]>
[2025-04-11T00:40:27.539+0000] {taskinstance.py:1956} INFO - Dependencies all met for dep_context=requeueable deps ti=<TaskInstance: train_model_pipeline.train_model manual__2025-04-11T00:39:39.397081+00:00 [queued]>
[2025-04-11T00:40:27.539+0000] {taskinstance.py:2170} INFO - Starting attempt 1 of 1
[2025-04-11T00:40:27.557+0000] {taskinstance.py:2191} INFO - Executing <Task(PythonOperator): train_model> on 2025-04-11 00:39:39.397081+00:00
[2025-04-11T00:40:27.568+0000] {standard_task_runner.py:60} INFO - Started process 17006 to run task
[2025-04-11T00:40:27.575+0000] {standard_task_runner.py:87} INFO - Running: ['***', 'tasks', 'run', 'train_model_pipeline', 'train_model', 'manual__2025-04-11T00:39:39.397081+00:00', '--job-id', '717', '--raw', '--subdir', 'DAGS_FOLDER/train_model_dag.py', '--cfg-path', '/tmp/tmpwv0wr1fn']
[2025-04-11T00:40:27.577+0000] {standard_task_runner.py:88} INFO - Job 717: Subtask train_model
[2025-04-11T00:40:27.636+0000] {task_command.py:423} INFO - Running <TaskInstance: train_model_pipeline.train_model manual__2025-04-11T00:39:39.397081+00:00 [running]> on host 7ec5ad01cd28
[2025-04-11T00:40:27.724+0000] {taskinstance.py:2480} INFO - Exporting env vars: AIRFLOW_CTX_DAG_OWNER='booknest' AIRFLOW_CTX_DAG_ID='train_model_pipeline' AIRFLOW_CTX_TASK_ID='train_model' AIRFLOW_CTX_EXECUTION_DATE='2025-04-11T00:39:39.397081+00:00' AIRFLOW_CTX_TRY_NUMBER='1' AIRFLOW_CTX_DAG_RUN_ID='manual__2025-04-11T00:39:39.397081+00:00'
[2025-04-11T00:40:27.726+0000] {logging_mixin.py:188} INFO - [train_model] 학습용 행렬 로드 중...
[2025-04-11T00:40:27.753+0000] {logging_mixin.py:188} INFO - [train_model] user 수: 24, item 수: 1832
[2025-04-11T00:40:27.754+0000] {logging_mixin.py:188} INFO - [train_model] interactions shape: (24, 1832), nnz: 1832
[2025-04-11T00:40:27.754+0000] {logging_mixin.py:188} INFO - [train_model] 모델 학습 시작...
[2025-04-11T00:40:27.841+0000] {logging_mixin.py:188} INFO - [model_utils] 모델 학습 완료
[2025-04-11T00:40:27.841+0000] {logging_mixin.py:188} INFO - 47500
[2025-04-11T00:40:27.843+0000] {logging_mixin.py:188} INFO - [train_model] user 0 vs 1 벡터 차이: 9504772.0
[2025-04-11T00:40:27.843+0000] {logging_mixin.py:188} INFO - [train_model] Precision@5 평가 중...
[2025-04-11T00:40:27.844+0000] {logging_mixin.py:188} INFO - [model_utils] 평가용 상호작용 행렬 shape: (24, 1832), nnz: 1832
[2025-04-11T00:40:27.861+0000] {logging_mixin.py:188} INFO - [model_utils] Precision@5: 0.0000
[2025-04-11T00:40:27.862+0000] {logging_mixin.py:188} INFO - [model_utils] Recall@5: 0.0000
[2025-04-11T00:40:27.863+0000] {logging_mixin.py:188} INFO - [model_utils] AUC: 0.5364
[2025-04-11T00:40:27.891+0000] {logging_mixin.py:188} INFO - [model_utils] 모델 저장 완료: data/model/lightfm_model.pkl
[2025-04-11T00:40:27.892+0000] {logging_mixin.py:188} INFO - [train_model] 모델 로컬 저장 경로: data/model/lightfm_model.pkl
[2025-04-11T00:40:27.893+0000] {logging_mixin.py:188} INFO - [train_model] 현재 작업 디렉토리: /opt/***
[2025-04-11T00:40:28.258+0000] {logging_mixin.py:188} INFO - [s3_utils] S3 연결 성공
[2025-04-11T00:40:30.956+0000] {logging_mixin.py:188} INFO - [s3_utils] S3 업로드 완료 → s3://saffybooknest/model/lightfm/model_lightfm_20250411.pkl
[2025-04-11T00:40:30.957+0000] {logging_mixin.py:188} INFO - [train_model] [모델 S3 업로드 완료 → s3://saffybooknest/model/lightfm/model_lightfm_20250411.pkl
[2025-04-11T00:40:30.960+0000] {python.py:201} INFO - Done. Returned value was: None
[2025-04-11T00:40:30.972+0000] {taskinstance.py:1138} INFO - Marking task as SUCCESS. dag_id=train_model_pipeline, task_id=train_model, execution_date=20250411T003939, start_date=20250411T004027, end_date=20250411T004030
[2025-04-11T00:40:31.008+0000] {local_task_job_runner.py:234} INFO - Task exited with return code 0
[2025-04-11T00:40:31.028+0000] {taskinstance.py:3280} INFO - 0 downstream tasks scheduled from follow-on schedule check
