[2025-04-03T11:12:40.639+0000] {taskinstance.py:1956} INFO - Dependencies all met for dep_context=non-requeueable deps ti=<TaskInstance: update_model_daily.update_model manual__2025-04-03T11:12:38.369119+00:00 [queued]>
[2025-04-03T11:12:40.644+0000] {taskinstance.py:1956} INFO - Dependencies all met for dep_context=requeueable deps ti=<TaskInstance: update_model_daily.update_model manual__2025-04-03T11:12:38.369119+00:00 [queued]>
[2025-04-03T11:12:40.645+0000] {taskinstance.py:2170} INFO - Starting attempt 1 of 1
[2025-04-03T11:12:40.657+0000] {taskinstance.py:2191} INFO - Executing <Task(PythonOperator): update_model> on 2025-04-03 11:12:38.369119+00:00
[2025-04-03T11:12:40.663+0000] {standard_task_runner.py:60} INFO - Started process 5548 to run task
[2025-04-03T11:12:40.666+0000] {standard_task_runner.py:87} INFO - Running: ['***', 'tasks', 'run', 'update_model_daily', 'update_model', 'manual__2025-04-03T11:12:38.369119+00:00', '--job-id', '350', '--raw', '--subdir', 'DAGS_FOLDER/update_model_dag.py', '--cfg-path', '/tmp/tmpy6mzv8r1']
[2025-04-03T11:12:40.668+0000] {standard_task_runner.py:88} INFO - Job 350: Subtask update_model
[2025-04-03T11:12:40.710+0000] {task_command.py:423} INFO - Running <TaskInstance: update_model_daily.update_model manual__2025-04-03T11:12:38.369119+00:00 [running]> on host b3cf11128f5a
[2025-04-03T11:12:40.778+0000] {taskinstance.py:2480} INFO - Exporting env vars: AIRFLOW_CTX_DAG_OWNER='***' AIRFLOW_CTX_DAG_ID='update_model_daily' AIRFLOW_CTX_TASK_ID='update_model' AIRFLOW_CTX_EXECUTION_DATE='2025-04-03T11:12:38.369119+00:00' AIRFLOW_CTX_TRY_NUMBER='1' AIRFLOW_CTX_DAG_RUN_ID='manual__2025-04-03T11:12:38.369119+00:00'
[2025-04-03T11:12:40.780+0000] {logging_mixin.py:188} INFO - [update_model] S3에서 전날 matrix.pkl 다운로드 중...
[2025-04-03T11:12:41.025+0000] {logging_mixin.py:188} INFO - [s3_utils] 다운로드 완료: matrix/lightfm/matrix_lightfm_20250403.pkl → data/processed/matrix_daily.pkl
[2025-04-03T11:12:41.027+0000] {logging_mixin.py:188} INFO - [update_model] 기존 데이터 로딩 완료
[2025-04-03T11:12:41.033+0000] {logging_mixin.py:188} INFO - [update_model] 로그 2건 반영 중...
[2025-04-03T11:12:41.034+0000] {logging_mixin.py:188} INFO - [update_model] interactions 추가 전:
[2025-04-03T11:12:41.035+0000] {logging_mixin.py:188} INFO -   (0, 4)	1
  (0, 8)	1
  (1, 2)	1
  (2, 3)	1
[2025-04-03T11:12:41.035+0000] {logging_mixin.py:188} INFO - [update_model] 추가된 new_interactions:
[2025-04-03T11:12:41.036+0000] {logging_mixin.py:188} INFO -   (1, 1)	1
  (0, 5)	1
[2025-04-03T11:12:41.037+0000] {logging_mixin.py:188} INFO - [update_model] 모델 업데이트 학습 중...
[2025-04-03T11:12:41.038+0000] {logging_mixin.py:188} INFO - [update_model] 오류 발생: train_lightfm_model() got an unexpected keyword argument 'fit_mode'
[2025-04-03T11:12:41.081+0000] {local_task_job_runner.py:234} INFO - Task exited with return code 1
[2025-04-03T11:12:41.094+0000] {taskinstance.py:3280} INFO - 0 downstream tasks scheduled from follow-on schedule check
