[2025-04-10T19:47:50.457+0000] {taskinstance.py:1956} INFO - Dependencies all met for dep_context=non-requeueable deps ti=<TaskInstance: update_archetypes_daily.assign_archetypes_task manual__2025-04-10T19:47:48.349270+00:00 [queued]>
[2025-04-10T19:47:50.464+0000] {taskinstance.py:1956} INFO - Dependencies all met for dep_context=requeueable deps ti=<TaskInstance: update_archetypes_daily.assign_archetypes_task manual__2025-04-10T19:47:48.349270+00:00 [queued]>
[2025-04-10T19:47:50.464+0000] {taskinstance.py:2170} INFO - Starting attempt 1 of 2
[2025-04-10T19:47:50.474+0000] {taskinstance.py:2191} INFO - Executing <Task(PythonOperator): assign_archetypes_task> on 2025-04-10 19:47:48.349270+00:00
[2025-04-10T19:47:50.481+0000] {standard_task_runner.py:60} INFO - Started process 14748 to run task
[2025-04-10T19:47:50.483+0000] {standard_task_runner.py:87} INFO - Running: ['***', 'tasks', 'run', 'update_archetypes_daily', 'assign_archetypes_task', 'manual__2025-04-10T19:47:48.349270+00:00', '--job-id', '688', '--raw', '--subdir', 'DAGS_FOLDER/update_archetype_daily.py', '--cfg-path', '/tmp/tmpm7p8gl0x']
[2025-04-10T19:47:50.485+0000] {standard_task_runner.py:88} INFO - Job 688: Subtask assign_archetypes_task
[2025-04-10T19:47:50.523+0000] {task_command.py:423} INFO - Running <TaskInstance: update_archetypes_daily.assign_archetypes_task manual__2025-04-10T19:47:48.349270+00:00 [running]> on host 7ec5ad01cd28
[2025-04-10T19:47:50.582+0000] {taskinstance.py:2480} INFO - Exporting env vars: AIRFLOW_CTX_DAG_OWNER='booknest' AIRFLOW_CTX_DAG_ID='update_archetypes_daily' AIRFLOW_CTX_TASK_ID='assign_archetypes_task' AIRFLOW_CTX_EXECUTION_DATE='2025-04-10T19:47:48.349270+00:00' AIRFLOW_CTX_TRY_NUMBER='1' AIRFLOW_CTX_DAG_RUN_ID='manual__2025-04-10T19:47:48.349270+00:00'
[2025-04-10T19:47:50.595+0000] {logging_mixin.py:188} INFO - [db_utils] DB 연결 성공
[2025-04-10T19:47:51.014+0000] {logging_mixin.py:188} INFO - 
 User ID: 10
[2025-04-10T19:47:51.015+0000] {logging_mixin.py:188} INFO -  Books in Nest: [(90539, '속 이 멋진 세계에 폭염을!'), (113755, '이 멋진 세계에 축복을!')]
[2025-04-10T19:47:51.016+0000] {logging_mixin.py:188} INFO -  Tags: ['모험', '역동적인', '우정과 동료애', '코미디', '복수와 정의', '이세계']
[2025-04-10T19:47:51.016+0000] {logging_mixin.py:188} INFO - 알바트로스
[2025-04-10T19:47:51.084+0000] {logging_mixin.py:188} INFO -  모든 유저의 아키타입이 성공적으로 업데이트되었습니다.
[2025-04-10T19:47:51.104+0000] {python.py:201} INFO - Done. Returned value was: None
[2025-04-10T19:47:51.112+0000] {taskinstance.py:1138} INFO - Marking task as SUCCESS. dag_id=update_archetypes_daily, task_id=assign_archetypes_task, execution_date=20250410T194748, start_date=20250410T194750, end_date=20250410T194751
[2025-04-10T19:47:51.138+0000] {local_task_job_runner.py:234} INFO - Task exited with return code 0
[2025-04-10T19:47:51.153+0000] {taskinstance.py:3280} INFO - 0 downstream tasks scheduled from follow-on schedule check
