[2025-04-08T06:22:25.570+0000] {taskinstance.py:1956} INFO - Dependencies all met for dep_context=non-requeueable deps ti=<TaskInstance: train_model_pipeline.train_model manual__2025-04-08T06:22:17.716357+00:00 [queued]>
[2025-04-08T06:22:25.576+0000] {taskinstance.py:1956} INFO - Dependencies all met for dep_context=requeueable deps ti=<TaskInstance: train_model_pipeline.train_model manual__2025-04-08T06:22:17.716357+00:00 [queued]>
[2025-04-08T06:22:25.577+0000] {taskinstance.py:2170} INFO - Starting attempt 1 of 1
[2025-04-08T06:22:25.587+0000] {taskinstance.py:2191} INFO - Executing <Task(PythonOperator): train_model> on 2025-04-08 06:22:17.716357+00:00
[2025-04-08T06:22:25.594+0000] {standard_task_runner.py:60} INFO - Started process 13661 to run task
[2025-04-08T06:22:25.596+0000] {standard_task_runner.py:87} INFO - Running: ['***', 'tasks', 'run', 'train_model_pipeline', 'train_model', 'manual__2025-04-08T06:22:17.716357+00:00', '--job-id', '599', '--raw', '--subdir', 'DAGS_FOLDER/train_model_dag.py', '--cfg-path', '/tmp/tmpvnwnqyxp']
[2025-04-08T06:22:25.597+0000] {standard_task_runner.py:88} INFO - Job 599: Subtask train_model
[2025-04-08T06:22:25.637+0000] {task_command.py:423} INFO - Running <TaskInstance: train_model_pipeline.train_model manual__2025-04-08T06:22:17.716357+00:00 [running]> on host c6a1082d0e89
[2025-04-08T06:22:25.694+0000] {taskinstance.py:2480} INFO - Exporting env vars: AIRFLOW_CTX_DAG_OWNER='booknest' AIRFLOW_CTX_DAG_ID='train_model_pipeline' AIRFLOW_CTX_TASK_ID='train_model' AIRFLOW_CTX_EXECUTION_DATE='2025-04-08T06:22:17.716357+00:00' AIRFLOW_CTX_TRY_NUMBER='1' AIRFLOW_CTX_DAG_RUN_ID='manual__2025-04-08T06:22:17.716357+00:00'
[2025-04-08T06:22:25.696+0000] {logging_mixin.py:188} INFO - [1] 학습용 행렬 로드 중...
[2025-04-08T06:22:25.699+0000] {logging_mixin.py:188} INFO - [디버깅] user_mapping: {1: 0, 2: 1, 3: 2, 4: 3, 5: 4, 6: 5, 7: 6, 8: 7, 9: 8, 10: 9, 11: 10}
[2025-04-08T06:22:25.699+0000] {logging_mixin.py:188} INFO - [디버깅] item_mapping: {7571: 0, 7838: 1, 7359: 2, 7762: 3, 7848: 4, 7344: 5, 7246: 6, 7545: 7, 7358: 8, 7800: 9, 7698: 10, 7330: 11, 7033: 12, 7488: 13, 7405: 14, 7878: 15, 7350: 16, 7339: 17, 7674: 18, 7328: 19, 7562: 20, 7651: 21, 7929: 22, 7950: 23, 7792: 24, 7386: 25, 7467: 26, 7383: 27, 7019: 28, 7594: 29, 7528: 30, 7737: 31, 7097: 32, 7065: 33, 7433: 34, 7355: 35, 7923: 36, 7093: 37, 7026: 38, 7863: 39, 7475: 40, 7515: 41, 7391: 42, 7117: 43, 7145: 44, 7037: 45, 7170: 46, 7704: 47, 7374: 48, 7939: 49, 7135: 50, 7257: 51, 7179: 52, 7395: 53, 7868: 54, 7116: 55, 7263: 56, 7481: 57, 7705: 58, 7270: 59, 7100: 60, 7734: 61, 7644: 62, 7146: 63, 7993: 64, 7336: 65, 7997: 66, 7845: 67, 7857: 68, 7595: 69, 7042: 70, 7687: 71, 7453: 72, 7680: 73, 7677: 74, 7101: 75, 7326: 76, 7865: 77, 7870: 78, 7724: 79, 7448: 80, 7739: 81, 7085: 82, 7911: 83, 7794: 84, 7323: 85, 7010: 86, 7153: 87, 7315: 88, 7354: 89, 7157: 90, 7570: 91, 7826: 92, 7682: 93, 7513: 94, 7936: 95, 7190: 96, 7141: 97, 7736: 98, 7009: 99, 7062: 100, 7799: 101, 7899: 102, 7607: 103, 7365: 104, 7020: 105, 7489: 106, 7018: 107, 7817: 108, 7160: 109, 7061: 110, 7494: 111, 7751: 112, 7423: 113, 7627: 114, 7934: 115, 7255: 116, 7388: 117, 7659: 118, 7854: 119, 7187: 120, 7530: 121, 7784: 122, 7653: 123, 7700: 124, 7126: 125, 7574: 126, 7050: 127, 7089: 128, 7398: 129, 7142: 130, 7381: 131, 7236: 132, 7960: 133, 7455: 134, 7159: 135, 7738: 136, 7275: 137, 7375: 138, 7060: 139, 7542: 140, 7618: 141, 7720: 142, 7733: 143, 7006: 144, 7080: 145, 7124: 146, 7083: 147, 7620: 148, 7896: 149, 7469: 150, 7561: 151, 7209: 152, 7251: 153, 7558: 154, 7872: 155, 7791: 156, 7798: 157, 7690: 158, 7773: 159, 7555: 160, 7321: 161, 7130: 162, 7017: 163, 7193: 164, 7288: 165, 7583: 166, 7143: 167, 7138: 168, 7957: 169, 7953: 170, 7301: 171, 7715: 172, 7149: 173, 7656: 174, 7717: 175, 7910: 176, 7668: 177, 7069: 178, 7025: 179, 7096: 180, 7603: 181, 7908: 182, 7531: 183, 7889: 184, 7047: 185, 7421: 186, 7242: 187, 7719: 188, 7134: 189, 7289: 190, 7231: 191, 7722: 192, 7855: 193, 7099: 194, 7152: 195, 7909: 196, 7666: 197, 7199: 198, 7207: 199, 7362: 200, 7102: 201, 7998: 202, 7178: 203, 7439: 204, 7484: 205, 7823: 206, 7297: 207, 7167: 208, 7611: 209, 7748: 210, 7695: 211, 7151: 212, 7795: 213, 7508: 214, 7976: 215, 7044: 216, 7856: 217, 7608: 218, 7056: 219, 7450: 220, 7747: 221, 7744: 222, 7015: 223, 7597: 224, 7254: 225, 7654: 226, 7329: 227, 7525: 228, 7837: 229, 7064: 230, 7401: 231, 7645: 232, 7112: 233, 7181: 234, 7349: 235, 7237: 236, 7299: 237, 7991: 238, 7958: 239, 7819: 240, 7409: 241, 7669: 242, 7904: 243, 7465: 244, 7220: 245, 7415: 246, 7211: 247, 7598: 248, 7281: 249, 7376: 250, 7827: 251, 7406: 252, 7655: 253, 7492: 254, 7959: 255, 7035: 256, 7540: 257, 7133: 258, 7483: 259, 7414: 260, 7754: 261, 7304: 262, 7648: 263, 7442: 264, 7228: 265, 7268: 266, 7086: 267, 7479: 268, 7110: 269, 7925: 270, 7599: 271, 7921: 272, 7295: 273, 7435: 274, 7948: 275, 7740: 276, 7222: 277, 7520: 278, 7673: 279, 7767: 280, 7461: 281, 7801: 282, 7565: 283, 7983: 284, 7198: 285, 7777: 286, 7883: 287, 7312: 288, 7377: 289, 7573: 290, 7516: 291, 7380: 292, 7150: 293, 7180: 294, 7215: 295, 7458: 296, 7548: 297, 7813: 298, 7196: 299, 7965: 300, 7103: 301, 7352: 302, 7834: 303, 7203: 304, 7491: 305, 7184: 306, 7300: 307, 7563: 308, 7989: 309, 7227: 310, 7368: 311, 7324: 312, 7541: 313, 7276: 314, 7507: 315, 7210: 316, 7811: 317, 7538: 318, 7639: 319, 7941: 320, 7162: 321, 7424: 322, 7992: 323, 7685: 324, 7663: 325, 7200: 326, 7292: 327, 7692: 328, 7978: 329, 7438: 330, 7260: 331, 7177: 332, 7924: 333, 7749: 334, 7672: 335, 7628: 336, 7676: 337, 7630: 338, 7844: 339, 7408: 340, 7008: 341, 7552: 342, 7600: 343, 7449: 344, 7505: 345, 7779: 346, 7440: 347, 7963: 348, 7918: 349, 7250: 350, 7294: 351, 7284: 352, 7013: 353, 7436: 354, 7956: 355, 7756: 356, 7684: 357, 7647: 358, 7706: 359, 7859: 360, 7822: 361, 7366: 362, 7392: 363, 7271: 364, 7022: 365, 7658: 366, 7901: 367, 7778: 368, 7849: 369, 7238: 370, 7806: 371, 7612: 372, 7447: 373, 7175: 374, 7431: 375, 7307: 376, 7891: 377, 7031: 378, 7839: 379, 7587: 380, 7224: 381, 7650: 382, 7053: 383, 7105: 384, 7527: 385, 7809: 386, 7052: 387, 7333: 388, 7087: 389, 7399: 390, 7441: 391, 7258: 392, 7144: 393, 7127: 394, 7972: 395, 7638: 396, 7088: 397, 7931: 398, 7216: 399, 7966: 400, 7675: 401, 7683: 402, 7092: 403, 7067: 404, 7588: 405, 7637: 406, 7279: 407, 7036: 408, 7591: 409, 7444: 410, 7725: 411, 7311: 412, 7356: 413, 7846: 414, 7557: 415, 7054: 416, 7212: 417, 7107: 418, 7721: 419, 7714: 420, 7821: 421, 7613: 422, 7345: 423, 7820: 424, 7293: 425, 7699: 426, 7113: 427, 7961: 428, 7812: 429, 7014: 430}
[2025-04-08T06:22:25.700+0000] {logging_mixin.py:188} INFO - [2] 모델 학습 중...
[2025-04-08T06:22:25.714+0000] {logging_mixin.py:188} INFO - [model_utils] 모델 학습 완료
[2025-04-08T06:22:25.715+0000] {logging_mixin.py:188} INFO - (11, 431)
[2025-04-08T06:22:25.716+0000] {logging_mixin.py:188} INFO - 0.08688724
[2025-04-08T06:22:25.716+0000] {logging_mixin.py:188} INFO - [3] Precision@5 평가 중...
[2025-04-08T06:22:25.716+0000] {logging_mixin.py:188} INFO - [model_utils] 전체 interactions 수: (11, 431), 실제 상호작용 수: 573
[2025-04-08T06:22:25.719+0000] {logging_mixin.py:188} INFO - [model_utils] Precision@5: 0.0400
[2025-04-08T06:22:25.719+0000] {logging_mixin.py:188} INFO - [model_utils] Recall@5: 0.0222
[2025-04-08T06:22:25.719+0000] {logging_mixin.py:188} INFO - [model_utils] AUC: 0.4453
[2025-04-08T06:22:25.721+0000] {logging_mixin.py:188} INFO - [model_utils] 모델 저장 완료: model/lightfm_model.pkl
[2025-04-08T06:22:25.990+0000] {logging_mixin.py:188} INFO - [s3_utils] S3 연결 성공
[2025-04-08T06:22:26.329+0000] {logging_mixin.py:188} INFO - [s3_utils] S3 업로드 완료 → s3://saffybooknest/model/lightfm/model_lightfm_20250408.pkl
[2025-04-08T06:22:26.332+0000] {logging_mixin.py:188} INFO - [4] 모델 S3 업로드 완료 → model/lightfm/model_lightfm_20250408.pkl
[2025-04-08T06:22:26.333+0000] {python.py:201} INFO - Done. Returned value was: None
[2025-04-08T06:22:26.344+0000] {taskinstance.py:1138} INFO - Marking task as SUCCESS. dag_id=train_model_pipeline, task_id=train_model, execution_date=20250408T062217, start_date=20250408T062225, end_date=20250408T062226
[2025-04-08T06:22:26.373+0000] {local_task_job_runner.py:234} INFO - Task exited with return code 0
[2025-04-08T06:22:26.387+0000] {taskinstance.py:3280} INFO - 0 downstream tasks scheduled from follow-on schedule check
