[2025-04-16T04:17:41.453+0000] {taskinstance.py:1956} INFO - Dependencies all met for dep_context=non-requeueable deps ti=<TaskInstance: train_model_pipeline.load_data manual__2025-04-16T04:17:39.963838+00:00 [queued]>
[2025-04-16T04:17:41.459+0000] {taskinstance.py:1956} INFO - Dependencies all met for dep_context=requeueable deps ti=<TaskInstance: train_model_pipeline.load_data manual__2025-04-16T04:17:39.963838+00:00 [queued]>
[2025-04-16T04:17:41.459+0000] {taskinstance.py:2170} INFO - Starting attempt 1 of 1
[2025-04-16T04:17:41.470+0000] {taskinstance.py:2191} INFO - Executing <Task(PythonOperator): load_data> on 2025-04-16 04:17:39.963838+00:00
[2025-04-16T04:17:41.476+0000] {standard_task_runner.py:60} INFO - Started process 169 to run task
[2025-04-16T04:17:41.479+0000] {standard_task_runner.py:87} INFO - Running: ['***', 'tasks', 'run', 'train_model_pipeline', 'load_data', 'manual__2025-04-16T04:17:39.963838+00:00', '--job-id', '740', '--raw', '--subdir', 'DAGS_FOLDER/train_model_dag.py', '--cfg-path', '/tmp/tmphwdjue9k']
[2025-04-16T04:17:41.480+0000] {standard_task_runner.py:88} INFO - Job 740: Subtask load_data
[2025-04-16T04:17:41.518+0000] {task_command.py:423} INFO - Running <TaskInstance: train_model_pipeline.load_data manual__2025-04-16T04:17:39.963838+00:00 [running]> on host 7ec5ad01cd28
[2025-04-16T04:17:41.578+0000] {taskinstance.py:2480} INFO - Exporting env vars: AIRFLOW_CTX_DAG_OWNER='booknest' AIRFLOW_CTX_DAG_ID='train_model_pipeline' AIRFLOW_CTX_TASK_ID='load_data' AIRFLOW_CTX_EXECUTION_DATE='2025-04-16T04:17:39.963838+00:00' AIRFLOW_CTX_TRY_NUMBER='1' AIRFLOW_CTX_DAG_RUN_ID='manual__2025-04-16T04:17:39.963838+00:00'
[2025-04-16T04:17:41.580+0000] {logging_mixin.py:188} INFO - [load_data] DB 연결 중...
[2025-04-16T04:17:41.588+0000] {logging_mixin.py:188} INFO - [db_utils] DB 연결 성공
[2025-04-16T04:17:41.588+0000] {logging_mixin.py:188} INFO - [load_data] 저장 경로(data/raw) 확인 완료
[2025-04-16T04:17:41.589+0000] {logging_mixin.py:188} INFO - [load_data] 도서 정보 로딩 중...
[2025-04-16T04:17:41.590+0000] {logging_mixin.py:188} INFO - [db_utils] DB 연결 성공
[2025-04-16T04:17:41.591+0000] {logging_mixin.py:188} INFO - [load_book_df] 도서 데이터 쿼리 실행 중...
[2025-04-16T04:18:12.212+0000] {logging_mixin.py:188} INFO - [load_book_df] 111923건 로드 완료
[2025-04-16T04:18:12.212+0000] {logging_mixin.py:188} INFO - [load_data] 도서 정보 111923건 로드 완료
[2025-04-16T04:18:12.213+0000] {logging_mixin.py:188} INFO - [load_data] 유저 정보 로딩 중...
[2025-04-16T04:18:12.214+0000] {logging_mixin.py:188} INFO - [db_utils] DB 연결 성공
[2025-04-16T04:18:12.215+0000] {logging_mixin.py:188} INFO - [load_user_df] 유저 데이터 쿼리 실행 중...
[2025-04-16T04:18:12.432+0000] {logging_mixin.py:188} INFO - [load_user_df] 58건 로드 완료
[2025-04-16T04:18:12.433+0000] {logging_mixin.py:188} INFO - [load_data] 유저 정보 58건 로드 완료
[2025-04-16T04:18:12.433+0000] {logging_mixin.py:188} INFO - [load_data] 로그 S3 다운로드 중 → logs/250411/logs_250411.csv
[2025-04-16T04:18:12.604+0000] {logging_mixin.py:188} INFO - [s3_utils] S3 연결 성공
[2025-04-16T04:18:12.905+0000] {logging_mixin.py:188} INFO - [s3_utils] 다운로드 완료: logs/250411/logs_250411.csv → data/raw/logs_250416.csv
[2025-04-16T04:18:12.911+0000] {logging_mixin.py:188} INFO - [s3_utils] CSV 로드 완료: 2000 rows from data/raw/logs_250416.csv
[2025-04-16T04:18:12.912+0000] {logging_mixin.py:188} INFO - [load_data] 파일 저장 중...
[2025-04-16T04:18:13.029+0000] {logging_mixin.py:188} INFO - [save_book_df] Saved to data/raw/book_df.parquet
[2025-04-16T04:18:13.031+0000] {logging_mixin.py:188} INFO - [save_user_df] Saved to data/raw/user_df.parquet
[2025-04-16T04:18:13.034+0000] {logging_mixin.py:188} INFO - [save_log_df] Saved to data/raw/log_df.parquet
[2025-04-16T04:18:13.035+0000] {logging_mixin.py:188} INFO - [load_data] 저장 완료
[2025-04-16T04:18:13.045+0000] {python.py:201} INFO - Done. Returned value was: None
[2025-04-16T04:18:13.053+0000] {taskinstance.py:1138} INFO - Marking task as SUCCESS. dag_id=train_model_pipeline, task_id=load_data, execution_date=20250416T041739, start_date=20250416T041741, end_date=20250416T041813
[2025-04-16T04:18:13.112+0000] {local_task_job_runner.py:234} INFO - Task exited with return code 0
[2025-04-16T04:18:13.130+0000] {taskinstance.py:3280} INFO - 1 downstream tasks scheduled from follow-on schedule check
