[2025-04-07T04:34:51.607+0000] {taskinstance.py:1956} INFO - Dependencies all met for dep_context=non-requeueable deps ti=<TaskInstance: train_model_pipeline.load_data manual__2025-04-07T04:34:49.921463+00:00 [queued]>
[2025-04-07T04:34:51.612+0000] {taskinstance.py:1956} INFO - Dependencies all met for dep_context=requeueable deps ti=<TaskInstance: train_model_pipeline.load_data manual__2025-04-07T04:34:49.921463+00:00 [queued]>
[2025-04-07T04:34:51.613+0000] {taskinstance.py:2170} INFO - Starting attempt 1 of 1
[2025-04-07T04:34:51.623+0000] {taskinstance.py:2191} INFO - Executing <Task(PythonOperator): load_data> on 2025-04-07 04:34:49.921463+00:00
[2025-04-07T04:34:51.632+0000] {standard_task_runner.py:60} INFO - Started process 21476 to run task
[2025-04-07T04:34:51.634+0000] {standard_task_runner.py:87} INFO - Running: ['***', 'tasks', 'run', 'train_model_pipeline', 'load_data', 'manual__2025-04-07T04:34:49.921463+00:00', '--job-id', '454', '--raw', '--subdir', 'DAGS_FOLDER/train_model_dag.py', '--cfg-path', '/tmp/tmphewqtsis']
[2025-04-07T04:34:51.635+0000] {standard_task_runner.py:88} INFO - Job 454: Subtask load_data
[2025-04-07T04:34:51.671+0000] {task_command.py:423} INFO - Running <TaskInstance: train_model_pipeline.load_data manual__2025-04-07T04:34:49.921463+00:00 [running]> on host 280c0a538679
[2025-04-07T04:34:51.905+0000] {taskinstance.py:2480} INFO - Exporting env vars: AIRFLOW_CTX_DAG_OWNER='***' AIRFLOW_CTX_DAG_ID='train_model_pipeline' AIRFLOW_CTX_TASK_ID='load_data' AIRFLOW_CTX_EXECUTION_DATE='2025-04-07T04:34:49.921463+00:00' AIRFLOW_CTX_TRY_NUMBER='1' AIRFLOW_CTX_DAG_RUN_ID='manual__2025-04-07T04:34:49.921463+00:00'
[2025-04-07T04:34:51.906+0000] {logging_mixin.py:188} INFO - [load_data] DB 연결 중...
[2025-04-07T04:34:51.913+0000] {logging_mixin.py:188} INFO - [db_utils] DB 연결 성공
[2025-04-07T04:34:51.914+0000] {logging_mixin.py:188} INFO - [load_data] 저장 경로(data/raw) 확인 완료
[2025-04-07T04:34:51.915+0000] {logging_mixin.py:188} INFO - [load_data] 도서 정보 쿼리 실행 중...
[2025-04-07T04:34:51.916+0000] {logging_mixin.py:188} INFO - [db_utils] DB 연결 성공
[2025-04-07T04:34:52.215+0000] {logging_mixin.py:188} INFO - [load_data] 도서 정보 1000건 로드 완료
[2025-04-07T04:34:52.216+0000] {logging_mixin.py:188} INFO - [load_data] 유저 정보 쿼리 실행 중...
[2025-04-07T04:34:52.216+0000] {logging_mixin.py:188} INFO - [db_utils] DB 연결 성공
[2025-04-07T04:34:52.384+0000] {logging_mixin.py:188} INFO - [load_data] 유저 정보 12건 로드 완료
[2025-04-07T04:34:52.384+0000] {logging_mixin.py:188} INFO - [load_data] 로그 데이터 다운로드 중...
[2025-04-07T04:34:52.385+0000] {logging_mixin.py:188} INFO - [load_data] 오류 발생: name 's3' is not defined
[2025-04-07T04:34:52.408+0000] {local_task_job_runner.py:234} INFO - Task exited with return code 1
[2025-04-07T04:34:52.425+0000] {taskinstance.py:3280} INFO - 0 downstream tasks scheduled from follow-on schedule check
