[2025-04-02T05:03:23.668+0000] {taskinstance.py:1956} INFO - Dependencies all met for dep_context=non-requeueable deps ti=<TaskInstance: pipeline_1_dag.train_model manual__2025-04-02T05:03:17.631914+00:00 [queued]>
[2025-04-02T05:03:23.674+0000] {taskinstance.py:1956} INFO - Dependencies all met for dep_context=requeueable deps ti=<TaskInstance: pipeline_1_dag.train_model manual__2025-04-02T05:03:17.631914+00:00 [queued]>
[2025-04-02T05:03:23.674+0000] {taskinstance.py:2170} INFO - Starting attempt 1 of 1
[2025-04-02T05:03:23.685+0000] {taskinstance.py:2191} INFO - Executing <Task(PythonOperator): train_model> on 2025-04-02 05:03:17.631914+00:00
[2025-04-02T05:03:23.692+0000] {standard_task_runner.py:60} INFO - Started process 1009 to run task
[2025-04-02T05:03:23.694+0000] {standard_task_runner.py:87} INFO - Running: ['***', 'tasks', 'run', 'pipeline_1_dag', 'train_model', 'manual__2025-04-02T05:03:17.631914+00:00', '--job-id', '22', '--raw', '--subdir', 'DAGS_FOLDER/pipeline_1_dag.py', '--cfg-path', '/tmp/tmpnng17yk9']
[2025-04-02T05:03:23.695+0000] {standard_task_runner.py:88} INFO - Job 22: Subtask train_model
[2025-04-02T05:03:23.739+0000] {task_command.py:423} INFO - Running <TaskInstance: pipeline_1_dag.train_model manual__2025-04-02T05:03:17.631914+00:00 [running]> on host 70eb00e5d734
[2025-04-02T05:03:23.804+0000] {taskinstance.py:2480} INFO - Exporting env vars: AIRFLOW_CTX_DAG_OWNER='***' AIRFLOW_CTX_DAG_ID='pipeline_1_dag' AIRFLOW_CTX_TASK_ID='train_model' AIRFLOW_CTX_EXECUTION_DATE='2025-04-02T05:03:17.631914+00:00' AIRFLOW_CTX_TRY_NUMBER='1' AIRFLOW_CTX_DAG_RUN_ID='manual__2025-04-02T05:03:17.631914+00:00'
[2025-04-02T05:03:23.808+0000] {taskinstance.py:2698} ERROR - Task failed with exception
Traceback (most recent call last):
  File "/home/airflow/.local/lib/python3.8/site-packages/airflow/models/taskinstance.py", line 433, in _execute_task
    result = execute_callable(context=context, **execute_callable_kwargs)
  File "/home/airflow/.local/lib/python3.8/site-packages/airflow/operators/python.py", line 199, in execute
    return_value = self.execute_callable()
  File "/home/airflow/.local/lib/python3.8/site-packages/airflow/operators/python.py", line 216, in execute_callable
    return self.python_callable(*self.op_args, **self.op_kwargs)
  File "/opt/airflow/src/train_model.py", line 30, in run
    model.fit(
  File "/home/airflow/.local/lib/python3.8/site-packages/lightfm/lightfm.py", line 550, in fit
    return self.fit_partial(
  File "/home/airflow/.local/lib/python3.8/site-packages/lightfm/lightfm.py", line 622, in fit_partial
    sample_weight_data = self._process_sample_weight(interactions, sample_weight)
  File "/home/airflow/.local/lib/python3.8/site-packages/lightfm/lightfm.py", line 402, in _process_sample_weight
    raise ValueError(
ValueError: Sample weight and interaction matrix entries must be in the same order
[2025-04-02T05:03:23.820+0000] {taskinstance.py:1138} INFO - Marking task as FAILED. dag_id=pipeline_1_dag, task_id=train_model, execution_date=20250402T050317, start_date=20250402T050323, end_date=20250402T050323
[2025-04-02T05:03:23.832+0000] {standard_task_runner.py:107} ERROR - Failed to execute job 22 for task train_model (Sample weight and interaction matrix entries must be in the same order; 1009)
[2025-04-02T05:03:23.868+0000] {local_task_job_runner.py:234} INFO - Task exited with return code 1
[2025-04-02T05:03:23.885+0000] {taskinstance.py:3280} INFO - 0 downstream tasks scheduled from follow-on schedule check
