[2025-04-03T01:54:41.691+0000] {taskinstance.py:1956} INFO - Dependencies all met for dep_context=non-requeueable deps ti=<TaskInstance: pipeline_1_dag.load_data manual__2025-04-03T01:54:40.073335+00:00 [queued]>
[2025-04-03T01:54:41.696+0000] {taskinstance.py:1956} INFO - Dependencies all met for dep_context=requeueable deps ti=<TaskInstance: pipeline_1_dag.load_data manual__2025-04-03T01:54:40.073335+00:00 [queued]>
[2025-04-03T01:54:41.697+0000] {taskinstance.py:2170} INFO - Starting attempt 1 of 1
[2025-04-03T01:54:41.707+0000] {taskinstance.py:2191} INFO - Executing <Task(PythonOperator): load_data> on 2025-04-03 01:54:40.073335+00:00
[2025-04-03T01:54:41.712+0000] {standard_task_runner.py:60} INFO - Started process 2837 to run task
[2025-04-03T01:54:41.715+0000] {standard_task_runner.py:87} INFO - Running: ['***', 'tasks', 'run', 'pipeline_1_dag', 'load_data', 'manual__2025-04-03T01:54:40.073335+00:00', '--job-id', '72', '--raw', '--subdir', 'DAGS_FOLDER/pipeline_1_dag.py', '--cfg-path', '/tmp/tmp3idt7xva']
[2025-04-03T01:54:41.716+0000] {standard_task_runner.py:88} INFO - Job 72: Subtask load_data
[2025-04-03T01:54:41.752+0000] {task_command.py:423} INFO - Running <TaskInstance: pipeline_1_dag.load_data manual__2025-04-03T01:54:40.073335+00:00 [running]> on host ccc140473116
[2025-04-03T01:54:41.806+0000] {taskinstance.py:2480} INFO - Exporting env vars: AIRFLOW_CTX_DAG_OWNER='***' AIRFLOW_CTX_DAG_ID='pipeline_1_dag' AIRFLOW_CTX_TASK_ID='load_data' AIRFLOW_CTX_EXECUTION_DATE='2025-04-03T01:54:40.073335+00:00' AIRFLOW_CTX_TRY_NUMBER='1' AIRFLOW_CTX_DAG_RUN_ID='manual__2025-04-03T01:54:40.073335+00:00'
[2025-04-03T01:54:41.808+0000] {logging_mixin.py:188} INFO - [1] DB 연결 중...
[2025-04-03T01:54:41.815+0000] {logging_mixin.py:188} INFO - [2] 저장 경로(data/raw) 확인 완료
[2025-04-03T01:54:41.815+0000] {logging_mixin.py:188} INFO - [3] 도서 정보 쿼리 실행 중...
[2025-04-03T01:54:41.996+0000] {logging_mixin.py:188} INFO - [4] 도서 정보 16건 로드 완료
[2025-04-03T01:54:41.997+0000] {logging_mixin.py:188} INFO - [5] 더미 로그 생성 중...
[2025-04-03T01:54:41.998+0000] {logging_mixin.py:188} INFO - [6] 파일 저장 중...
[2025-04-03T01:54:42.009+0000] {logging_mixin.py:188} INFO - [7] 저장 완료: data/raw/book_df.parquet, log_df.pkl
[2025-04-03T01:54:42.010+0000] {python.py:201} INFO - Done. Returned value was: None
[2025-04-03T01:54:42.022+0000] {taskinstance.py:1138} INFO - Marking task as SUCCESS. dag_id=pipeline_1_dag, task_id=load_data, execution_date=20250403T015440, start_date=20250403T015441, end_date=20250403T015442
[2025-04-03T01:54:42.048+0000] {local_task_job_runner.py:234} INFO - Task exited with return code 0
[2025-04-03T01:54:42.071+0000] {taskinstance.py:3280} INFO - 0 downstream tasks scheduled from follow-on schedule check
