[2025-04-10T20:25:46.023+0000] {taskinstance.py:1956} INFO - Dependencies all met for dep_context=non-requeueable deps ti=<TaskInstance: train_model_pipeline.load_data manual__2025-04-10T20:25:44.029481+00:00 [queued]>
[2025-04-10T20:25:46.030+0000] {taskinstance.py:1956} INFO - Dependencies all met for dep_context=requeueable deps ti=<TaskInstance: train_model_pipeline.load_data manual__2025-04-10T20:25:44.029481+00:00 [queued]>
[2025-04-10T20:25:46.031+0000] {taskinstance.py:2170} INFO - Starting attempt 1 of 1
[2025-04-10T20:25:46.044+0000] {taskinstance.py:2191} INFO - Executing <Task(PythonOperator): load_data> on 2025-04-10 20:25:44.029481+00:00
[2025-04-10T20:25:46.050+0000] {standard_task_runner.py:60} INFO - Started process 15408 to run task
[2025-04-10T20:25:46.053+0000] {standard_task_runner.py:87} INFO - Running: ['***', 'tasks', 'run', 'train_model_pipeline', 'load_data', 'manual__2025-04-10T20:25:44.029481+00:00', '--job-id', '693', '--raw', '--subdir', 'DAGS_FOLDER/train_model_dag.py', '--cfg-path', '/tmp/tmp9m9_n4nm']
[2025-04-10T20:25:46.054+0000] {standard_task_runner.py:88} INFO - Job 693: Subtask load_data
[2025-04-10T20:25:46.095+0000] {task_command.py:423} INFO - Running <TaskInstance: train_model_pipeline.load_data manual__2025-04-10T20:25:44.029481+00:00 [running]> on host 7ec5ad01cd28
[2025-04-10T20:25:46.158+0000] {taskinstance.py:2480} INFO - Exporting env vars: AIRFLOW_CTX_DAG_OWNER='booknest' AIRFLOW_CTX_DAG_ID='train_model_pipeline' AIRFLOW_CTX_TASK_ID='load_data' AIRFLOW_CTX_EXECUTION_DATE='2025-04-10T20:25:44.029481+00:00' AIRFLOW_CTX_TRY_NUMBER='1' AIRFLOW_CTX_DAG_RUN_ID='manual__2025-04-10T20:25:44.029481+00:00'
[2025-04-10T20:25:46.159+0000] {logging_mixin.py:188} INFO - [load_data] DB 연결 중...
[2025-04-10T20:25:46.169+0000] {logging_mixin.py:188} INFO - [db_utils] DB 연결 성공
[2025-04-10T20:25:46.169+0000] {logging_mixin.py:188} INFO - [load_data] 저장 경로(data/raw) 확인 완료
[2025-04-10T20:25:46.170+0000] {logging_mixin.py:188} INFO - [load_data] 도서 정보 로딩 중...
[2025-04-10T20:25:46.171+0000] {logging_mixin.py:188} INFO - [db_utils] DB 연결 성공
[2025-04-10T20:25:46.172+0000] {logging_mixin.py:188} INFO - [load_book_df] 도서 데이터 쿼리 실행 중...
[2025-04-10T20:26:17.934+0000] {logging_mixin.py:188} INFO - [load_book_df] 111923건 로드 완료
[2025-04-10T20:26:17.934+0000] {logging_mixin.py:188} INFO - [load_data] 도서 정보 111923건 로드 완료
[2025-04-10T20:26:17.935+0000] {logging_mixin.py:188} INFO - [load_data] 유저 정보 로딩 중...
[2025-04-10T20:26:17.936+0000] {logging_mixin.py:188} INFO - [db_utils] DB 연결 성공
[2025-04-10T20:26:17.936+0000] {logging_mixin.py:188} INFO - [load_user_df] 유저 데이터 쿼리 실행 중...
[2025-04-10T20:26:18.183+0000] {logging_mixin.py:188} INFO - [load_user_df] 15건 로드 완료
[2025-04-10T20:26:18.184+0000] {logging_mixin.py:188} INFO - [load_data] 유저 정보 15건 로드 완료
[2025-04-10T20:26:18.184+0000] {logging_mixin.py:188} INFO - [load_data] 로그 S3 다운로드 중 → logs/250411/logs_250411.csv
[2025-04-10T20:26:18.355+0000] {logging_mixin.py:188} INFO - [s3_utils] S3 연결 성공
[2025-04-10T20:26:18.526+0000] {logging_mixin.py:188} INFO - [s3_utils] 다운로드 완료: logs/250411/logs_250411.csv → data/raw/logs_250410.csv
[2025-04-10T20:26:18.532+0000] {logging_mixin.py:188} INFO - [s3_utils] CSV 로드 완료: 2000 rows from data/raw/logs_250410.csv
[2025-04-10T20:26:18.532+0000] {logging_mixin.py:188} INFO - [load_data] 파일 저장 중...
[2025-04-10T20:26:18.645+0000] {logging_mixin.py:188} INFO - [save_book_df] Saved to data/raw/book_df.parquet
[2025-04-10T20:26:18.647+0000] {logging_mixin.py:188} INFO - [save_user_df] Saved to data/raw/user_df.parquet
[2025-04-10T20:26:18.650+0000] {logging_mixin.py:188} INFO - [save_log_df] Saved to data/raw/log_df.parquet
[2025-04-10T20:26:18.651+0000] {logging_mixin.py:188} INFO - [load_data] 저장 완료
[2025-04-10T20:26:18.661+0000] {python.py:201} INFO - Done. Returned value was: None
[2025-04-10T20:26:18.669+0000] {taskinstance.py:1138} INFO - Marking task as SUCCESS. dag_id=train_model_pipeline, task_id=load_data, execution_date=20250410T202544, start_date=20250410T202546, end_date=20250410T202618
[2025-04-10T20:26:18.729+0000] {local_task_job_runner.py:234} INFO - Task exited with return code 0
[2025-04-10T20:26:18.746+0000] {taskinstance.py:3280} INFO - 1 downstream tasks scheduled from follow-on schedule check
