[2025-04-08T07:42:02.600+0000] {taskinstance.py:1956} INFO - Dependencies all met for dep_context=non-requeueable deps ti=<TaskInstance: train_model_pipeline.build_matrix manual__2025-04-08T07:41:58.014538+00:00 [queued]>
[2025-04-08T07:42:02.606+0000] {taskinstance.py:1956} INFO - Dependencies all met for dep_context=requeueable deps ti=<TaskInstance: train_model_pipeline.build_matrix manual__2025-04-08T07:41:58.014538+00:00 [queued]>
[2025-04-08T07:42:02.607+0000] {taskinstance.py:2170} INFO - Starting attempt 1 of 1
[2025-04-08T07:42:02.618+0000] {taskinstance.py:2191} INFO - Executing <Task(PythonOperator): build_matrix> on 2025-04-08 07:41:58.014538+00:00
[2025-04-08T07:42:02.625+0000] {standard_task_runner.py:60} INFO - Started process 15249 to run task
[2025-04-08T07:42:02.627+0000] {standard_task_runner.py:87} INFO - Running: ['***', 'tasks', 'run', 'train_model_pipeline', 'build_matrix', 'manual__2025-04-08T07:41:58.014538+00:00', '--job-id', '618', '--raw', '--subdir', 'DAGS_FOLDER/train_model_dag.py', '--cfg-path', '/tmp/tmpglopywc9']
[2025-04-08T07:42:02.628+0000] {standard_task_runner.py:88} INFO - Job 618: Subtask build_matrix
[2025-04-08T07:42:02.666+0000] {task_command.py:423} INFO - Running <TaskInstance: train_model_pipeline.build_matrix manual__2025-04-08T07:41:58.014538+00:00 [running]> on host c6a1082d0e89
[2025-04-08T07:42:02.730+0000] {taskinstance.py:2480} INFO - Exporting env vars: AIRFLOW_CTX_DAG_OWNER='booknest' AIRFLOW_CTX_DAG_ID='train_model_pipeline' AIRFLOW_CTX_TASK_ID='build_matrix' AIRFLOW_CTX_EXECUTION_DATE='2025-04-08T07:41:58.014538+00:00' AIRFLOW_CTX_TRY_NUMBER='1' AIRFLOW_CTX_DAG_RUN_ID='manual__2025-04-08T07:41:58.014538+00:00'
[2025-04-08T07:42:02.731+0000] {logging_mixin.py:188} INFO - [build_matrix] 데이터 로딩 중...
[2025-04-08T07:42:02.767+0000] {logging_mixin.py:188} INFO - [build_matrix] 피처 전처리 중...
[2025-04-08T07:42:02.832+0000] {logging_mixin.py:188} INFO - [build_matrix] 행렬 생성 중...
[2025-04-08T07:42:02.837+0000] {logging_mixin.py:188} INFO - [matrix_builder] 유효한 상호작용 수: 573
[2025-04-08T07:42:02.881+0000] {logging_mixin.py:188} INFO - [디버깅] dataset.mapping()[2] 아이템 수: 3000
[2025-04-08T07:42:02.881+0000] {logging_mixin.py:188} INFO - [디버깅] interactions.shape[1]: 3000
[2025-04-08T07:42:02.882+0000] {logging_mixin.py:188} INFO - [디버깅] item_features.shape[0]: 3000
[2025-04-08T07:42:02.883+0000] {logging_mixin.py:188} INFO - [matrix_builder] 사용자 수: 15
[2025-04-08T07:42:02.883+0000] {logging_mixin.py:188} INFO - [matrix_builder] 학습에 사용된 책 수: 3000
[2025-04-08T07:42:02.884+0000] {logging_mixin.py:188} INFO - [build_matrix] 매핑된 상호작용 수: 573
[2025-04-08T07:42:02.890+0000] {logging_mixin.py:188} INFO - [build_matrix] 저장 완료: data/processed/matrix.pkl
[2025-04-08T07:42:03.137+0000] {logging_mixin.py:188} INFO - [s3_utils] S3 연결 성공
[2025-04-08T07:42:03.315+0000] {logging_mixin.py:188} INFO - [s3_utils] S3 업로드 완료 → s3://saffybooknest/matrix/lightfm/matrix_lightfm_20250408.pkl
[2025-04-08T07:42:03.318+0000] {logging_mixin.py:188} INFO - [build_matrix] S3 업로드 완료
[2025-04-08T07:42:03.320+0000] {python.py:201} INFO - Done. Returned value was: None
[2025-04-08T07:42:03.328+0000] {taskinstance.py:1138} INFO - Marking task as SUCCESS. dag_id=train_model_pipeline, task_id=build_matrix, execution_date=20250408T074158, start_date=20250408T074202, end_date=20250408T074203
[2025-04-08T07:42:03.363+0000] {local_task_job_runner.py:234} INFO - Task exited with return code 0
[2025-04-08T07:42:03.380+0000] {taskinstance.py:3280} INFO - 1 downstream tasks scheduled from follow-on schedule check
