[2025-04-08T00:07:03.493+0000] {taskinstance.py:1956} INFO - Dependencies all met for dep_context=non-requeueable deps ti=<TaskInstance: train_model_pipeline.load_data manual__2025-04-08T00:07:01.613550+00:00 [queued]>
[2025-04-08T00:07:03.501+0000] {taskinstance.py:1956} INFO - Dependencies all met for dep_context=requeueable deps ti=<TaskInstance: train_model_pipeline.load_data manual__2025-04-08T00:07:01.613550+00:00 [queued]>
[2025-04-08T00:07:03.501+0000] {taskinstance.py:2170} INFO - Starting attempt 1 of 1
[2025-04-08T00:07:03.512+0000] {taskinstance.py:2191} INFO - Executing <Task(PythonOperator): load_data> on 2025-04-08 00:07:01.613550+00:00
[2025-04-08T00:07:03.520+0000] {standard_task_runner.py:60} INFO - Started process 7616 to run task
[2025-04-08T00:07:03.523+0000] {standard_task_runner.py:87} INFO - Running: ['***', 'tasks', 'run', 'train_model_pipeline', 'load_data', 'manual__2025-04-08T00:07:01.613550+00:00', '--job-id', '580', '--raw', '--subdir', 'DAGS_FOLDER/train_model_dag.py', '--cfg-path', '/tmp/tmpws3lwgu6']
[2025-04-08T00:07:03.524+0000] {standard_task_runner.py:88} INFO - Job 580: Subtask load_data
[2025-04-08T00:07:03.567+0000] {task_command.py:423} INFO - Running <TaskInstance: train_model_pipeline.load_data manual__2025-04-08T00:07:01.613550+00:00 [running]> on host c6a1082d0e89
[2025-04-08T00:07:03.630+0000] {taskinstance.py:2480} INFO - Exporting env vars: AIRFLOW_CTX_DAG_OWNER='***' AIRFLOW_CTX_DAG_ID='train_model_pipeline' AIRFLOW_CTX_TASK_ID='load_data' AIRFLOW_CTX_EXECUTION_DATE='2025-04-08T00:07:01.613550+00:00' AIRFLOW_CTX_TRY_NUMBER='1' AIRFLOW_CTX_DAG_RUN_ID='manual__2025-04-08T00:07:01.613550+00:00'
[2025-04-08T00:07:03.632+0000] {logging_mixin.py:188} INFO - [load_data] DB 연결 중...
[2025-04-08T00:07:03.642+0000] {logging_mixin.py:188} INFO - [db_utils] DB 연결 성공
[2025-04-08T00:07:03.917+0000] {logging_mixin.py:188} INFO - [s3_utils] S3 연결 성공
[2025-04-08T00:07:03.917+0000] {logging_mixin.py:188} INFO - [load_data] 저장 경로(data/raw) 확인 완료
[2025-04-08T00:07:03.918+0000] {logging_mixin.py:188} INFO - [load_data] 도서 정보 쿼리 실행 중...
[2025-04-08T00:07:03.919+0000] {logging_mixin.py:188} INFO - [db_utils] DB 연결 성공
[2025-04-08T00:07:04.466+0000] {logging_mixin.py:188} INFO - [load_data] 도서 정보 3000건 로드 완료
[2025-04-08T00:07:04.467+0000] {logging_mixin.py:188} INFO - [load_data] 유저 정보 쿼리 실행 중...
[2025-04-08T00:07:04.468+0000] {logging_mixin.py:188} INFO - [db_utils] DB 연결 성공
[2025-04-08T00:07:04.694+0000] {logging_mixin.py:188} INFO - [load_data] 유저 정보 8건 로드 완료
[2025-04-08T00:07:04.695+0000] {logging_mixin.py:188} INFO - [load_data] 오류 발생: name 'timedelta' is not defined
[2025-04-08T00:07:04.740+0000] {local_task_job_runner.py:234} INFO - Task exited with return code 1
[2025-04-08T00:07:04.759+0000] {taskinstance.py:3280} INFO - 0 downstream tasks scheduled from follow-on schedule check
