[2025-04-07T06:14:30.941+0000] {taskinstance.py:1956} INFO - Dependencies all met for dep_context=non-requeueable deps ti=<TaskInstance: update_archetypes_daily.assign_archetypes_task manual__2025-04-07T06:14:29.334267+00:00 [queued]>
[2025-04-07T06:14:30.951+0000] {taskinstance.py:1956} INFO - Dependencies all met for dep_context=requeueable deps ti=<TaskInstance: update_archetypes_daily.assign_archetypes_task manual__2025-04-07T06:14:29.334267+00:00 [queued]>
[2025-04-07T06:14:30.951+0000] {taskinstance.py:2170} INFO - Starting attempt 1 of 2
[2025-04-07T06:14:30.964+0000] {taskinstance.py:2191} INFO - Executing <Task(PythonOperator): assign_archetypes_task> on 2025-04-07 06:14:29.334267+00:00
[2025-04-07T06:14:30.970+0000] {standard_task_runner.py:60} INFO - Started process 269 to run task
[2025-04-07T06:14:30.973+0000] {standard_task_runner.py:87} INFO - Running: ['***', 'tasks', 'run', 'update_archetypes_daily', 'assign_archetypes_task', 'manual__2025-04-07T06:14:29.334267+00:00', '--job-id', '492', '--raw', '--subdir', 'DAGS_FOLDER/update_archetype_daily.py', '--cfg-path', '/tmp/tmptunossev']
[2025-04-07T06:14:30.975+0000] {standard_task_runner.py:88} INFO - Job 492: Subtask assign_archetypes_task
[2025-04-07T06:14:31.018+0000] {task_command.py:423} INFO - Running <TaskInstance: update_archetypes_daily.assign_archetypes_task manual__2025-04-07T06:14:29.334267+00:00 [running]> on host c6a1082d0e89
[2025-04-07T06:14:31.092+0000] {taskinstance.py:2480} INFO - Exporting env vars: AIRFLOW_CTX_DAG_OWNER='booknest' AIRFLOW_CTX_DAG_ID='update_archetypes_daily' AIRFLOW_CTX_TASK_ID='assign_archetypes_task' AIRFLOW_CTX_EXECUTION_DATE='2025-04-07T06:14:29.334267+00:00' AIRFLOW_CTX_TRY_NUMBER='1' AIRFLOW_CTX_DAG_RUN_ID='manual__2025-04-07T06:14:29.334267+00:00'
[2025-04-07T06:14:31.103+0000] {logging_mixin.py:188} INFO - [db_utils] DB 연결 성공
[2025-04-07T06:14:31.258+0000] {taskinstance.py:2698} ERROR - Task failed with exception
Traceback (most recent call last):
  File "/home/airflow/.local/lib/python3.8/site-packages/airflow/models/taskinstance.py", line 433, in _execute_task
    result = execute_callable(context=context, **execute_callable_kwargs)
  File "/home/airflow/.local/lib/python3.8/site-packages/airflow/operators/python.py", line 199, in execute
    return_value = self.execute_callable()
  File "/home/airflow/.local/lib/python3.8/site-packages/airflow/operators/python.py", line 216, in execute_callable
    return self.python_callable(*self.op_args, **self.op_kwargs)
  File "/opt/airflow/src/tasks/update_archetype.py", line 44, in assign_user_archetypes
    print(tag_result)
TypeError: 'int' object is not callable
[2025-04-07T06:14:31.269+0000] {taskinstance.py:1138} INFO - Marking task as UP_FOR_RETRY. dag_id=update_archetypes_daily, task_id=assign_archetypes_task, execution_date=20250407T061429, start_date=20250407T061430, end_date=20250407T061431
[2025-04-07T06:14:31.282+0000] {standard_task_runner.py:107} ERROR - Failed to execute job 492 for task assign_archetypes_task ('int' object is not callable; 269)
[2025-04-07T06:14:31.306+0000] {local_task_job_runner.py:234} INFO - Task exited with return code 1
[2025-04-07T06:14:31.322+0000] {taskinstance.py:3280} INFO - 0 downstream tasks scheduled from follow-on schedule check
