[2025-04-07T06:19:32.392+0000] {taskinstance.py:1956} INFO - Dependencies all met for dep_context=non-requeueable deps ti=<TaskInstance: update_archetypes_daily.assign_archetypes_task manual__2025-04-07T06:14:29.334267+00:00 [queued]>
[2025-04-07T06:19:32.399+0000] {taskinstance.py:1956} INFO - Dependencies all met for dep_context=requeueable deps ti=<TaskInstance: update_archetypes_daily.assign_archetypes_task manual__2025-04-07T06:14:29.334267+00:00 [queued]>
[2025-04-07T06:19:32.399+0000] {taskinstance.py:2170} INFO - Starting attempt 2 of 2
[2025-04-07T06:19:32.410+0000] {taskinstance.py:2191} INFO - Executing <Task(PythonOperator): assign_archetypes_task> on 2025-04-07 06:14:29.334267+00:00
[2025-04-07T06:19:32.419+0000] {standard_task_runner.py:60} INFO - Started process 359 to run task
[2025-04-07T06:19:32.422+0000] {standard_task_runner.py:87} INFO - Running: ['***', 'tasks', 'run', 'update_archetypes_daily', 'assign_archetypes_task', 'manual__2025-04-07T06:14:29.334267+00:00', '--job-id', '496', '--raw', '--subdir', 'DAGS_FOLDER/update_archetype_daily.py', '--cfg-path', '/tmp/tmpbj7f9hk8']
[2025-04-07T06:19:32.425+0000] {standard_task_runner.py:88} INFO - Job 496: Subtask assign_archetypes_task
[2025-04-07T06:19:32.467+0000] {task_command.py:423} INFO - Running <TaskInstance: update_archetypes_daily.assign_archetypes_task manual__2025-04-07T06:14:29.334267+00:00 [running]> on host c6a1082d0e89
[2025-04-07T06:19:32.526+0000] {taskinstance.py:2480} INFO - Exporting env vars: AIRFLOW_CTX_DAG_OWNER='booknest' AIRFLOW_CTX_DAG_ID='update_archetypes_daily' AIRFLOW_CTX_TASK_ID='assign_archetypes_task' AIRFLOW_CTX_EXECUTION_DATE='2025-04-07T06:14:29.334267+00:00' AIRFLOW_CTX_TRY_NUMBER='2' AIRFLOW_CTX_DAG_RUN_ID='manual__2025-04-07T06:14:29.334267+00:00'
[2025-04-07T06:19:32.535+0000] {logging_mixin.py:188} INFO - [db_utils] DB 연결 성공
[2025-04-07T06:19:32.812+0000] {logging_mixin.py:188} INFO - 1
[2025-04-07T06:19:32.855+0000] {logging_mixin.py:188} INFO - [{'name': '내면 탐구'}, {'name': '트라우마와 치유'}, {'name': '밝고 긍정적'}, {'name': '정체성 탐색'}, {'name': '성장 이야기'}, {'name': '황홀한'}, {'name': '불안감을 조성하는'}, {'name': '사회 비판적'}, {'name': '불평등'}, {'name': '철학적'}, {'name': '사회 비판적'}, {'name': '불평등'}, {'name': '성장 이야기'}, {'name': '환경과 생태'}, {'name': '철학적'}, {'name': '전통과 혁신'}, {'name': '독특한 서술 방식'}, {'name': '감동적인'}, {'name': '밝고 긍정적'}, {'name': '성장 이야기'}, {'name': '트라우마와 치유'}]
[2025-04-07T06:19:32.856+0000] {logging_mixin.py:188} INFO - ['판타지', 'SF', '모험', '디스토피아', '유토피아', '이세계', '다중 우주', '포스트 아포칼립스', '가상 현실', '시간 여행', '사이버펑크']
[2025-04-07T06:19:32.857+0000] {logging_mixin.py:188} INFO - ['사회 비판적', '불평등', '젠더 문제', '혁명', '저항', '노동', '계급', '권력과 부패', '외교', '정치 음모', '무정부주의']
[2025-04-07T06:19:32.857+0000] {logging_mixin.py:188} INFO - ['가족', '우정', '치유', '정체성', '로맨스', '성장 이야기', '생명과 죽음']
[2025-04-07T06:19:32.858+0000] {logging_mixin.py:188} INFO - ['도덕적 딜레마', '철학', '의료', '바이오테크', '정보화', '이중성', '전통과 혁신', '시간 여행']
[2025-04-07T06:19:32.858+0000] {logging_mixin.py:188} INFO - ['미스터리', '스릴러', '공포', '범죄', '서스펜스', '복수', '정의', '법정', '첩보', '단서 중심 서사']
[2025-04-07T06:19:32.858+0000] {logging_mixin.py:188} INFO - ['실험적 문체', '형식 파괴', '비선형', '의식의 흐름', '미완의 이야기']
[2025-04-07T06:19:32.859+0000] {logging_mixin.py:188} INFO - ['유쾌', '코미디', '스포츠', '밝고 긍정적', '재치', '블랙 코미디']
[2025-04-07T06:19:32.859+0000] {logging_mixin.py:188} INFO - ['감성', '몽환적', '심리', '우울', '불안', '트라우마', '기억', '내면']
[2025-04-07T06:19:32.930+0000] {logging_mixin.py:188} INFO - 2
[2025-04-07T06:19:32.983+0000] {logging_mixin.py:188} INFO - []
[2025-04-07T06:19:32.984+0000] {logging_mixin.py:188} INFO - 3
[2025-04-07T06:19:32.998+0000] {logging_mixin.py:188} INFO - [{'name': '황홀한'}, {'name': '불안감을 조성하는'}, {'name': '사회 비판적'}, {'name': '불평등'}, {'name': '철학적'}, {'name': '감동적인'}, {'name': '잔잔한'}, {'name': '판타지'}, {'name': '코미디'}, {'name': '역동적인'}, {'name': '판타지'}, {'name': '모험'}, {'name': '우정과 동료애'}, {'name': '밝고 긍정적'}, {'name': '코미디'}, {'name': '철학적'}, {'name': '사회 비판적'}, {'name': '내면 탐구'}, {'name': '스릴러'}, {'name': '긴장감 있는'}, {'name': '역동적인'}, {'name': '드라마'}, {'name': '내면 탐구'}, {'name': '우울한'}, {'name': '어두운'}, {'name': '불안감을 조성하는'}, {'name': '철학적'}, {'name': '내면 탐구'}, {'name': '정체성 탐색'}, {'name': '도덕적 딜레마'}, {'name': '종교적·영적 요소'}, {'name': '성장 이야기'}]
[2025-04-07T06:19:32.999+0000] {logging_mixin.py:188} INFO - ['판타지', 'SF', '모험', '디스토피아', '유토피아', '이세계', '다중 우주', '포스트 아포칼립스', '가상 현실', '시간 여행', '사이버펑크']
[2025-04-07T06:19:33.000+0000] {logging_mixin.py:188} INFO - ['사회 비판적', '불평등', '젠더 문제', '혁명', '저항', '노동', '계급', '권력과 부패', '외교', '정치 음모', '무정부주의']
[2025-04-07T06:19:33.001+0000] {logging_mixin.py:188} INFO - ['가족', '우정', '치유', '정체성', '로맨스', '성장 이야기', '생명과 죽음']
[2025-04-07T06:19:33.002+0000] {logging_mixin.py:188} INFO - ['도덕적 딜레마', '철학', '의료', '바이오테크', '정보화', '이중성', '전통과 혁신', '시간 여행']
[2025-04-07T06:19:33.003+0000] {logging_mixin.py:188} INFO - ['미스터리', '스릴러', '공포', '범죄', '서스펜스', '복수', '정의', '법정', '첩보', '단서 중심 서사']
[2025-04-07T06:19:33.004+0000] {logging_mixin.py:188} INFO - ['실험적 문체', '형식 파괴', '비선형', '의식의 흐름', '미완의 이야기']
[2025-04-07T06:19:33.005+0000] {logging_mixin.py:188} INFO - ['유쾌', '코미디', '스포츠', '밝고 긍정적', '재치', '블랙 코미디']
[2025-04-07T06:19:33.006+0000] {logging_mixin.py:188} INFO - ['감성', '몽환적', '심리', '우울', '불안', '트라우마', '기억', '내면']
[2025-04-07T06:19:33.069+0000] {logging_mixin.py:188} INFO - 4
[2025-04-07T06:19:33.120+0000] {logging_mixin.py:188} INFO - []
[2025-04-07T06:19:33.121+0000] {logging_mixin.py:188} INFO - 5
[2025-04-07T06:19:33.134+0000] {logging_mixin.py:188} INFO - []
[2025-04-07T06:19:33.136+0000] {logging_mixin.py:188} INFO - 6
[2025-04-07T06:19:33.190+0000] {logging_mixin.py:188} INFO - [{'name': '판타지'}, {'name': '모험'}, {'name': '우정과 동료애'}, {'name': '코미디'}, {'name': '유머러스한'}, {'name': '로맨스'}, {'name': '긴장감 있는'}, {'name': '모험'}, {'name': '어두운'}, {'name': '사회 비판적'}, {'name': '판타지'}, {'name': '코미디'}, {'name': '모험'}, {'name': '밝고 긍정적'}, {'name': '유머러스한'}, {'name': '성장 이야기'}, {'name': '판타지'}, {'name': '이세계'}, {'name': '모험'}, {'name': '코미디'}, {'name': '밝고 긍정적'}, {'name': '코미디'}, {'name': '우정과 동료애'}, {'name': '정체성 탐색'}, {'name': '유머러스한'}, {'name': '밝고 긍정적'}]
[2025-04-07T06:19:33.192+0000] {logging_mixin.py:188} INFO - ['판타지', 'SF', '모험', '디스토피아', '유토피아', '이세계', '다중 우주', '포스트 아포칼립스', '가상 현실', '시간 여행', '사이버펑크']
[2025-04-07T06:19:33.193+0000] {logging_mixin.py:188} INFO - ['사회 비판적', '불평등', '젠더 문제', '혁명', '저항', '노동', '계급', '권력과 부패', '외교', '정치 음모', '무정부주의']
[2025-04-07T06:19:33.194+0000] {logging_mixin.py:188} INFO - ['가족', '우정', '치유', '정체성', '로맨스', '성장 이야기', '생명과 죽음']
[2025-04-07T06:19:33.195+0000] {logging_mixin.py:188} INFO - ['도덕적 딜레마', '철학', '의료', '바이오테크', '정보화', '이중성', '전통과 혁신', '시간 여행']
[2025-04-07T06:19:33.196+0000] {logging_mixin.py:188} INFO - ['미스터리', '스릴러', '공포', '범죄', '서스펜스', '복수', '정의', '법정', '첩보', '단서 중심 서사']
[2025-04-07T06:19:33.198+0000] {logging_mixin.py:188} INFO - ['실험적 문체', '형식 파괴', '비선형', '의식의 흐름', '미완의 이야기']
[2025-04-07T06:19:33.200+0000] {logging_mixin.py:188} INFO - ['유쾌', '코미디', '스포츠', '밝고 긍정적', '재치', '블랙 코미디']
[2025-04-07T06:19:33.200+0000] {logging_mixin.py:188} INFO - ['감성', '몽환적', '심리', '우울', '불안', '트라우마', '기억', '내면']
[2025-04-07T06:19:33.221+0000] {logging_mixin.py:188} INFO - 7
[2025-04-07T06:19:33.235+0000] {logging_mixin.py:188} INFO - []
[2025-04-07T06:19:33.235+0000] {logging_mixin.py:188} INFO - 8
[2025-04-07T06:19:33.247+0000] {logging_mixin.py:188} INFO - [{'name': '철학적'}, {'name': '사회 비판적'}, {'name': '환경과 생태'}, {'name': '잔잔한'}, {'name': '철학적'}, {'name': '사회 비판적'}, {'name': '젠더 문제'}, {'name': '잔혹한'}, {'name': '어두운'}, {'name': '사회 비판적'}, {'name': '불안감을 조성하는'}, {'name': '젠더 문제'}, {'name': 'SF'}, {'name': '스릴러'}, {'name': '긴장감 있는'}, {'name': '어두운'}, {'name': '정체성 탐색'}, {'name': '불평등'}, {'name': '금기와 반항'}]
[2025-04-07T06:19:33.248+0000] {logging_mixin.py:188} INFO - ['판타지', 'SF', '모험', '디스토피아', '유토피아', '이세계', '다중 우주', '포스트 아포칼립스', '가상 현실', '시간 여행', '사이버펑크']
[2025-04-07T06:19:33.249+0000] {logging_mixin.py:188} INFO - ['사회 비판적', '불평등', '젠더 문제', '혁명', '저항', '노동', '계급', '권력과 부패', '외교', '정치 음모', '무정부주의']
[2025-04-07T06:19:33.249+0000] {logging_mixin.py:188} INFO - ['가족', '우정', '치유', '정체성', '로맨스', '성장 이야기', '생명과 죽음']
[2025-04-07T06:19:33.250+0000] {logging_mixin.py:188} INFO - ['도덕적 딜레마', '철학', '의료', '바이오테크', '정보화', '이중성', '전통과 혁신', '시간 여행']
[2025-04-07T06:19:33.251+0000] {logging_mixin.py:188} INFO - ['미스터리', '스릴러', '공포', '범죄', '서스펜스', '복수', '정의', '법정', '첩보', '단서 중심 서사']
[2025-04-07T06:19:33.251+0000] {logging_mixin.py:188} INFO - ['실험적 문체', '형식 파괴', '비선형', '의식의 흐름', '미완의 이야기']
[2025-04-07T06:19:33.251+0000] {logging_mixin.py:188} INFO - ['유쾌', '코미디', '스포츠', '밝고 긍정적', '재치', '블랙 코미디']
[2025-04-07T06:19:33.252+0000] {logging_mixin.py:188} INFO - ['감성', '몽환적', '심리', '우울', '불안', '트라우마', '기억', '내면']
[2025-04-07T06:19:33.315+0000] {logging_mixin.py:188} INFO - 9
[2025-04-07T06:19:33.330+0000] {logging_mixin.py:188} INFO - []
[2025-04-07T06:19:33.331+0000] {logging_mixin.py:188} INFO - 10
[2025-04-07T06:19:33.384+0000] {logging_mixin.py:188} INFO - [{'name': '미스터리'}, {'name': '스릴러'}, {'name': '공포'}, {'name': '긴장감 있는'}, {'name': '어두운'}, {'name': '감동적인'}, {'name': '밝고 긍정적'}, {'name': '성장 이야기'}, {'name': '트라우마와 치유'}]
[2025-04-07T06:19:33.385+0000] {logging_mixin.py:188} INFO - ['판타지', 'SF', '모험', '디스토피아', '유토피아', '이세계', '다중 우주', '포스트 아포칼립스', '가상 현실', '시간 여행', '사이버펑크']
[2025-04-07T06:19:33.386+0000] {logging_mixin.py:188} INFO - ['사회 비판적', '불평등', '젠더 문제', '혁명', '저항', '노동', '계급', '권력과 부패', '외교', '정치 음모', '무정부주의']
[2025-04-07T06:19:33.387+0000] {logging_mixin.py:188} INFO - ['가족', '우정', '치유', '정체성', '로맨스', '성장 이야기', '생명과 죽음']
[2025-04-07T06:19:33.387+0000] {logging_mixin.py:188} INFO - ['도덕적 딜레마', '철학', '의료', '바이오테크', '정보화', '이중성', '전통과 혁신', '시간 여행']
[2025-04-07T06:19:33.388+0000] {logging_mixin.py:188} INFO - ['미스터리', '스릴러', '공포', '범죄', '서스펜스', '복수', '정의', '법정', '첩보', '단서 중심 서사']
[2025-04-07T06:19:33.389+0000] {logging_mixin.py:188} INFO - ['실험적 문체', '형식 파괴', '비선형', '의식의 흐름', '미완의 이야기']
[2025-04-07T06:19:33.390+0000] {logging_mixin.py:188} INFO - ['유쾌', '코미디', '스포츠', '밝고 긍정적', '재치', '블랙 코미디']
[2025-04-07T06:19:33.390+0000] {logging_mixin.py:188} INFO - ['감성', '몽환적', '심리', '우울', '불안', '트라우마', '기억', '내면']
[2025-04-07T06:19:33.452+0000] {logging_mixin.py:188} INFO - 11
[2025-04-07T06:19:33.463+0000] {logging_mixin.py:188} INFO - [{'name': '감동적인'}, {'name': '밝고 긍정적'}, {'name': '성장 이야기'}, {'name': '트라우마와 치유'}]
[2025-04-07T06:19:33.464+0000] {logging_mixin.py:188} INFO - ['판타지', 'SF', '모험', '디스토피아', '유토피아', '이세계', '다중 우주', '포스트 아포칼립스', '가상 현실', '시간 여행', '사이버펑크']
[2025-04-07T06:19:33.465+0000] {logging_mixin.py:188} INFO - ['사회 비판적', '불평등', '젠더 문제', '혁명', '저항', '노동', '계급', '권력과 부패', '외교', '정치 음모', '무정부주의']
[2025-04-07T06:19:33.466+0000] {logging_mixin.py:188} INFO - ['가족', '우정', '치유', '정체성', '로맨스', '성장 이야기', '생명과 죽음']
[2025-04-07T06:19:33.467+0000] {logging_mixin.py:188} INFO - ['도덕적 딜레마', '철학', '의료', '바이오테크', '정보화', '이중성', '전통과 혁신', '시간 여행']
[2025-04-07T06:19:33.468+0000] {logging_mixin.py:188} INFO - ['미스터리', '스릴러', '공포', '범죄', '서스펜스', '복수', '정의', '법정', '첩보', '단서 중심 서사']
[2025-04-07T06:19:33.469+0000] {logging_mixin.py:188} INFO - ['실험적 문체', '형식 파괴', '비선형', '의식의 흐름', '미완의 이야기']
[2025-04-07T06:19:33.470+0000] {logging_mixin.py:188} INFO - ['유쾌', '코미디', '스포츠', '밝고 긍정적', '재치', '블랙 코미디']
[2025-04-07T06:19:33.471+0000] {logging_mixin.py:188} INFO - ['감성', '몽환적', '심리', '우울', '불안', '트라우마', '기억', '내면']
[2025-04-07T06:19:33.532+0000] {logging_mixin.py:188} INFO - 12
[2025-04-07T06:19:33.543+0000] {logging_mixin.py:188} INFO - []
[2025-04-07T06:19:33.545+0000] {logging_mixin.py:188} INFO - ✅ 모든 유저의 아키타입이 성공적으로 업데이트되었습니다.
[2025-04-07T06:19:33.602+0000] {python.py:201} INFO - Done. Returned value was: None
[2025-04-07T06:19:33.617+0000] {taskinstance.py:1138} INFO - Marking task as SUCCESS. dag_id=update_archetypes_daily, task_id=assign_archetypes_task, execution_date=20250407T061429, start_date=20250407T061932, end_date=20250407T061933
[2025-04-07T06:19:33.684+0000] {local_task_job_runner.py:234} INFO - Task exited with return code 0
[2025-04-07T06:19:33.698+0000] {taskinstance.py:3280} INFO - 0 downstream tasks scheduled from follow-on schedule check
