[2025-04-03T06:49:19.623+0000] {taskinstance.py:1956} INFO - Dependencies all met for dep_context=non-requeueable deps ti=<TaskInstance: train_model_pipeline.build_matrix manual__2025-04-03T06:49:15.380153+00:00 [queued]>
[2025-04-03T06:49:19.631+0000] {taskinstance.py:1956} INFO - Dependencies all met for dep_context=requeueable deps ti=<TaskInstance: train_model_pipeline.build_matrix manual__2025-04-03T06:49:15.380153+00:00 [queued]>
[2025-04-03T06:49:19.632+0000] {taskinstance.py:2170} INFO - Starting attempt 1 of 1
[2025-04-03T06:49:19.645+0000] {taskinstance.py:2191} INFO - Executing <Task(PythonOperator): build_matrix> on 2025-04-03 06:49:15.380153+00:00
[2025-04-03T06:49:19.652+0000] {standard_task_runner.py:60} INFO - Started process 1848 to run task
[2025-04-03T06:49:19.654+0000] {standard_task_runner.py:87} INFO - Running: ['***', 'tasks', 'run', 'train_model_pipeline', 'build_matrix', 'manual__2025-04-03T06:49:15.380153+00:00', '--job-id', '281', '--raw', '--subdir', 'DAGS_FOLDER/train_model_dag.py', '--cfg-path', '/tmp/tmp38bygkfr']
[2025-04-03T06:49:19.656+0000] {standard_task_runner.py:88} INFO - Job 281: Subtask build_matrix
[2025-04-03T06:49:19.695+0000] {task_command.py:423} INFO - Running <TaskInstance: train_model_pipeline.build_matrix manual__2025-04-03T06:49:15.380153+00:00 [running]> on host b3cf11128f5a
[2025-04-03T06:49:19.762+0000] {taskinstance.py:2480} INFO - Exporting env vars: AIRFLOW_CTX_DAG_OWNER='***' AIRFLOW_CTX_DAG_ID='train_model_pipeline' AIRFLOW_CTX_TASK_ID='build_matrix' AIRFLOW_CTX_EXECUTION_DATE='2025-04-03T06:49:15.380153+00:00' AIRFLOW_CTX_TRY_NUMBER='1' AIRFLOW_CTX_DAG_RUN_ID='manual__2025-04-03T06:49:15.380153+00:00'
[2025-04-03T06:49:19.764+0000] {logging_mixin.py:188} INFO - [build_matrix] 데이터 로딩 중...
[2025-04-03T06:49:19.799+0000] {logging_mixin.py:188} INFO - [build_matrix] 피처 전처리 중...
[2025-04-03T06:49:19.802+0000] {logging_mixin.py:188} INFO - [build_matrix] 행렬 및 매핑 생성 중...
[2025-04-03T06:49:19.804+0000] {logging_mixin.py:188} INFO - [matrix_builder] 상호작용 수: 3
[2025-04-03T06:49:19.807+0000] {logging_mixin.py:188} INFO - interactions type: <class 'scipy.sparse._coo.coo_matrix'>
[2025-04-03T06:49:19.808+0000] {logging_mixin.py:188} INFO - weights type: <class 'scipy.sparse._coo.coo_matrix'>
[2025-04-03T06:49:19.808+0000] {logging_mixin.py:188} INFO - Sample interactions_source: [(1, 5, 1.0), (1, 9, 0.9), (2, 3, 0.9)]
[2025-04-03T06:49:19.808+0000] {logging_mixin.py:188} INFO - interactions type: <class 'str'>
[2025-04-03T06:49:19.809+0000] {logging_mixin.py:188} INFO - weights type: <class 'str'>
[2025-04-03T06:49:19.809+0000] {logging_mixin.py:188} INFO - [build_matrix] 오류 발생: name 'interactions_source' is not defined
[2025-04-03T06:49:19.828+0000] {local_task_job_runner.py:234} INFO - Task exited with return code 1
[2025-04-03T06:49:19.847+0000] {taskinstance.py:3280} INFO - 0 downstream tasks scheduled from follow-on schedule check
