[2025-04-09T00:13:35.434+0000] {taskinstance.py:1956} INFO - Dependencies all met for dep_context=non-requeueable deps ti=<TaskInstance: update_archetypes_daily.assign_archetypes_task manual__2025-04-09T00:13:34.217236+00:00 [queued]>
[2025-04-09T00:13:35.441+0000] {taskinstance.py:1956} INFO - Dependencies all met for dep_context=requeueable deps ti=<TaskInstance: update_archetypes_daily.assign_archetypes_task manual__2025-04-09T00:13:34.217236+00:00 [queued]>
[2025-04-09T00:13:35.441+0000] {taskinstance.py:2170} INFO - Starting attempt 1 of 2
[2025-04-09T00:13:35.453+0000] {taskinstance.py:2191} INFO - Executing <Task(PythonOperator): assign_archetypes_task> on 2025-04-09 00:13:34.217236+00:00
[2025-04-09T00:13:35.459+0000] {standard_task_runner.py:60} INFO - Started process 26359 to run task
[2025-04-09T00:13:35.462+0000] {standard_task_runner.py:87} INFO - Running: ['***', 'tasks', 'run', 'update_archetypes_daily', 'assign_archetypes_task', 'manual__2025-04-09T00:13:34.217236+00:00', '--job-id', '638', '--raw', '--subdir', 'DAGS_FOLDER/update_archetype_daily.py', '--cfg-path', '/tmp/tmp7opjnn2m']
[2025-04-09T00:13:35.465+0000] {standard_task_runner.py:88} INFO - Job 638: Subtask assign_archetypes_task
[2025-04-09T00:13:35.507+0000] {task_command.py:423} INFO - Running <TaskInstance: update_archetypes_daily.assign_archetypes_task manual__2025-04-09T00:13:34.217236+00:00 [running]> on host c6a1082d0e89
[2025-04-09T00:13:35.577+0000] {taskinstance.py:2480} INFO - Exporting env vars: AIRFLOW_CTX_DAG_OWNER='booknest' AIRFLOW_CTX_DAG_ID='update_archetypes_daily' AIRFLOW_CTX_TASK_ID='assign_archetypes_task' AIRFLOW_CTX_EXECUTION_DATE='2025-04-09T00:13:34.217236+00:00' AIRFLOW_CTX_TRY_NUMBER='1' AIRFLOW_CTX_DAG_RUN_ID='manual__2025-04-09T00:13:34.217236+00:00'
[2025-04-09T00:13:35.587+0000] {logging_mixin.py:188} INFO - [db_utils] DB 연결 성공
[2025-04-09T00:13:35.838+0000] {logging_mixin.py:188} INFO - 
 User ID: 1
[2025-04-09T00:13:35.839+0000] {logging_mixin.py:188} INFO -  Books in Nest: [(7110, '안녕하세요'), (6909, '카구야 님은 고백 받고 싶어 12'), (7038, '카구야 님을 이야기하고 싶어 2'), (8207, '카구야 님은 고백 받고 싶어 14'), (7788, '모두의 연애'), (7739, '살인자들과의 인터뷰')]
[2025-04-09T00:13:35.839+0000] {logging_mixin.py:188} INFO -  Tags: ['내면 탐구', '우울한', '어두운', '불안감을 조성하는', '코미디', '유머러스한', '로맨스', '우정과 동료애', '성장 이야기', '정체성 탐색', '감동적인', '잔잔한', '스릴러', '긴장감 있는', '잔혹한', '사회 비판적', '역동적인']
[2025-04-09T00:13:35.840+0000] {logging_mixin.py:188} INFO - 흰 오목눈이
[2025-04-09T00:13:35.979+0000] {logging_mixin.py:188} INFO - 
 User ID: 6
[2025-04-09T00:13:35.980+0000] {logging_mixin.py:188} INFO -  Books in Nest: [(6462, '가짜과학 세상을 여행하는 팩트체커를 위한 안내서')]
[2025-04-09T00:13:35.981+0000] {logging_mixin.py:188} INFO -  Tags: ['사회 비판적', '불안감을 조성하는', '잔잔한']
[2025-04-09T00:13:35.981+0000] {logging_mixin.py:188} INFO - 독수리
[2025-04-09T00:13:36.040+0000] {logging_mixin.py:188} INFO - 
 User ID: 7
[2025-04-09T00:13:36.041+0000] {logging_mixin.py:188} INFO -  Books in Nest: [(6260, '멋진 신세계'), (7990, '한국인이 가장 사랑하는 명시 100선'), (7653, '복수의 여신'), (7739, '살인자들과의 인터뷰')]
[2025-04-09T00:13:36.042+0000] {logging_mixin.py:188} INFO -  Tags: ['SF', '디스토피아', '철학적', '사회 비판적', '권력과 부패', '의식의 흐름', '긴장감 있는', '잔잔한', '스릴러', '어두운', '불안감을 조성하는', '잔혹한', '역동적인']
[2025-04-09T00:13:36.042+0000] {logging_mixin.py:188} INFO - 독수리
[2025-04-09T00:13:36.130+0000] {logging_mixin.py:188} INFO - 
 User ID: 10
[2025-04-09T00:13:36.131+0000] {logging_mixin.py:188} INFO -  Books in Nest: [(7110, '안녕하세요'), (8236, '50 이후, 더 재미있게 나이 드는 법')]
[2025-04-09T00:13:36.131+0000] {logging_mixin.py:188} INFO -  Tags: ['내면 탐구', '우울한', '어두운', '불안감을 조성하는']
[2025-04-09T00:13:36.131+0000] {logging_mixin.py:188} INFO - 플라밍고
[2025-04-09T00:13:36.177+0000] {logging_mixin.py:188} INFO - 
 User ID: 11
[2025-04-09T00:13:36.177+0000] {logging_mixin.py:188} INFO -  Books in Nest: [(6260, '멋진 신세계'), (9067, '곰돌이 푸, 단순한 행복')]
[2025-04-09T00:13:36.178+0000] {logging_mixin.py:188} INFO -  Tags: ['SF', '디스토피아', '철학적', '사회 비판적', '권력과 부패', '의식의 흐름', '긴장감 있는', '밝고 긍정적', '잔잔한', '우정과 동료애', '정체성 탐색', '내면 탐구']
[2025-04-09T00:13:36.178+0000] {logging_mixin.py:188} INFO - 흰 오목눈이
[2025-04-09T00:13:36.282+0000] {logging_mixin.py:188} INFO -  모든 유저의 아키타입이 성공적으로 업데이트되었습니다.
[2025-04-09T00:13:36.296+0000] {python.py:201} INFO - Done. Returned value was: None
[2025-04-09T00:13:36.304+0000] {taskinstance.py:1138} INFO - Marking task as SUCCESS. dag_id=update_archetypes_daily, task_id=assign_archetypes_task, execution_date=20250409T001334, start_date=20250409T001335, end_date=20250409T001336
[2025-04-09T00:13:36.358+0000] {local_task_job_runner.py:234} INFO - Task exited with return code 0
[2025-04-09T00:13:36.372+0000] {taskinstance.py:3280} INFO - 0 downstream tasks scheduled from follow-on schedule check
