[2025-04-06T07:37:29.664+0000] {taskinstance.py:1956} INFO - Dependencies all met for dep_context=non-requeueable deps ti=<TaskInstance: train_model_pipeline.load_data manual__2025-04-06T07:37:28.135695+00:00 [queued]>
[2025-04-06T07:37:29.669+0000] {taskinstance.py:1956} INFO - Dependencies all met for dep_context=requeueable deps ti=<TaskInstance: train_model_pipeline.load_data manual__2025-04-06T07:37:28.135695+00:00 [queued]>
[2025-04-06T07:37:29.670+0000] {taskinstance.py:2170} INFO - Starting attempt 1 of 1
[2025-04-06T07:37:29.681+0000] {taskinstance.py:2191} INFO - Executing <Task(PythonOperator): load_data> on 2025-04-06 07:37:28.135695+00:00
[2025-04-06T07:37:29.689+0000] {standard_task_runner.py:60} INFO - Started process 3217 to run task
[2025-04-06T07:37:29.692+0000] {standard_task_runner.py:87} INFO - Running: ['***', 'tasks', 'run', 'train_model_pipeline', 'load_data', 'manual__2025-04-06T07:37:28.135695+00:00', '--job-id', '436', '--raw', '--subdir', 'DAGS_FOLDER/train_model_dag.py', '--cfg-path', '/tmp/tmpd1i0_rjo']
[2025-04-06T07:37:29.694+0000] {standard_task_runner.py:88} INFO - Job 436: Subtask load_data
[2025-04-06T07:37:29.733+0000] {task_command.py:423} INFO - Running <TaskInstance: train_model_pipeline.load_data manual__2025-04-06T07:37:28.135695+00:00 [running]> on host 280c0a538679
[2025-04-06T07:37:29.948+0000] {taskinstance.py:2480} INFO - Exporting env vars: AIRFLOW_CTX_DAG_OWNER='***' AIRFLOW_CTX_DAG_ID='train_model_pipeline' AIRFLOW_CTX_TASK_ID='load_data' AIRFLOW_CTX_EXECUTION_DATE='2025-04-06T07:37:28.135695+00:00' AIRFLOW_CTX_TRY_NUMBER='1' AIRFLOW_CTX_DAG_RUN_ID='manual__2025-04-06T07:37:28.135695+00:00'
[2025-04-06T07:37:29.949+0000] {logging_mixin.py:188} INFO - [load_data] DB 연결 중...
[2025-04-06T07:37:29.956+0000] {logging_mixin.py:188} INFO - [db_utils] DB 연결 성공
[2025-04-06T07:37:29.957+0000] {logging_mixin.py:188} INFO - [load_data] 저장 경로(data/raw) 확인 완료
[2025-04-06T07:37:29.958+0000] {logging_mixin.py:188} INFO - [load_data] 도서 정보 쿼리 실행 중...
[2025-04-06T07:37:29.959+0000] {logging_mixin.py:188} INFO - [db_utils] DB 연결 성공
[2025-04-06T07:37:30.218+0000] {logging_mixin.py:188} INFO - [load_data] 도서 정보 1000건 로드 완료
[2025-04-06T07:37:30.218+0000] {logging_mixin.py:188} INFO - [load_data] 유저 정보 쿼리 실행 중...
[2025-04-06T07:37:30.219+0000] {logging_mixin.py:188} INFO - [db_utils] DB 연결 성공
[2025-04-06T07:37:30.371+0000] {logging_mixin.py:188} INFO - [load_data] 유저 정보 11건 로드 완료
[2025-04-06T07:37:30.371+0000] {logging_mixin.py:188} INFO - [load_data] 더미 로그 생성 중...
[2025-04-06T07:37:30.372+0000] {logging_mixin.py:188} INFO - [load_data] 파일 저장 중...
[2025-04-06T07:37:30.389+0000] {logging_mixin.py:188} INFO - [load_data] 저장 완료
[2025-04-06T07:37:30.390+0000] {python.py:201} INFO - Done. Returned value was: None
[2025-04-06T07:37:30.397+0000] {taskinstance.py:1138} INFO - Marking task as SUCCESS. dag_id=train_model_pipeline, task_id=load_data, execution_date=20250406T073728, start_date=20250406T073729, end_date=20250406T073730
[2025-04-06T07:37:30.429+0000] {local_task_job_runner.py:234} INFO - Task exited with return code 0
[2025-04-06T07:37:30.446+0000] {taskinstance.py:3280} INFO - 1 downstream tasks scheduled from follow-on schedule check
