[2025-04-10T00:56:20.293+0000] {taskinstance.py:1956} INFO - Dependencies all met for dep_context=non-requeueable deps ti=<TaskInstance: train_model_pipeline.build_matrix manual__2025-04-10T00:55:27.802725+00:00 [queued]>
[2025-04-10T00:56:20.299+0000] {taskinstance.py:1956} INFO - Dependencies all met for dep_context=requeueable deps ti=<TaskInstance: train_model_pipeline.build_matrix manual__2025-04-10T00:55:27.802725+00:00 [queued]>
[2025-04-10T00:56:20.299+0000] {taskinstance.py:2170} INFO - Starting attempt 1 of 1
[2025-04-10T00:56:20.310+0000] {taskinstance.py:2191} INFO - Executing <Task(PythonOperator): build_matrix> on 2025-04-10 00:55:27.802725+00:00
[2025-04-10T00:56:20.316+0000] {standard_task_runner.py:60} INFO - Started process 184 to run task
[2025-04-10T00:56:20.319+0000] {standard_task_runner.py:87} INFO - Running: ['***', 'tasks', 'run', 'train_model_pipeline', 'build_matrix', 'manual__2025-04-10T00:55:27.802725+00:00', '--job-id', '675', '--raw', '--subdir', 'DAGS_FOLDER/train_model_dag.py', '--cfg-path', '/tmp/tmpp5v87l7a']
[2025-04-10T00:56:20.320+0000] {standard_task_runner.py:88} INFO - Job 675: Subtask build_matrix
[2025-04-10T00:56:20.355+0000] {task_command.py:423} INFO - Running <TaskInstance: train_model_pipeline.build_matrix manual__2025-04-10T00:55:27.802725+00:00 [running]> on host 7ec5ad01cd28
[2025-04-10T00:56:20.410+0000] {taskinstance.py:2480} INFO - Exporting env vars: AIRFLOW_CTX_DAG_OWNER='booknest' AIRFLOW_CTX_DAG_ID='train_model_pipeline' AIRFLOW_CTX_TASK_ID='build_matrix' AIRFLOW_CTX_EXECUTION_DATE='2025-04-10T00:55:27.802725+00:00' AIRFLOW_CTX_TRY_NUMBER='1' AIRFLOW_CTX_DAG_RUN_ID='manual__2025-04-10T00:55:27.802725+00:00'
[2025-04-10T00:56:20.411+0000] {logging_mixin.py:188} INFO - [build_matrix] 데이터 로딩 중...
[2025-04-10T00:56:20.502+0000] {logging_mixin.py:188} INFO - [build_matrix] 피처 전처리 중...
[2025-04-10T00:56:21.790+0000] {logging_mixin.py:188} INFO - [build_matrix] 행렬 생성 중...
[2025-04-10T00:56:21.809+0000] {logging_mixin.py:188} INFO - [matrix_builder] 유효한 상호작용 수: 19
[2025-04-10T00:56:21.876+0000] {logging_mixin.py:188} INFO - [matrix_builder] 사용자 수: 19
[2025-04-10T00:56:21.876+0000] {logging_mixin.py:188} INFO - [matrix_builder] 학습에 사용된 책 수: 8
[2025-04-10T00:56:21.877+0000] {logging_mixin.py:188} INFO - [build_matrix] 매핑된 상호작용 수: 19
[2025-04-10T00:56:21.886+0000] {logging_mixin.py:188} INFO - [build_matrix] 저장 완료: data/processed/matrix.pkl
[2025-04-10T00:56:21.960+0000] {logging_mixin.py:188} INFO - [s3_utils] S3 연결 성공
[2025-04-10T00:56:22.208+0000] {logging_mixin.py:188} INFO - [s3_utils] S3 업로드 완료 → s3://saffybooknest/matrix/lightfm/matrix_lightfm_20250410.pkl
[2025-04-10T00:56:22.209+0000] {logging_mixin.py:188} INFO - [build_matrix] S3 업로드 완료
[2025-04-10T00:56:22.225+0000] {python.py:201} INFO - Done. Returned value was: None
[2025-04-10T00:56:22.232+0000] {taskinstance.py:1138} INFO - Marking task as SUCCESS. dag_id=train_model_pipeline, task_id=build_matrix, execution_date=20250410T005527, start_date=20250410T005620, end_date=20250410T005622
[2025-04-10T00:56:22.261+0000] {local_task_job_runner.py:234} INFO - Task exited with return code 0
[2025-04-10T00:56:22.277+0000] {taskinstance.py:3280} INFO - 1 downstream tasks scheduled from follow-on schedule check
