[2025-04-16T04:16:56.211+0000] {taskinstance.py:1956} INFO - Dependencies all met for dep_context=non-requeueable deps ti=<TaskInstance: train_model_pipeline.train_model manual__2025-04-16T04:16:16.882580+00:00 [queued]>
[2025-04-16T04:16:56.217+0000] {taskinstance.py:1956} INFO - Dependencies all met for dep_context=requeueable deps ti=<TaskInstance: train_model_pipeline.train_model manual__2025-04-16T04:16:16.882580+00:00 [queued]>
[2025-04-16T04:16:56.217+0000] {taskinstance.py:2170} INFO - Starting attempt 1 of 1
[2025-04-16T04:16:56.227+0000] {taskinstance.py:2191} INFO - Executing <Task(PythonOperator): train_model> on 2025-04-16 04:16:16.882580+00:00
[2025-04-16T04:16:56.233+0000] {standard_task_runner.py:60} INFO - Started process 138 to run task
[2025-04-16T04:16:56.235+0000] {standard_task_runner.py:87} INFO - Running: ['***', 'tasks', 'run', 'train_model_pipeline', 'train_model', 'manual__2025-04-16T04:16:16.882580+00:00', '--job-id', '739', '--raw', '--subdir', 'DAGS_FOLDER/train_model_dag.py', '--cfg-path', '/tmp/tmpfmqlqbjz']
[2025-04-16T04:16:56.236+0000] {standard_task_runner.py:88} INFO - Job 739: Subtask train_model
[2025-04-16T04:16:56.272+0000] {task_command.py:423} INFO - Running <TaskInstance: train_model_pipeline.train_model manual__2025-04-16T04:16:16.882580+00:00 [running]> on host 7ec5ad01cd28
[2025-04-16T04:16:56.326+0000] {taskinstance.py:2480} INFO - Exporting env vars: AIRFLOW_CTX_DAG_OWNER='booknest' AIRFLOW_CTX_DAG_ID='train_model_pipeline' AIRFLOW_CTX_TASK_ID='train_model' AIRFLOW_CTX_EXECUTION_DATE='2025-04-16T04:16:16.882580+00:00' AIRFLOW_CTX_TRY_NUMBER='1' AIRFLOW_CTX_DAG_RUN_ID='manual__2025-04-16T04:16:16.882580+00:00'
[2025-04-16T04:16:56.328+0000] {logging_mixin.py:188} INFO - [train_model] 학습용 행렬 로드 중...
[2025-04-16T04:16:56.342+0000] {logging_mixin.py:188} INFO - [train_model] user 수: 58, item 수: 1831
[2025-04-16T04:16:56.343+0000] {logging_mixin.py:188} INFO - [train_model] interactions shape: (58, 1831), nnz: 1831
[2025-04-16T04:16:56.344+0000] {logging_mixin.py:188} INFO - [train_model] 모델 학습 시작...
[2025-04-16T04:16:56.404+0000] {logging_mixin.py:188} INFO - [model_utils] 모델 학습 완료
[2025-04-16T04:16:56.405+0000] {logging_mixin.py:188} INFO - 47499
[2025-04-16T04:16:56.405+0000] {logging_mixin.py:188} INFO - [train_model] user 0 vs 1 벡터 차이: 757.21173
[2025-04-16T04:16:56.406+0000] {logging_mixin.py:188} INFO - [train_model] Precision@5 평가 중...
[2025-04-16T04:16:56.406+0000] {logging_mixin.py:188} INFO - [model_utils] 평가용 상호작용 행렬 shape: (58, 1831), nnz: 1831
[2025-04-16T04:16:56.421+0000] {logging_mixin.py:188} INFO - [model_utils] Precision@5: 0.0118
[2025-04-16T04:16:56.422+0000] {logging_mixin.py:188} INFO - [model_utils] Recall@5: 0.0118
[2025-04-16T04:16:56.423+0000] {logging_mixin.py:188} INFO - [model_utils] AUC: 0.5558
[2025-04-16T04:16:56.439+0000] {logging_mixin.py:188} INFO - [model_utils] 모델 저장 완료: data/model/lightfm_model.pkl
[2025-04-16T04:16:56.439+0000] {logging_mixin.py:188} INFO - [train_model] 모델 로컬 저장 경로: data/model/lightfm_model.pkl
[2025-04-16T04:16:56.440+0000] {logging_mixin.py:188} INFO - [train_model] 현재 작업 디렉토리: /opt/***
[2025-04-16T04:16:56.698+0000] {logging_mixin.py:188} INFO - [s3_utils] S3 연결 성공
[2025-04-16T04:16:59.332+0000] {logging_mixin.py:188} INFO - [s3_utils] S3 업로드 완료 → s3://saffybooknest/model/lightfm/model_lightfm_20250416.pkl
[2025-04-16T04:16:59.333+0000] {logging_mixin.py:188} INFO - [train_model] [모델 S3 업로드 완료 → s3://saffybooknest/model/lightfm/model_lightfm_20250416.pkl
[2025-04-16T04:16:59.336+0000] {python.py:201} INFO - Done. Returned value was: None
[2025-04-16T04:16:59.343+0000] {taskinstance.py:1138} INFO - Marking task as SUCCESS. dag_id=train_model_pipeline, task_id=train_model, execution_date=20250416T041616, start_date=20250416T041656, end_date=20250416T041659
[2025-04-16T04:16:59.383+0000] {local_task_job_runner.py:234} INFO - Task exited with return code 0
[2025-04-16T04:16:59.395+0000] {taskinstance.py:3280} INFO - 0 downstream tasks scheduled from follow-on schedule check
