[2025-04-09T01:17:56.929+0000] {taskinstance.py:1956} INFO - Dependencies all met for dep_context=non-requeueable deps ti=<TaskInstance: train_model_pipeline.train_model manual__2025-04-09T01:17:48.731578+00:00 [queued]>
[2025-04-09T01:17:56.935+0000] {taskinstance.py:1956} INFO - Dependencies all met for dep_context=requeueable deps ti=<TaskInstance: train_model_pipeline.train_model manual__2025-04-09T01:17:48.731578+00:00 [queued]>
[2025-04-09T01:17:56.935+0000] {taskinstance.py:2170} INFO - Starting attempt 1 of 1
[2025-04-09T01:17:56.947+0000] {taskinstance.py:2191} INFO - Executing <Task(PythonOperator): train_model> on 2025-04-09 01:17:48.731578+00:00
[2025-04-09T01:17:56.956+0000] {standard_task_runner.py:60} INFO - Started process 27444 to run task
[2025-04-09T01:17:56.958+0000] {standard_task_runner.py:87} INFO - Running: ['***', 'tasks', 'run', 'train_model_pipeline', 'train_model', 'manual__2025-04-09T01:17:48.731578+00:00', '--job-id', '644', '--raw', '--subdir', 'DAGS_FOLDER/train_model_dag.py', '--cfg-path', '/tmp/tmpkw28e8dt']
[2025-04-09T01:17:56.959+0000] {standard_task_runner.py:88} INFO - Job 644: Subtask train_model
[2025-04-09T01:17:56.996+0000] {task_command.py:423} INFO - Running <TaskInstance: train_model_pipeline.train_model manual__2025-04-09T01:17:48.731578+00:00 [running]> on host c6a1082d0e89
[2025-04-09T01:17:57.054+0000] {taskinstance.py:2480} INFO - Exporting env vars: AIRFLOW_CTX_DAG_OWNER='booknest' AIRFLOW_CTX_DAG_ID='train_model_pipeline' AIRFLOW_CTX_TASK_ID='train_model' AIRFLOW_CTX_EXECUTION_DATE='2025-04-09T01:17:48.731578+00:00' AIRFLOW_CTX_TRY_NUMBER='1' AIRFLOW_CTX_DAG_RUN_ID='manual__2025-04-09T01:17:48.731578+00:00'
[2025-04-09T01:17:57.056+0000] {logging_mixin.py:188} INFO - [train_model] 학습용 행렬 로드 중...
[2025-04-09T01:17:57.058+0000] {logging_mixin.py:188} INFO - [train_model] user 수: 17, item 수: 431
[2025-04-09T01:17:57.059+0000] {logging_mixin.py:188} INFO - [train_model] interactions shape: (17, 431), nnz: 573
[2025-04-09T01:17:57.059+0000] {logging_mixin.py:188} INFO - [train_model] 모델 학습 시작...
[2025-04-09T01:17:57.073+0000] {logging_mixin.py:188} INFO - [model_utils] 모델 학습 완료
[2025-04-09T01:17:57.074+0000] {logging_mixin.py:188} INFO - 3810
[2025-04-09T01:17:57.075+0000] {logging_mixin.py:188} INFO - [train_model] user 0 vs 1 벡터 차이: 1.2191552
[2025-04-09T01:17:57.075+0000] {logging_mixin.py:188} INFO - [train_model] Precision@5 평가 중...
[2025-04-09T01:17:57.076+0000] {logging_mixin.py:188} INFO - [model_utils] 평가용 상호작용 행렬 shape: (17, 431), nnz: 573
[2025-04-09T01:17:57.078+0000] {logging_mixin.py:188} INFO - [model_utils] Precision@5: 0.0000
[2025-04-09T01:17:57.079+0000] {logging_mixin.py:188} INFO - [model_utils] Recall@5: 0.0000
[2025-04-09T01:17:57.079+0000] {logging_mixin.py:188} INFO - [model_utils] AUC: 0.5034
[2025-04-09T01:17:57.081+0000] {logging_mixin.py:188} INFO - [model_utils] 모델 저장 완료: data/model/lightfm_model.pkl
[2025-04-09T01:17:57.083+0000] {logging_mixin.py:188} INFO - [train_model] 모델 로컬 저장 경로: data/model/lightfm_model.pkl
[2025-04-09T01:17:57.083+0000] {logging_mixin.py:188} INFO - [train_model] 현재 작업 디렉토리: /opt/***
[2025-04-09T01:17:57.330+0000] {logging_mixin.py:188} INFO - [s3_utils] S3 연결 성공
[2025-04-09T01:17:57.883+0000] {logging_mixin.py:188} INFO - [s3_utils] S3 업로드 완료 → s3://saffybooknest/model/lightfm/model_lightfm_20250409.pkl
[2025-04-09T01:17:57.885+0000] {logging_mixin.py:188} INFO - [train_model] [모델 S3 업로드 완료 → s3://saffybooknest/model/lightfm/model_lightfm_20250409.pkl
[2025-04-09T01:17:57.885+0000] {python.py:201} INFO - Done. Returned value was: None
[2025-04-09T01:17:57.892+0000] {taskinstance.py:1138} INFO - Marking task as SUCCESS. dag_id=train_model_pipeline, task_id=train_model, execution_date=20250409T011748, start_date=20250409T011756, end_date=20250409T011757
[2025-04-09T01:17:57.936+0000] {local_task_job_runner.py:234} INFO - Task exited with return code 0
[2025-04-09T01:17:57.949+0000] {taskinstance.py:3280} INFO - 0 downstream tasks scheduled from follow-on schedule check
