[2025-04-07T07:51:14.604+0000] {taskinstance.py:1956} INFO - Dependencies all met for dep_context=non-requeueable deps ti=<TaskInstance: train_model_pipeline.build_matrix manual__2025-04-07T07:51:10.269855+00:00 [queued]>
[2025-04-07T07:51:14.612+0000] {taskinstance.py:1956} INFO - Dependencies all met for dep_context=requeueable deps ti=<TaskInstance: train_model_pipeline.build_matrix manual__2025-04-07T07:51:10.269855+00:00 [queued]>
[2025-04-07T07:51:14.612+0000] {taskinstance.py:2170} INFO - Starting attempt 1 of 1
[2025-04-07T07:51:14.625+0000] {taskinstance.py:2191} INFO - Executing <Task(PythonOperator): build_matrix> on 2025-04-07 07:51:10.269855+00:00
[2025-04-07T07:51:14.634+0000] {standard_task_runner.py:60} INFO - Started process 2223 to run task
[2025-04-07T07:51:14.637+0000] {standard_task_runner.py:87} INFO - Running: ['***', 'tasks', 'run', 'train_model_pipeline', 'build_matrix', 'manual__2025-04-07T07:51:10.269855+00:00', '--job-id', '528', '--raw', '--subdir', 'DAGS_FOLDER/train_model_dag.py', '--cfg-path', '/tmp/tmp1_aoxvoo']
[2025-04-07T07:51:14.638+0000] {standard_task_runner.py:88} INFO - Job 528: Subtask build_matrix
[2025-04-07T07:51:14.678+0000] {task_command.py:423} INFO - Running <TaskInstance: train_model_pipeline.build_matrix manual__2025-04-07T07:51:10.269855+00:00 [running]> on host c6a1082d0e89
[2025-04-07T07:51:14.745+0000] {taskinstance.py:2480} INFO - Exporting env vars: AIRFLOW_CTX_DAG_OWNER='***' AIRFLOW_CTX_DAG_ID='train_model_pipeline' AIRFLOW_CTX_TASK_ID='build_matrix' AIRFLOW_CTX_EXECUTION_DATE='2025-04-07T07:51:10.269855+00:00' AIRFLOW_CTX_TRY_NUMBER='1' AIRFLOW_CTX_DAG_RUN_ID='manual__2025-04-07T07:51:10.269855+00:00'
[2025-04-07T07:51:14.747+0000] {logging_mixin.py:188} INFO - [build_matrix] 데이터 로딩 중...
[2025-04-07T07:51:14.783+0000] {logging_mixin.py:188} INFO - [build_matrix] 피처 전처리 중...
[2025-04-07T07:51:14.795+0000] {logging_mixin.py:188} INFO - testsetse
[2025-04-07T07:51:14.796+0000] {logging_mixin.py:188} INFO - [build_matrix] 행렬 및 매핑 생성 중...
[2025-04-07T07:51:14.804+0000] {logging_mixin.py:188} INFO - [matrix_builder] 상호작용 수: 940
[2025-04-07T07:51:14.806+0000] {logging_mixin.py:188} INFO - 진입1
[2025-04-07T07:51:14.812+0000] {logging_mixin.py:188} INFO -    user_id  book_id             timestamp    action_type  score
0        6     3850  2025-04-05T13:00:00Z     select_tag   0.05
1       11     8739  2025-04-05T13:00:01Z  rating_star_5   0.50
2        8     5102  2025-04-05T13:00:02Z     select_tag   0.05
3        8     4395  2025-04-05T13:00:03Z  rating_star_1  -0.25
4        9     3122  2025-04-05T13:00:04Z  review_star_5   0.50
[2025-04-07T07:51:14.814+0000] {logging_mixin.py:188} INFO - 진입2
[2025-04-07T07:51:14.815+0000] {logging_mixin.py:188} INFO - [matrix_builder] 오류: Item id 3850 not in item id mapping. Make sure you call the fit method.
[2025-04-07T07:51:14.815+0000] {logging_mixin.py:188} INFO - [build_matrix] 오류 발생: not enough values to unpack (expected 6, got 0)
[2025-04-07T07:51:14.850+0000] {local_task_job_runner.py:234} INFO - Task exited with return code 1
[2025-04-07T07:51:14.868+0000] {taskinstance.py:3280} INFO - 0 downstream tasks scheduled from follow-on schedule check
