[2025-04-03T01:54:43.429+0000] {taskinstance.py:1956} INFO - Dependencies all met for dep_context=non-requeueable deps ti=<TaskInstance: pipeline_1_dag.build_matrix manual__2025-04-03T01:54:40.073335+00:00 [queued]>
[2025-04-03T01:54:43.436+0000] {taskinstance.py:1956} INFO - Dependencies all met for dep_context=requeueable deps ti=<TaskInstance: pipeline_1_dag.build_matrix manual__2025-04-03T01:54:40.073335+00:00 [queued]>
[2025-04-03T01:54:43.437+0000] {taskinstance.py:2170} INFO - Starting attempt 1 of 1
[2025-04-03T01:54:43.448+0000] {taskinstance.py:2191} INFO - Executing <Task(PythonOperator): build_matrix> on 2025-04-03 01:54:40.073335+00:00
[2025-04-03T01:54:43.453+0000] {standard_task_runner.py:60} INFO - Started process 2851 to run task
[2025-04-03T01:54:43.456+0000] {standard_task_runner.py:87} INFO - Running: ['***', 'tasks', 'run', 'pipeline_1_dag', 'build_matrix', 'manual__2025-04-03T01:54:40.073335+00:00', '--job-id', '73', '--raw', '--subdir', 'DAGS_FOLDER/pipeline_1_dag.py', '--cfg-path', '/tmp/tmpasaho2gi']
[2025-04-03T01:54:43.457+0000] {standard_task_runner.py:88} INFO - Job 73: Subtask build_matrix
[2025-04-03T01:54:43.492+0000] {task_command.py:423} INFO - Running <TaskInstance: pipeline_1_dag.build_matrix manual__2025-04-03T01:54:40.073335+00:00 [running]> on host ccc140473116
[2025-04-03T01:54:43.548+0000] {taskinstance.py:2480} INFO - Exporting env vars: AIRFLOW_CTX_DAG_OWNER='***' AIRFLOW_CTX_DAG_ID='pipeline_1_dag' AIRFLOW_CTX_TASK_ID='build_matrix' AIRFLOW_CTX_EXECUTION_DATE='2025-04-03T01:54:40.073335+00:00' AIRFLOW_CTX_TRY_NUMBER='1' AIRFLOW_CTX_DAG_RUN_ID='manual__2025-04-03T01:54:40.073335+00:00'
[2025-04-03T01:54:43.550+0000] {logging_mixin.py:188} INFO - [1] 데이터 불러오는 중...
[2025-04-03T01:54:43.575+0000] {logging_mixin.py:188} INFO - book_df / log_df 로딩 완료
[2025-04-03T01:54:43.578+0000] {logging_mixin.py:188} INFO - [2] 가중치 계산 완료 (남은 로그 수: 3)
[2025-04-03T01:54:43.579+0000] {logging_mixin.py:188} INFO - [3] 피처 리스트 생성 완료
[2025-04-03T01:54:43.582+0000] {logging_mixin.py:188} INFO - [4] 행렬 및 매핑 생성 완료
[2025-04-03T01:54:43.583+0000] {logging_mixin.py:188} INFO - [5] 행렬 + 매핑 저장 완료 → data/processed/matrix.pkl
[2025-04-03T01:54:44.140+0000] {logging_mixin.py:188} INFO - S3 업로드 완료: s3://saffybooknest/matrix/lightfm/matrix_lightfm_20250403.pkl
[2025-04-03T01:54:44.144+0000] {logging_mixin.py:188} INFO - [6] S3 저장 완료 -> matrix/lightfm/matrix_20250403.pkl
[2025-04-03T01:54:44.146+0000] {python.py:201} INFO - Done. Returned value was: None
[2025-04-03T01:54:44.155+0000] {taskinstance.py:1138} INFO - Marking task as SUCCESS. dag_id=pipeline_1_dag, task_id=build_matrix, execution_date=20250403T015440, start_date=20250403T015443, end_date=20250403T015444
[2025-04-03T01:54:44.192+0000] {local_task_job_runner.py:234} INFO - Task exited with return code 0
[2025-04-03T01:54:44.213+0000] {taskinstance.py:3280} INFO - 1 downstream tasks scheduled from follow-on schedule check
