[2025-04-03T08:30:08.743+0000] {taskinstance.py:1956} INFO - Dependencies all met for dep_context=non-requeueable deps ti=<TaskInstance: train_model_pipeline.build_matrix manual__2025-04-03T08:30:04.156863+00:00 [queued]>
[2025-04-03T08:30:08.749+0000] {taskinstance.py:1956} INFO - Dependencies all met for dep_context=requeueable deps ti=<TaskInstance: train_model_pipeline.build_matrix manual__2025-04-03T08:30:04.156863+00:00 [queued]>
[2025-04-03T08:30:08.750+0000] {taskinstance.py:2170} INFO - Starting attempt 1 of 1
[2025-04-03T08:30:08.760+0000] {taskinstance.py:2191} INFO - Executing <Task(PythonOperator): build_matrix> on 2025-04-03 08:30:04.156863+00:00
[2025-04-03T08:30:08.768+0000] {standard_task_runner.py:60} INFO - Started process 4325 to run task
[2025-04-03T08:30:08.771+0000] {standard_task_runner.py:87} INFO - Running: ['***', 'tasks', 'run', 'train_model_pipeline', 'build_matrix', 'manual__2025-04-03T08:30:04.156863+00:00', '--job-id', '330', '--raw', '--subdir', 'DAGS_FOLDER/train_model_dag.py', '--cfg-path', '/tmp/tmpb4wnmecu']
[2025-04-03T08:30:08.772+0000] {standard_task_runner.py:88} INFO - Job 330: Subtask build_matrix
[2025-04-03T08:30:08.809+0000] {task_command.py:423} INFO - Running <TaskInstance: train_model_pipeline.build_matrix manual__2025-04-03T08:30:04.156863+00:00 [running]> on host b3cf11128f5a
[2025-04-03T08:30:08.901+0000] {taskinstance.py:2480} INFO - Exporting env vars: AIRFLOW_CTX_DAG_OWNER='***' AIRFLOW_CTX_DAG_ID='train_model_pipeline' AIRFLOW_CTX_TASK_ID='build_matrix' AIRFLOW_CTX_EXECUTION_DATE='2025-04-03T08:30:04.156863+00:00' AIRFLOW_CTX_TRY_NUMBER='1' AIRFLOW_CTX_DAG_RUN_ID='manual__2025-04-03T08:30:04.156863+00:00'
[2025-04-03T08:30:08.903+0000] {logging_mixin.py:188} INFO - [build_matrix] 데이터 로딩 중...
[2025-04-03T08:30:08.942+0000] {logging_mixin.py:188} INFO - [build_matrix] 피처 전처리 중...
[2025-04-03T08:30:08.945+0000] {logging_mixin.py:188} INFO - [build_matrix] 행렬 및 매핑 생성 중...
[2025-04-03T08:30:08.947+0000] {logging_mixin.py:188} INFO - [matrix_builder] 상호작용 수: 4
[2025-04-03T08:30:08.951+0000] {logging_mixin.py:188} INFO - interactions type: <class 'scipy.sparse._coo.coo_matrix'>
[2025-04-03T08:30:08.951+0000] {logging_mixin.py:188} INFO - weights type: <class 'scipy.sparse._coo.coo_matrix'>
[2025-04-03T08:30:08.952+0000] {logging_mixin.py:188} INFO - Sample interactions_source: [(1, 5, 1.0), (1, 9, 0.9), (2, 3, 0.9), (3, 4, 0.9)]
[2025-04-03T08:30:08.952+0000] {logging_mixin.py:188} INFO - [build_matrix] 저장 완료: data/processed/matrix.pkl
[2025-04-03T08:30:09.111+0000] {logging_mixin.py:188} INFO - [s3_utils] S3 업로드 완료 → s3://saffybooknest/matrix/lightfm/matrix_lightfm_20250403.pkl
[2025-04-03T08:30:09.112+0000] {logging_mixin.py:188} INFO - [build_matrix] S3 업로드 완료
[2025-04-03T08:30:09.112+0000] {python.py:201} INFO - Done. Returned value was: None
[2025-04-03T08:30:09.120+0000] {taskinstance.py:1138} INFO - Marking task as SUCCESS. dag_id=train_model_pipeline, task_id=build_matrix, execution_date=20250403T083004, start_date=20250403T083008, end_date=20250403T083009
[2025-04-03T08:30:09.145+0000] {local_task_job_runner.py:234} INFO - Task exited with return code 0
[2025-04-03T08:30:09.160+0000] {taskinstance.py:3280} INFO - 1 downstream tasks scheduled from follow-on schedule check
