[2025-04-10T00:56:23.800+0000] {taskinstance.py:1956} INFO - Dependencies all met for dep_context=non-requeueable deps ti=<TaskInstance: train_model_pipeline.train_model manual__2025-04-10T00:55:27.802725+00:00 [queued]>
[2025-04-10T00:56:23.807+0000] {taskinstance.py:1956} INFO - Dependencies all met for dep_context=requeueable deps ti=<TaskInstance: train_model_pipeline.train_model manual__2025-04-10T00:55:27.802725+00:00 [queued]>
[2025-04-10T00:56:23.807+0000] {taskinstance.py:2170} INFO - Starting attempt 1 of 1
[2025-04-10T00:56:23.817+0000] {taskinstance.py:2191} INFO - Executing <Task(PythonOperator): train_model> on 2025-04-10 00:55:27.802725+00:00
[2025-04-10T00:56:23.824+0000] {standard_task_runner.py:60} INFO - Started process 206 to run task
[2025-04-10T00:56:23.826+0000] {standard_task_runner.py:87} INFO - Running: ['***', 'tasks', 'run', 'train_model_pipeline', 'train_model', 'manual__2025-04-10T00:55:27.802725+00:00', '--job-id', '676', '--raw', '--subdir', 'DAGS_FOLDER/train_model_dag.py', '--cfg-path', '/tmp/tmpgnmcrzz9']
[2025-04-10T00:56:23.827+0000] {standard_task_runner.py:88} INFO - Job 676: Subtask train_model
[2025-04-10T00:56:23.861+0000] {task_command.py:423} INFO - Running <TaskInstance: train_model_pipeline.train_model manual__2025-04-10T00:55:27.802725+00:00 [running]> on host 7ec5ad01cd28
[2025-04-10T00:56:23.915+0000] {taskinstance.py:2480} INFO - Exporting env vars: AIRFLOW_CTX_DAG_OWNER='booknest' AIRFLOW_CTX_DAG_ID='train_model_pipeline' AIRFLOW_CTX_TASK_ID='train_model' AIRFLOW_CTX_EXECUTION_DATE='2025-04-10T00:55:27.802725+00:00' AIRFLOW_CTX_TRY_NUMBER='1' AIRFLOW_CTX_DAG_RUN_ID='manual__2025-04-10T00:55:27.802725+00:00'
[2025-04-10T00:56:23.917+0000] {logging_mixin.py:188} INFO - [train_model] 학습용 행렬 로드 중...
[2025-04-10T00:56:23.925+0000] {logging_mixin.py:188} INFO - [train_model] user 수: 19, item 수: 8
[2025-04-10T00:56:23.926+0000] {logging_mixin.py:188} INFO - [train_model] interactions shape: (19, 8), nnz: 19
[2025-04-10T00:56:23.927+0000] {logging_mixin.py:188} INFO - [train_model] 모델 학습 시작...
[2025-04-10T00:56:23.943+0000] {logging_mixin.py:188} INFO - [model_utils] 모델 학습 완료
[2025-04-10T00:56:23.944+0000] {logging_mixin.py:188} INFO - 26327
[2025-04-10T00:56:23.945+0000] {logging_mixin.py:188} INFO - [train_model] user 0 vs 1 벡터 차이: 0.08383318
[2025-04-10T00:56:23.945+0000] {logging_mixin.py:188} INFO - [train_model] Precision@5 평가 중...
[2025-04-10T00:56:23.945+0000] {logging_mixin.py:188} INFO - [model_utils] 평가용 상호작용 행렬 shape: (19, 8), nnz: 19
[2025-04-10T00:56:23.948+0000] {logging_mixin.py:188} INFO - [model_utils] Precision@5: 0.0000
[2025-04-10T00:56:23.948+0000] {logging_mixin.py:188} INFO - [model_utils] Recall@5: 0.0000
[2025-04-10T00:56:23.949+0000] {logging_mixin.py:188} INFO - [model_utils] AUC: 0.0000
[2025-04-10T00:56:23.956+0000] {logging_mixin.py:188} INFO - [model_utils] 모델 저장 완료: data/model/lightfm_model.pkl
[2025-04-10T00:56:23.956+0000] {logging_mixin.py:188} INFO - [train_model] 모델 로컬 저장 경로: data/model/lightfm_model.pkl
[2025-04-10T00:56:23.957+0000] {logging_mixin.py:188} INFO - [train_model] 현재 작업 디렉토리: /opt/***
[2025-04-10T00:56:24.204+0000] {logging_mixin.py:188} INFO - [s3_utils] S3 연결 성공
[2025-04-10T00:56:25.314+0000] {logging_mixin.py:188} INFO - [s3_utils] S3 업로드 완료 → s3://saffybooknest/model/lightfm/model_lightfm_20250410.pkl
[2025-04-10T00:56:25.315+0000] {logging_mixin.py:188} INFO - [train_model] [모델 S3 업로드 완료 → s3://saffybooknest/model/lightfm/model_lightfm_20250410.pkl
[2025-04-10T00:56:25.317+0000] {python.py:201} INFO - Done. Returned value was: None
[2025-04-10T00:56:25.324+0000] {taskinstance.py:1138} INFO - Marking task as SUCCESS. dag_id=train_model_pipeline, task_id=train_model, execution_date=20250410T005527, start_date=20250410T005623, end_date=20250410T005625
[2025-04-10T00:56:25.367+0000] {local_task_job_runner.py:234} INFO - Task exited with return code 0
[2025-04-10T00:56:25.379+0000] {taskinstance.py:3280} INFO - 0 downstream tasks scheduled from follow-on schedule check
