[2025-04-10T20:24:13.060+0000] {taskinstance.py:1956} INFO - Dependencies all met for dep_context=non-requeueable deps ti=<TaskInstance: train_model_pipeline.build_matrix manual__2025-04-10T20:23:36.793838+00:00 [queued]>
[2025-04-10T20:24:13.066+0000] {taskinstance.py:1956} INFO - Dependencies all met for dep_context=requeueable deps ti=<TaskInstance: train_model_pipeline.build_matrix manual__2025-04-10T20:23:36.793838+00:00 [queued]>
[2025-04-10T20:24:13.066+0000] {taskinstance.py:2170} INFO - Starting attempt 1 of 1
[2025-04-10T20:24:13.079+0000] {taskinstance.py:2191} INFO - Executing <Task(PythonOperator): build_matrix> on 2025-04-10 20:23:36.793838+00:00
[2025-04-10T20:24:13.085+0000] {standard_task_runner.py:60} INFO - Started process 15339 to run task
[2025-04-10T20:24:13.088+0000] {standard_task_runner.py:87} INFO - Running: ['***', 'tasks', 'run', 'train_model_pipeline', 'build_matrix', 'manual__2025-04-10T20:23:36.793838+00:00', '--job-id', '691', '--raw', '--subdir', 'DAGS_FOLDER/train_model_dag.py', '--cfg-path', '/tmp/tmp1kqvicmg']
[2025-04-10T20:24:13.089+0000] {standard_task_runner.py:88} INFO - Job 691: Subtask build_matrix
[2025-04-10T20:24:13.128+0000] {task_command.py:423} INFO - Running <TaskInstance: train_model_pipeline.build_matrix manual__2025-04-10T20:23:36.793838+00:00 [running]> on host 7ec5ad01cd28
[2025-04-10T20:24:13.189+0000] {taskinstance.py:2480} INFO - Exporting env vars: AIRFLOW_CTX_DAG_OWNER='booknest' AIRFLOW_CTX_DAG_ID='train_model_pipeline' AIRFLOW_CTX_TASK_ID='build_matrix' AIRFLOW_CTX_EXECUTION_DATE='2025-04-10T20:23:36.793838+00:00' AIRFLOW_CTX_TRY_NUMBER='1' AIRFLOW_CTX_DAG_RUN_ID='manual__2025-04-10T20:23:36.793838+00:00'
[2025-04-10T20:24:13.191+0000] {logging_mixin.py:188} INFO - [build_matrix] 데이터 로딩 중...
[2025-04-10T20:24:13.282+0000] {logging_mixin.py:188} INFO - [build_matrix] 피처 전처리 중...
[2025-04-10T20:24:15.731+0000] {logging_mixin.py:188} INFO - [build_matrix] 행렬 생성 중...
[2025-04-10T20:24:15.746+0000] {logging_mixin.py:188} INFO - [matrix_builder] 유효한 상호작용 수: 1789
[2025-04-10T20:24:15.885+0000] {logging_mixin.py:188} INFO - [matrix_builder] 사용자 수: 15
[2025-04-10T20:24:15.886+0000] {logging_mixin.py:188} INFO - [matrix_builder] 학습에 사용된 책 수: 1789
[2025-04-10T20:24:15.886+0000] {logging_mixin.py:188} INFO - [build_matrix] 매핑된 상호작용 수: 1789
[2025-04-10T20:24:15.908+0000] {logging_mixin.py:188} INFO - [build_matrix] 저장 완료: data/processed/matrix.pkl
[2025-04-10T20:24:16.125+0000] {logging_mixin.py:188} INFO - [s3_utils] S3 연결 성공
[2025-04-10T20:24:16.456+0000] {logging_mixin.py:188} INFO - [s3_utils] S3 업로드 완료 → s3://saffybooknest/matrix/lightfm/matrix_lightfm_20250410.pkl
[2025-04-10T20:24:16.457+0000] {logging_mixin.py:188} INFO - [build_matrix] S3 업로드 완료
[2025-04-10T20:24:16.486+0000] {python.py:201} INFO - Done. Returned value was: None
[2025-04-10T20:24:16.493+0000] {taskinstance.py:1138} INFO - Marking task as SUCCESS. dag_id=train_model_pipeline, task_id=build_matrix, execution_date=20250410T202336, start_date=20250410T202413, end_date=20250410T202416
[2025-04-10T20:24:16.555+0000] {local_task_job_runner.py:234} INFO - Task exited with return code 0
[2025-04-10T20:24:16.571+0000] {taskinstance.py:3280} INFO - 1 downstream tasks scheduled from follow-on schedule check
