[2025-04-03T08:26:12.253+0000] {taskinstance.py:1956} INFO - Dependencies all met for dep_context=non-requeueable deps ti=<TaskInstance: train_model_pipeline.train_model manual__2025-04-03T08:26:05.402970+00:00 [queued]>
[2025-04-03T08:26:12.258+0000] {taskinstance.py:1956} INFO - Dependencies all met for dep_context=requeueable deps ti=<TaskInstance: train_model_pipeline.train_model manual__2025-04-03T08:26:05.402970+00:00 [queued]>
[2025-04-03T08:26:12.259+0000] {taskinstance.py:2170} INFO - Starting attempt 1 of 1
[2025-04-03T08:26:12.269+0000] {taskinstance.py:2191} INFO - Executing <Task(PythonOperator): train_model> on 2025-04-03 08:26:05.402970+00:00
[2025-04-03T08:26:12.276+0000] {standard_task_runner.py:60} INFO - Started process 4111 to run task
[2025-04-03T08:26:12.279+0000] {standard_task_runner.py:87} INFO - Running: ['***', 'tasks', 'run', 'train_model_pipeline', 'train_model', 'manual__2025-04-03T08:26:05.402970+00:00', '--job-id', '322', '--raw', '--subdir', 'DAGS_FOLDER/train_model_dag.py', '--cfg-path', '/tmp/tmp5mu_0mmc']
[2025-04-03T08:26:12.281+0000] {standard_task_runner.py:88} INFO - Job 322: Subtask train_model
[2025-04-03T08:26:12.316+0000] {task_command.py:423} INFO - Running <TaskInstance: train_model_pipeline.train_model manual__2025-04-03T08:26:05.402970+00:00 [running]> on host b3cf11128f5a
[2025-04-03T08:26:12.376+0000] {taskinstance.py:2480} INFO - Exporting env vars: AIRFLOW_CTX_DAG_OWNER='***' AIRFLOW_CTX_DAG_ID='train_model_pipeline' AIRFLOW_CTX_TASK_ID='train_model' AIRFLOW_CTX_EXECUTION_DATE='2025-04-03T08:26:05.402970+00:00' AIRFLOW_CTX_TRY_NUMBER='1' AIRFLOW_CTX_DAG_RUN_ID='manual__2025-04-03T08:26:05.402970+00:00'
[2025-04-03T08:26:12.378+0000] {logging_mixin.py:188} INFO - [1] 학습용 행렬 로드 중...
[2025-04-03T08:26:12.379+0000] {logging_mixin.py:188} INFO - <class 'scipy.sparse._coo.coo_matrix'>
[2025-04-03T08:26:12.380+0000] {logging_mixin.py:188} INFO - <class 'scipy.sparse._coo.coo_matrix'>
[2025-04-03T08:26:12.380+0000] {logging_mixin.py:188} INFO - [2] 모델 학습 중...
[2025-04-03T08:26:12.382+0000] {logging_mixin.py:188} INFO - [model_utils] 모델 학습 완료
[2025-04-03T08:26:12.383+0000] {logging_mixin.py:188} INFO - [3] Precision@5 평가 중...
[2025-04-03T08:26:12.385+0000] {logging_mixin.py:188} INFO - [model_utils] Precision@5: 0.2000
[2025-04-03T08:26:12.385+0000] {logging_mixin.py:188} INFO - [model_utils] 모델 저장 완료: model/lightfm_model.pkl
[2025-04-03T08:26:12.575+0000] {logging_mixin.py:188} INFO - [s3_utils] S3 업로드 완료 → s3://saffybooknest/model/lightfm/model_lightfm_20250403.pkl
[2025-04-03T08:26:12.575+0000] {logging_mixin.py:188} INFO - [4] 모델 S3 업로드 완료 → model/lightfm/model_lightfm_20250403.pkl
[2025-04-03T08:26:12.576+0000] {python.py:201} INFO - Done. Returned value was: None
[2025-04-03T08:26:12.584+0000] {taskinstance.py:1138} INFO - Marking task as SUCCESS. dag_id=train_model_pipeline, task_id=train_model, execution_date=20250403T082605, start_date=20250403T082612, end_date=20250403T082612
[2025-04-03T08:26:12.613+0000] {local_task_job_runner.py:234} INFO - Task exited with return code 0
[2025-04-03T08:26:12.626+0000] {taskinstance.py:3280} INFO - 0 downstream tasks scheduled from follow-on schedule check
