[2025-04-03T11:06:37.379+0000] {taskinstance.py:1956} INFO - Dependencies all met for dep_context=non-requeueable deps ti=<TaskInstance: update_model_daily.update_model manual__2025-04-03T11:06:35.363666+00:00 [queued]>
[2025-04-03T11:06:37.386+0000] {taskinstance.py:1956} INFO - Dependencies all met for dep_context=requeueable deps ti=<TaskInstance: update_model_daily.update_model manual__2025-04-03T11:06:35.363666+00:00 [queued]>
[2025-04-03T11:06:37.387+0000] {taskinstance.py:2170} INFO - Starting attempt 1 of 1
[2025-04-03T11:06:37.400+0000] {taskinstance.py:2191} INFO - Executing <Task(PythonOperator): update_model> on 2025-04-03 11:06:35.363666+00:00
[2025-04-03T11:06:37.406+0000] {standard_task_runner.py:60} INFO - Started process 5428 to run task
[2025-04-03T11:06:37.408+0000] {standard_task_runner.py:87} INFO - Running: ['***', 'tasks', 'run', 'update_model_daily', 'update_model', 'manual__2025-04-03T11:06:35.363666+00:00', '--job-id', '349', '--raw', '--subdir', 'DAGS_FOLDER/update_model_dag.py', '--cfg-path', '/tmp/tmpromxdogm']
[2025-04-03T11:06:37.410+0000] {standard_task_runner.py:88} INFO - Job 349: Subtask update_model
[2025-04-03T11:06:37.447+0000] {task_command.py:423} INFO - Running <TaskInstance: update_model_daily.update_model manual__2025-04-03T11:06:35.363666+00:00 [running]> on host b3cf11128f5a
[2025-04-03T11:06:37.510+0000] {taskinstance.py:2480} INFO - Exporting env vars: AIRFLOW_CTX_DAG_OWNER='***' AIRFLOW_CTX_DAG_ID='update_model_daily' AIRFLOW_CTX_TASK_ID='update_model' AIRFLOW_CTX_EXECUTION_DATE='2025-04-03T11:06:35.363666+00:00' AIRFLOW_CTX_TRY_NUMBER='1' AIRFLOW_CTX_DAG_RUN_ID='manual__2025-04-03T11:06:35.363666+00:00'
[2025-04-03T11:06:37.512+0000] {logging_mixin.py:188} INFO - [update_model] S3에서 전날 matrix.pkl 다운로드 중...
[2025-04-03T11:06:37.663+0000] {logging_mixin.py:188} INFO - [s3_utils] 다운로드 완료: matrix/lightfm/matrix_lightfm_20250403.pkl → data/processed/matrix_daily.pkl
[2025-04-03T11:06:37.665+0000] {logging_mixin.py:188} INFO - [update_model] 기존 데이터 로딩 완료
[2025-04-03T11:06:37.671+0000] {logging_mixin.py:188} INFO - [update_model] 로그 2건 반영 중...
[2025-04-03T11:06:37.672+0000] {logging_mixin.py:188} INFO - [update_model] fit_partial 수행 완료
[2025-04-03T11:06:37.672+0000] {logging_mixin.py:188} INFO - [디버깅] user_mapping: {1: 0, 2: 1, 3: 2}
[2025-04-03T11:06:37.673+0000] {logging_mixin.py:188} INFO - [디버깅] item_mapping: {1: 0, 2: 1, 3: 2, 4: 3, 5: 4, 6: 5, 7: 6, 8: 7, 9: 8, 10: 9, 11: 10, 12: 11, 13: 12, 14: 13, 15: 14, 16: 15}
[2025-04-03T11:06:37.673+0000] {logging_mixin.py:188} INFO -   (0, 4)	1
  (0, 8)	1
  (1, 2)	1
  (2, 3)	1
[2025-04-03T11:06:37.674+0000] {logging_mixin.py:188} INFO -   (0, 4)	1.0
  (0, 8)	0.9
  (1, 2)	0.9
  (2, 3)	0.9
[2025-04-03T11:06:37.675+0000] {logging_mixin.py:188} INFO -   (0, 4)	1
  (0, 8)	1
  (1, 2)	1
  (2, 3)	1
  (4, 1)	1
  (3, 5)	1
[2025-04-03T11:06:37.676+0000] {logging_mixin.py:188} INFO -   (0, 4)	1.0
  (0, 8)	0.9
  (1, 2)	0.9
  (2, 3)	0.9
  (4, 1)	1.0
  (3, 5)	0.9
[2025-04-03T11:06:37.676+0000] {logging_mixin.py:188} INFO - [update_model] 모델 업데이트 학습 중...
[2025-04-03T11:06:37.679+0000] {logging_mixin.py:188} INFO - [model_utils] 모델 학습 완료
[2025-04-03T11:06:37.680+0000] {logging_mixin.py:188} INFO - [model_utils] Precision@5: 0.1000
[2025-04-03T11:06:37.681+0000] {logging_mixin.py:188} INFO - [model_utils] 모델 저장 완료: model/lightfm_model_updated.pkl
[2025-04-03T11:06:37.753+0000] {logging_mixin.py:188} INFO - [s3_utils] S3 업로드 완료 → s3://saffybooknest/model/lightfm/model_lightfm_20250403_updated.pkl
[2025-04-03T11:06:37.753+0000] {logging_mixin.py:188} INFO - [update_model] 업데이트 모델 S3 저장 완료
[2025-04-03T11:06:37.803+0000] {logging_mixin.py:188} INFO - [s3_utils] S3 업로드 완료 → s3://saffybooknest/matrix/lightfm/matrix_lightfm_20250403_updated.pkl
[2025-04-03T11:06:37.804+0000] {logging_mixin.py:188} INFO - [update_model] 업데이트된 메트릭스도 S3에 저장 완료
[2025-04-03T11:06:37.805+0000] {python.py:201} INFO - Done. Returned value was: None
[2025-04-03T11:06:37.812+0000] {taskinstance.py:1138} INFO - Marking task as SUCCESS. dag_id=update_model_daily, task_id=update_model, execution_date=20250403T110635, start_date=20250403T110637, end_date=20250403T110637
[2025-04-03T11:06:37.864+0000] {local_task_job_runner.py:234} INFO - Task exited with return code 0
[2025-04-03T11:06:37.877+0000] {taskinstance.py:3280} INFO - 0 downstream tasks scheduled from follow-on schedule check
