[2025-04-09T12:59:45.044+0000] {taskinstance.py:1956} INFO - Dependencies all met for dep_context=non-requeueable deps ti=<TaskInstance: train_model_pipeline.load_data manual__2025-04-09T12:59:43.000369+00:00 [queued]>
[2025-04-09T12:59:45.050+0000] {taskinstance.py:1956} INFO - Dependencies all met for dep_context=requeueable deps ti=<TaskInstance: train_model_pipeline.load_data manual__2025-04-09T12:59:43.000369+00:00 [queued]>
[2025-04-09T12:59:45.051+0000] {taskinstance.py:2170} INFO - Starting attempt 1 of 1
[2025-04-09T12:59:45.061+0000] {taskinstance.py:2191} INFO - Executing <Task(PythonOperator): load_data> on 2025-04-09 12:59:43.000369+00:00
[2025-04-09T12:59:45.070+0000] {standard_task_runner.py:60} INFO - Started process 36773 to run task
[2025-04-09T12:59:45.074+0000] {standard_task_runner.py:87} INFO - Running: ['***', 'tasks', 'run', 'train_model_pipeline', 'load_data', 'manual__2025-04-09T12:59:43.000369+00:00', '--job-id', '655', '--raw', '--subdir', 'DAGS_FOLDER/train_model_dag.py', '--cfg-path', '/tmp/tmp3w9k_41u']
[2025-04-09T12:59:45.075+0000] {standard_task_runner.py:88} INFO - Job 655: Subtask load_data
[2025-04-09T12:59:45.119+0000] {task_command.py:423} INFO - Running <TaskInstance: train_model_pipeline.load_data manual__2025-04-09T12:59:43.000369+00:00 [running]> on host c6a1082d0e89
[2025-04-09T12:59:45.193+0000] {taskinstance.py:2480} INFO - Exporting env vars: AIRFLOW_CTX_DAG_OWNER='booknest' AIRFLOW_CTX_DAG_ID='train_model_pipeline' AIRFLOW_CTX_TASK_ID='load_data' AIRFLOW_CTX_EXECUTION_DATE='2025-04-09T12:59:43.000369+00:00' AIRFLOW_CTX_TRY_NUMBER='1' AIRFLOW_CTX_DAG_RUN_ID='manual__2025-04-09T12:59:43.000369+00:00'
[2025-04-09T12:59:45.195+0000] {logging_mixin.py:188} INFO - [load_data] DB 연결 중...
[2025-04-09T12:59:45.203+0000] {logging_mixin.py:188} INFO - [db_utils] DB 연결 성공
[2025-04-09T12:59:45.204+0000] {logging_mixin.py:188} INFO - [load_data] 저장 경로(data/raw) 확인 완료
[2025-04-09T12:59:45.205+0000] {logging_mixin.py:188} INFO - [load_data] 도서 정보 로딩 중...
[2025-04-09T12:59:45.207+0000] {logging_mixin.py:188} INFO - [db_utils] DB 연결 성공
[2025-04-09T12:59:45.207+0000] {logging_mixin.py:188} INFO - [load_book_df] 도서 데이터 쿼리 실행 중...
[2025-04-09T13:00:03.504+0000] {logging_mixin.py:188} INFO - [load_book_df] 54687건 로드 완료
[2025-04-09T13:00:03.505+0000] {logging_mixin.py:188} INFO - [load_data] 도서 정보 54687건 로드 완료
[2025-04-09T13:00:03.506+0000] {logging_mixin.py:188} INFO - [load_data] 유저 정보 로딩 중...
[2025-04-09T13:00:03.506+0000] {logging_mixin.py:188} INFO - [db_utils] DB 연결 성공
[2025-04-09T13:00:03.507+0000] {logging_mixin.py:188} INFO - [load_user_df] 유저 데이터 쿼리 실행 중...
[2025-04-09T13:00:03.764+0000] {logging_mixin.py:188} INFO - [load_user_df] 16건 로드 완료
[2025-04-09T13:00:03.764+0000] {logging_mixin.py:188} INFO - [load_data] 유저 정보 16건 로드 완료
[2025-04-09T13:00:03.765+0000] {logging_mixin.py:188} INFO - [load_data] 로그 S3 다운로드 중 → logs/250409/logs_250409.csv
[2025-04-09T13:00:03.842+0000] {logging_mixin.py:188} INFO - [s3_utils] S3 연결 성공
[2025-04-09T13:00:03.997+0000] {logging_mixin.py:188} INFO - [s3_utils] 다운로드 완료: logs/250409/logs_250409.csv → data/raw/logs_250409.csv
[2025-04-09T13:00:04.002+0000] {logging_mixin.py:188} INFO - [s3_utils] CSV 로드 완료: 20 rows from data/raw/logs_250409.csv
[2025-04-09T13:00:04.002+0000] {logging_mixin.py:188} INFO - [load_data] 파일 저장 중...
[2025-04-09T13:00:04.076+0000] {logging_mixin.py:188} INFO - [save_book_df] Saved to data/raw/book_df.parquet
[2025-04-09T13:00:04.078+0000] {logging_mixin.py:188} INFO - [save_user_df] Saved to data/raw/user_df.parquet
[2025-04-09T13:00:04.080+0000] {logging_mixin.py:188} INFO - [save_log_df] Saved to data/raw/log_df.parquet
[2025-04-09T13:00:04.081+0000] {logging_mixin.py:188} INFO - [load_data] 저장 완료
[2025-04-09T13:00:04.087+0000] {python.py:201} INFO - Done. Returned value was: None
[2025-04-09T13:00:04.097+0000] {taskinstance.py:1138} INFO - Marking task as SUCCESS. dag_id=train_model_pipeline, task_id=load_data, execution_date=20250409T125943, start_date=20250409T125945, end_date=20250409T130004
[2025-04-09T13:00:04.135+0000] {local_task_job_runner.py:234} INFO - Task exited with return code 0
[2025-04-09T13:00:04.160+0000] {taskinstance.py:3280} INFO - 1 downstream tasks scheduled from follow-on schedule check
