[2025-04-16T04:18:14.747+0000] {taskinstance.py:1956} INFO - Dependencies all met for dep_context=non-requeueable deps ti=<TaskInstance: train_model_pipeline.build_matrix manual__2025-04-16T04:17:39.963838+00:00 [queued]>
[2025-04-16T04:18:14.753+0000] {taskinstance.py:1956} INFO - Dependencies all met for dep_context=requeueable deps ti=<TaskInstance: train_model_pipeline.build_matrix manual__2025-04-16T04:17:39.963838+00:00 [queued]>
[2025-04-16T04:18:14.753+0000] {taskinstance.py:2170} INFO - Starting attempt 1 of 1
[2025-04-16T04:18:14.764+0000] {taskinstance.py:2191} INFO - Executing <Task(PythonOperator): build_matrix> on 2025-04-16 04:17:39.963838+00:00
[2025-04-16T04:18:14.772+0000] {standard_task_runner.py:60} INFO - Started process 196 to run task
[2025-04-16T04:18:14.775+0000] {standard_task_runner.py:87} INFO - Running: ['***', 'tasks', 'run', 'train_model_pipeline', 'build_matrix', 'manual__2025-04-16T04:17:39.963838+00:00', '--job-id', '741', '--raw', '--subdir', 'DAGS_FOLDER/train_model_dag.py', '--cfg-path', '/tmp/tmpx_vhnr8d']
[2025-04-16T04:18:14.776+0000] {standard_task_runner.py:88} INFO - Job 741: Subtask build_matrix
[2025-04-16T04:18:14.812+0000] {task_command.py:423} INFO - Running <TaskInstance: train_model_pipeline.build_matrix manual__2025-04-16T04:17:39.963838+00:00 [running]> on host 7ec5ad01cd28
[2025-04-16T04:18:14.868+0000] {taskinstance.py:2480} INFO - Exporting env vars: AIRFLOW_CTX_DAG_OWNER='booknest' AIRFLOW_CTX_DAG_ID='train_model_pipeline' AIRFLOW_CTX_TASK_ID='build_matrix' AIRFLOW_CTX_EXECUTION_DATE='2025-04-16T04:17:39.963838+00:00' AIRFLOW_CTX_TRY_NUMBER='1' AIRFLOW_CTX_DAG_RUN_ID='manual__2025-04-16T04:17:39.963838+00:00'
[2025-04-16T04:18:14.869+0000] {logging_mixin.py:188} INFO - [build_matrix] 데이터 로딩 중...
[2025-04-16T04:18:14.952+0000] {logging_mixin.py:188} INFO - [build_matrix] 피처 전처리 중...
[2025-04-16T04:18:17.451+0000] {logging_mixin.py:188} INFO - [build_matrix] 행렬 생성 중...
[2025-04-16T04:18:17.466+0000] {logging_mixin.py:188} INFO - [matrix_builder] 유효한 상호작용 수: 1831
[2025-04-16T04:18:17.614+0000] {logging_mixin.py:188} INFO - [matrix_builder] 사용자 수: 58
[2025-04-16T04:18:17.615+0000] {logging_mixin.py:188} INFO - [matrix_builder] 학습에 사용된 책 수: 1831
[2025-04-16T04:18:17.616+0000] {logging_mixin.py:188} INFO - [build_matrix] 매핑된 상호작용 수: 1831
[2025-04-16T04:18:17.634+0000] {logging_mixin.py:188} INFO - [build_matrix] 저장 완료: data/processed/matrix.pkl
[2025-04-16T04:18:17.829+0000] {logging_mixin.py:188} INFO - [s3_utils] S3 연결 성공
[2025-04-16T04:18:18.163+0000] {logging_mixin.py:188} INFO - [s3_utils] S3 업로드 완료 → s3://saffybooknest/matrix/lightfm/matrix_lightfm_20250416.pkl
[2025-04-16T04:18:18.165+0000] {logging_mixin.py:188} INFO - [build_matrix] S3 업로드 완료
[2025-04-16T04:18:18.194+0000] {python.py:201} INFO - Done. Returned value was: None
[2025-04-16T04:18:18.202+0000] {taskinstance.py:1138} INFO - Marking task as SUCCESS. dag_id=train_model_pipeline, task_id=build_matrix, execution_date=20250416T041739, start_date=20250416T041814, end_date=20250416T041818
[2025-04-16T04:18:18.242+0000] {local_task_job_runner.py:234} INFO - Task exited with return code 0
[2025-04-16T04:18:18.264+0000] {taskinstance.py:3280} INFO - 1 downstream tasks scheduled from follow-on schedule check
