[2025-04-02T23:36:41.409+0000] {taskinstance.py:1956} INFO - Dependencies all met for dep_context=non-requeueable deps ti=<TaskInstance: pipeline_1_dag.build_matrix manual__2025-04-02T23:36:37.452896+00:00 [queued]>
[2025-04-02T23:36:41.415+0000] {taskinstance.py:1956} INFO - Dependencies all met for dep_context=requeueable deps ti=<TaskInstance: pipeline_1_dag.build_matrix manual__2025-04-02T23:36:37.452896+00:00 [queued]>
[2025-04-02T23:36:41.416+0000] {taskinstance.py:2170} INFO - Starting attempt 1 of 1
[2025-04-02T23:36:41.426+0000] {taskinstance.py:2191} INFO - Executing <Task(PythonOperator): build_matrix> on 2025-04-02 23:36:37.452896+00:00
[2025-04-02T23:36:41.432+0000] {standard_task_runner.py:60} INFO - Started process 594 to run task
[2025-04-02T23:36:41.435+0000] {standard_task_runner.py:87} INFO - Running: ['***', 'tasks', 'run', 'pipeline_1_dag', 'build_matrix', 'manual__2025-04-02T23:36:37.452896+00:00', '--job-id', '64', '--raw', '--subdir', 'DAGS_FOLDER/pipeline_1_dag.py', '--cfg-path', '/tmp/tmpqczbdmck']
[2025-04-02T23:36:41.436+0000] {standard_task_runner.py:88} INFO - Job 64: Subtask build_matrix
[2025-04-02T23:36:41.475+0000] {task_command.py:423} INFO - Running <TaskInstance: pipeline_1_dag.build_matrix manual__2025-04-02T23:36:37.452896+00:00 [running]> on host ccc140473116
[2025-04-02T23:36:41.535+0000] {taskinstance.py:2480} INFO - Exporting env vars: AIRFLOW_CTX_DAG_OWNER='***' AIRFLOW_CTX_DAG_ID='pipeline_1_dag' AIRFLOW_CTX_TASK_ID='build_matrix' AIRFLOW_CTX_EXECUTION_DATE='2025-04-02T23:36:37.452896+00:00' AIRFLOW_CTX_TRY_NUMBER='1' AIRFLOW_CTX_DAG_RUN_ID='manual__2025-04-02T23:36:37.452896+00:00'
[2025-04-02T23:36:41.536+0000] {logging_mixin.py:188} INFO - [1] 데이터 불러오는 중...
[2025-04-02T23:36:41.602+0000] {logging_mixin.py:188} INFO - book_df / log_df 로딩 완료
[2025-04-02T23:36:41.606+0000] {logging_mixin.py:188} INFO - [2] 가중치 계산 완료 (남은 로그 수: 3)
[2025-04-02T23:36:41.608+0000] {logging_mixin.py:188} INFO - [3] 피처 리스트 생성 완료
[2025-04-02T23:36:41.618+0000] {logging_mixin.py:188} INFO - [4] 행렬 및 매핑 생성 완료
[2025-04-02T23:36:41.619+0000] {logging_mixin.py:188} INFO - [5] 행렬 + 매핑 저장 완료 → data/processed/matrix.pkl
[2025-04-02T23:36:42.587+0000] {logging_mixin.py:188} INFO - S3 업로드 완료: s3://saffybooknest/matrix/lightfm/matrix_lightfm_20250402.pkl
[2025-04-02T23:36:42.589+0000] {logging_mixin.py:188} INFO - [6] S3 저장 완료 -> matrix/lightfm/matrix_20250402.pkl
[2025-04-02T23:36:42.590+0000] {python.py:201} INFO - Done. Returned value was: None
[2025-04-02T23:36:42.599+0000] {taskinstance.py:1138} INFO - Marking task as SUCCESS. dag_id=pipeline_1_dag, task_id=build_matrix, execution_date=20250402T233637, start_date=20250402T233641, end_date=20250402T233642
[2025-04-02T23:36:42.652+0000] {local_task_job_runner.py:234} INFO - Task exited with return code 0
[2025-04-02T23:36:42.668+0000] {taskinstance.py:3280} INFO - 1 downstream tasks scheduled from follow-on schedule check
