[2025-04-03T05:13:25.476+0000] {taskinstance.py:1956} INFO - Dependencies all met for dep_context=non-requeueable deps ti=<TaskInstance: train_model_pipeline.load_data manual__2025-04-03T05:13:23.296154+00:00 [queued]>
[2025-04-03T05:13:25.482+0000] {taskinstance.py:1956} INFO - Dependencies all met for dep_context=requeueable deps ti=<TaskInstance: train_model_pipeline.load_data manual__2025-04-03T05:13:23.296154+00:00 [queued]>
[2025-04-03T05:13:25.483+0000] {taskinstance.py:2170} INFO - Starting attempt 1 of 1
[2025-04-03T05:13:25.492+0000] {taskinstance.py:2191} INFO - Executing <Task(PythonOperator): load_data> on 2025-04-03 05:13:23.296154+00:00
[2025-04-03T05:13:25.498+0000] {standard_task_runner.py:60} INFO - Started process 177 to run task
[2025-04-03T05:13:25.501+0000] {standard_task_runner.py:87} INFO - Running: ['***', 'tasks', 'run', 'train_model_pipeline', 'load_data', 'manual__2025-04-03T05:13:23.296154+00:00', '--job-id', '231', '--raw', '--subdir', 'DAGS_FOLDER/train_model_dag.py', '--cfg-path', '/tmp/tmpmzsgz_kl']
[2025-04-03T05:13:25.502+0000] {standard_task_runner.py:88} INFO - Job 231: Subtask load_data
[2025-04-03T05:13:25.539+0000] {task_command.py:423} INFO - Running <TaskInstance: train_model_pipeline.load_data manual__2025-04-03T05:13:23.296154+00:00 [running]> on host 03edf60aacab
[2025-04-03T05:13:25.588+0000] {taskinstance.py:2480} INFO - Exporting env vars: AIRFLOW_CTX_DAG_OWNER='***' AIRFLOW_CTX_DAG_ID='train_model_pipeline' AIRFLOW_CTX_TASK_ID='load_data' AIRFLOW_CTX_EXECUTION_DATE='2025-04-03T05:13:23.296154+00:00' AIRFLOW_CTX_TRY_NUMBER='1' AIRFLOW_CTX_DAG_RUN_ID='manual__2025-04-03T05:13:23.296154+00:00'
[2025-04-03T05:13:25.589+0000] {logging_mixin.py:188} INFO - [load_data] DB 연결 중...
[2025-04-03T05:13:25.596+0000] {logging_mixin.py:188} INFO - [db_utils] DB 연결 성공
[2025-04-03T05:13:25.597+0000] {logging_mixin.py:188} INFO - [load_data] 저장 경로(data/raw) 확인 완료
[2025-04-03T05:13:25.598+0000] {logging_mixin.py:188} INFO - [load_data] 도서 정보 쿼리 실행 중...
[2025-04-03T05:13:25.765+0000] {logging_mixin.py:188} INFO - [load_data] 도서 정보 16건 로드 완료
[2025-04-03T05:13:25.766+0000] {logging_mixin.py:188} INFO - [load_data] 더미 로그 생성 중...
[2025-04-03T05:13:25.767+0000] {logging_mixin.py:188} INFO - [load_data] 파일 저장 중...
[2025-04-03T05:13:25.781+0000] {logging_mixin.py:188} INFO - [load_data] 저장 완료
[2025-04-03T05:13:25.782+0000] {python.py:201} INFO - Done. Returned value was: None
[2025-04-03T05:13:25.789+0000] {taskinstance.py:1138} INFO - Marking task as SUCCESS. dag_id=train_model_pipeline, task_id=load_data, execution_date=20250403T051323, start_date=20250403T051325, end_date=20250403T051325
[2025-04-03T05:13:25.835+0000] {local_task_job_runner.py:234} INFO - Task exited with return code 0
[2025-04-03T05:13:25.855+0000] {taskinstance.py:3280} INFO - 1 downstream tasks scheduled from follow-on schedule check
