[2025-04-07T06:12:26.242+0000] {taskinstance.py:1956} INFO - Dependencies all met for dep_context=non-requeueable deps ti=<TaskInstance: update_archetypes_daily.assign_archetypes_task manual__2025-04-07T06:12:24.115461+00:00 [queued]>
[2025-04-07T06:12:26.252+0000] {taskinstance.py:1956} INFO - Dependencies all met for dep_context=requeueable deps ti=<TaskInstance: update_archetypes_daily.assign_archetypes_task manual__2025-04-07T06:12:24.115461+00:00 [queued]>
[2025-04-07T06:12:26.253+0000] {taskinstance.py:2170} INFO - Starting attempt 1 of 2
[2025-04-07T06:12:26.267+0000] {taskinstance.py:2191} INFO - Executing <Task(PythonOperator): assign_archetypes_task> on 2025-04-07 06:12:24.115461+00:00
[2025-04-07T06:12:26.275+0000] {standard_task_runner.py:60} INFO - Started process 235 to run task
[2025-04-07T06:12:26.279+0000] {standard_task_runner.py:87} INFO - Running: ['***', 'tasks', 'run', 'update_archetypes_daily', 'assign_archetypes_task', 'manual__2025-04-07T06:12:24.115461+00:00', '--job-id', '491', '--raw', '--subdir', 'DAGS_FOLDER/update_archetype_daily.py', '--cfg-path', '/tmp/tmpuvsdpjr6']
[2025-04-07T06:12:26.282+0000] {standard_task_runner.py:88} INFO - Job 491: Subtask assign_archetypes_task
[2025-04-07T06:12:26.328+0000] {task_command.py:423} INFO - Running <TaskInstance: update_archetypes_daily.assign_archetypes_task manual__2025-04-07T06:12:24.115461+00:00 [running]> on host c6a1082d0e89
[2025-04-07T06:12:26.395+0000] {taskinstance.py:2480} INFO - Exporting env vars: AIRFLOW_CTX_DAG_OWNER='booknest' AIRFLOW_CTX_DAG_ID='update_archetypes_daily' AIRFLOW_CTX_TASK_ID='assign_archetypes_task' AIRFLOW_CTX_EXECUTION_DATE='2025-04-07T06:12:24.115461+00:00' AIRFLOW_CTX_TRY_NUMBER='1' AIRFLOW_CTX_DAG_RUN_ID='manual__2025-04-07T06:12:24.115461+00:00'
[2025-04-07T06:12:26.406+0000] {logging_mixin.py:188} INFO - [db_utils] DB 연결 성공
[2025-04-07T06:12:26.567+0000] {logging_mixin.py:188} INFO - 0
[2025-04-07T06:12:26.567+0000] {logging_mixin.py:188} INFO - ['판타지', 'SF', '모험', '디스토피아', '유토피아', '이세계', '다중 우주', '포스트 아포칼립스', '가상 현실', '시간 여행', '사이버펑크']
[2025-04-07T06:12:26.568+0000] {logging_mixin.py:188} INFO - 1
[2025-04-07T06:12:26.568+0000] {logging_mixin.py:188} INFO - ['사회 비판적', '불평등', '젠더 문제', '혁명', '저항', '노동', '계급', '권력과 부패', '외교', '정치 음모', '무정부주의']
[2025-04-07T06:12:26.569+0000] {logging_mixin.py:188} INFO - 2
[2025-04-07T06:12:26.569+0000] {logging_mixin.py:188} INFO - ['가족', '우정', '치유', '정체성', '로맨스', '성장 이야기', '생명과 죽음']
[2025-04-07T06:12:26.570+0000] {logging_mixin.py:188} INFO - 3
[2025-04-07T06:12:26.570+0000] {logging_mixin.py:188} INFO - ['도덕적 딜레마', '철학', '의료', '바이오테크', '정보화', '이중성', '전통과 혁신', '시간 여행']
[2025-04-07T06:12:26.570+0000] {logging_mixin.py:188} INFO - 4
[2025-04-07T06:12:26.571+0000] {logging_mixin.py:188} INFO - ['미스터리', '스릴러', '공포', '범죄', '서스펜스', '복수', '정의', '법정', '첩보', '단서 중심 서사']
[2025-04-07T06:12:26.571+0000] {logging_mixin.py:188} INFO - 5
[2025-04-07T06:12:26.571+0000] {logging_mixin.py:188} INFO - ['실험적 문체', '형식 파괴', '비선형', '의식의 흐름', '미완의 이야기']
[2025-04-07T06:12:26.572+0000] {logging_mixin.py:188} INFO - 6
[2025-04-07T06:12:26.572+0000] {logging_mixin.py:188} INFO - ['유쾌', '코미디', '스포츠', '밝고 긍정적', '재치', '블랙 코미디']
[2025-04-07T06:12:26.572+0000] {logging_mixin.py:188} INFO - 7
[2025-04-07T06:12:26.573+0000] {logging_mixin.py:188} INFO - ['감성', '몽환적', '심리', '우울', '불안', '트라우마', '기억', '내면']
[2025-04-07T06:12:26.627+0000] {logging_mixin.py:188} INFO - 0
[2025-04-07T06:12:26.628+0000] {logging_mixin.py:188} INFO - ['판타지', 'SF', '모험', '디스토피아', '유토피아', '이세계', '다중 우주', '포스트 아포칼립스', '가상 현실', '시간 여행', '사이버펑크']
[2025-04-07T06:12:26.629+0000] {logging_mixin.py:188} INFO - 1
[2025-04-07T06:12:26.629+0000] {logging_mixin.py:188} INFO - ['사회 비판적', '불평등', '젠더 문제', '혁명', '저항', '노동', '계급', '권력과 부패', '외교', '정치 음모', '무정부주의']
[2025-04-07T06:12:26.630+0000] {logging_mixin.py:188} INFO - 2
[2025-04-07T06:12:26.630+0000] {logging_mixin.py:188} INFO - ['가족', '우정', '치유', '정체성', '로맨스', '성장 이야기', '생명과 죽음']
[2025-04-07T06:12:26.630+0000] {logging_mixin.py:188} INFO - 3
[2025-04-07T06:12:26.631+0000] {logging_mixin.py:188} INFO - ['도덕적 딜레마', '철학', '의료', '바이오테크', '정보화', '이중성', '전통과 혁신', '시간 여행']
[2025-04-07T06:12:26.631+0000] {logging_mixin.py:188} INFO - 4
[2025-04-07T06:12:26.631+0000] {logging_mixin.py:188} INFO - ['미스터리', '스릴러', '공포', '범죄', '서스펜스', '복수', '정의', '법정', '첩보', '단서 중심 서사']
[2025-04-07T06:12:26.632+0000] {logging_mixin.py:188} INFO - 5
[2025-04-07T06:12:26.632+0000] {logging_mixin.py:188} INFO - ['실험적 문체', '형식 파괴', '비선형', '의식의 흐름', '미완의 이야기']
[2025-04-07T06:12:26.632+0000] {logging_mixin.py:188} INFO - 6
[2025-04-07T06:12:26.633+0000] {logging_mixin.py:188} INFO - ['유쾌', '코미디', '스포츠', '밝고 긍정적', '재치', '블랙 코미디']
[2025-04-07T06:12:26.633+0000] {logging_mixin.py:188} INFO - 7
[2025-04-07T06:12:26.633+0000] {logging_mixin.py:188} INFO - ['감성', '몽환적', '심리', '우울', '불안', '트라우마', '기억', '내면']
[2025-04-07T06:12:26.698+0000] {logging_mixin.py:188} INFO - 0
[2025-04-07T06:12:26.699+0000] {logging_mixin.py:188} INFO - ['판타지', 'SF', '모험', '디스토피아', '유토피아', '이세계', '다중 우주', '포스트 아포칼립스', '가상 현실', '시간 여행', '사이버펑크']
[2025-04-07T06:12:26.699+0000] {logging_mixin.py:188} INFO - 1
[2025-04-07T06:12:26.699+0000] {logging_mixin.py:188} INFO - ['사회 비판적', '불평등', '젠더 문제', '혁명', '저항', '노동', '계급', '권력과 부패', '외교', '정치 음모', '무정부주의']
[2025-04-07T06:12:26.700+0000] {logging_mixin.py:188} INFO - 2
[2025-04-07T06:12:26.700+0000] {logging_mixin.py:188} INFO - ['가족', '우정', '치유', '정체성', '로맨스', '성장 이야기', '생명과 죽음']
[2025-04-07T06:12:26.700+0000] {logging_mixin.py:188} INFO - 3
[2025-04-07T06:12:26.701+0000] {logging_mixin.py:188} INFO - ['도덕적 딜레마', '철학', '의료', '바이오테크', '정보화', '이중성', '전통과 혁신', '시간 여행']
[2025-04-07T06:12:26.701+0000] {logging_mixin.py:188} INFO - 4
[2025-04-07T06:12:26.702+0000] {logging_mixin.py:188} INFO - ['미스터리', '스릴러', '공포', '범죄', '서스펜스', '복수', '정의', '법정', '첩보', '단서 중심 서사']
[2025-04-07T06:12:26.702+0000] {logging_mixin.py:188} INFO - 5
[2025-04-07T06:12:26.702+0000] {logging_mixin.py:188} INFO - ['실험적 문체', '형식 파괴', '비선형', '의식의 흐름', '미완의 이야기']
[2025-04-07T06:12:26.703+0000] {logging_mixin.py:188} INFO - 6
[2025-04-07T06:12:26.703+0000] {logging_mixin.py:188} INFO - ['유쾌', '코미디', '스포츠', '밝고 긍정적', '재치', '블랙 코미디']
[2025-04-07T06:12:26.703+0000] {logging_mixin.py:188} INFO - 7
[2025-04-07T06:12:26.704+0000] {logging_mixin.py:188} INFO - ['감성', '몽환적', '심리', '우울', '불안', '트라우마', '기억', '내면']
[2025-04-07T06:12:26.747+0000] {logging_mixin.py:188} INFO - 0
[2025-04-07T06:12:26.748+0000] {logging_mixin.py:188} INFO - ['판타지', 'SF', '모험', '디스토피아', '유토피아', '이세계', '다중 우주', '포스트 아포칼립스', '가상 현실', '시간 여행', '사이버펑크']
[2025-04-07T06:12:26.748+0000] {logging_mixin.py:188} INFO - 1
[2025-04-07T06:12:26.749+0000] {logging_mixin.py:188} INFO - ['사회 비판적', '불평등', '젠더 문제', '혁명', '저항', '노동', '계급', '권력과 부패', '외교', '정치 음모', '무정부주의']
[2025-04-07T06:12:26.749+0000] {logging_mixin.py:188} INFO - 2
[2025-04-07T06:12:26.749+0000] {logging_mixin.py:188} INFO - ['가족', '우정', '치유', '정체성', '로맨스', '성장 이야기', '생명과 죽음']
[2025-04-07T06:12:26.750+0000] {logging_mixin.py:188} INFO - 3
[2025-04-07T06:12:26.750+0000] {logging_mixin.py:188} INFO - ['도덕적 딜레마', '철학', '의료', '바이오테크', '정보화', '이중성', '전통과 혁신', '시간 여행']
[2025-04-07T06:12:26.750+0000] {logging_mixin.py:188} INFO - 4
[2025-04-07T06:12:26.751+0000] {logging_mixin.py:188} INFO - ['미스터리', '스릴러', '공포', '범죄', '서스펜스', '복수', '정의', '법정', '첩보', '단서 중심 서사']
[2025-04-07T06:12:26.751+0000] {logging_mixin.py:188} INFO - 5
[2025-04-07T06:12:26.751+0000] {logging_mixin.py:188} INFO - ['실험적 문체', '형식 파괴', '비선형', '의식의 흐름', '미완의 이야기']
[2025-04-07T06:12:26.752+0000] {logging_mixin.py:188} INFO - 6
[2025-04-07T06:12:26.752+0000] {logging_mixin.py:188} INFO - ['유쾌', '코미디', '스포츠', '밝고 긍정적', '재치', '블랙 코미디']
[2025-04-07T06:12:26.752+0000] {logging_mixin.py:188} INFO - 7
[2025-04-07T06:12:26.753+0000] {logging_mixin.py:188} INFO - ['감성', '몽환적', '심리', '우울', '불안', '트라우마', '기억', '내면']
[2025-04-07T06:12:26.807+0000] {logging_mixin.py:188} INFO - 0
[2025-04-07T06:12:26.807+0000] {logging_mixin.py:188} INFO - ['판타지', 'SF', '모험', '디스토피아', '유토피아', '이세계', '다중 우주', '포스트 아포칼립스', '가상 현실', '시간 여행', '사이버펑크']
[2025-04-07T06:12:26.808+0000] {logging_mixin.py:188} INFO - 1
[2025-04-07T06:12:26.808+0000] {logging_mixin.py:188} INFO - ['사회 비판적', '불평등', '젠더 문제', '혁명', '저항', '노동', '계급', '권력과 부패', '외교', '정치 음모', '무정부주의']
[2025-04-07T06:12:26.808+0000] {logging_mixin.py:188} INFO - 2
[2025-04-07T06:12:26.809+0000] {logging_mixin.py:188} INFO - ['가족', '우정', '치유', '정체성', '로맨스', '성장 이야기', '생명과 죽음']
[2025-04-07T06:12:26.809+0000] {logging_mixin.py:188} INFO - 3
[2025-04-07T06:12:26.809+0000] {logging_mixin.py:188} INFO - ['도덕적 딜레마', '철학', '의료', '바이오테크', '정보화', '이중성', '전통과 혁신', '시간 여행']
[2025-04-07T06:12:26.810+0000] {logging_mixin.py:188} INFO - 4
[2025-04-07T06:12:26.810+0000] {logging_mixin.py:188} INFO - ['미스터리', '스릴러', '공포', '범죄', '서스펜스', '복수', '정의', '법정', '첩보', '단서 중심 서사']
[2025-04-07T06:12:26.810+0000] {logging_mixin.py:188} INFO - 5
[2025-04-07T06:12:26.811+0000] {logging_mixin.py:188} INFO - ['실험적 문체', '형식 파괴', '비선형', '의식의 흐름', '미완의 이야기']
[2025-04-07T06:12:26.811+0000] {logging_mixin.py:188} INFO - 6
[2025-04-07T06:12:26.812+0000] {logging_mixin.py:188} INFO - ['유쾌', '코미디', '스포츠', '밝고 긍정적', '재치', '블랙 코미디']
[2025-04-07T06:12:26.812+0000] {logging_mixin.py:188} INFO - 7
[2025-04-07T06:12:26.813+0000] {logging_mixin.py:188} INFO - ['감성', '몽환적', '심리', '우울', '불안', '트라우마', '기억', '내면']
[2025-04-07T06:12:26.846+0000] {logging_mixin.py:188} INFO - 0
[2025-04-07T06:12:26.846+0000] {logging_mixin.py:188} INFO - ['판타지', 'SF', '모험', '디스토피아', '유토피아', '이세계', '다중 우주', '포스트 아포칼립스', '가상 현실', '시간 여행', '사이버펑크']
[2025-04-07T06:12:26.847+0000] {logging_mixin.py:188} INFO - 1
[2025-04-07T06:12:26.847+0000] {logging_mixin.py:188} INFO - ['사회 비판적', '불평등', '젠더 문제', '혁명', '저항', '노동', '계급', '권력과 부패', '외교', '정치 음모', '무정부주의']
[2025-04-07T06:12:26.848+0000] {logging_mixin.py:188} INFO - 2
[2025-04-07T06:12:26.848+0000] {logging_mixin.py:188} INFO - ['가족', '우정', '치유', '정체성', '로맨스', '성장 이야기', '생명과 죽음']
[2025-04-07T06:12:26.848+0000] {logging_mixin.py:188} INFO - 3
[2025-04-07T06:12:26.848+0000] {logging_mixin.py:188} INFO - ['도덕적 딜레마', '철학', '의료', '바이오테크', '정보화', '이중성', '전통과 혁신', '시간 여행']
[2025-04-07T06:12:26.849+0000] {logging_mixin.py:188} INFO - 4
[2025-04-07T06:12:26.849+0000] {logging_mixin.py:188} INFO - ['미스터리', '스릴러', '공포', '범죄', '서스펜스', '복수', '정의', '법정', '첩보', '단서 중심 서사']
[2025-04-07T06:12:26.849+0000] {logging_mixin.py:188} INFO - 5
[2025-04-07T06:12:26.849+0000] {logging_mixin.py:188} INFO - ['실험적 문체', '형식 파괴', '비선형', '의식의 흐름', '미완의 이야기']
[2025-04-07T06:12:26.850+0000] {logging_mixin.py:188} INFO - 6
[2025-04-07T06:12:26.850+0000] {logging_mixin.py:188} INFO - ['유쾌', '코미디', '스포츠', '밝고 긍정적', '재치', '블랙 코미디']
[2025-04-07T06:12:26.850+0000] {logging_mixin.py:188} INFO - 7
[2025-04-07T06:12:26.850+0000] {logging_mixin.py:188} INFO - ['감성', '몽환적', '심리', '우울', '불안', '트라우마', '기억', '내면']
[2025-04-07T06:12:26.888+0000] {logging_mixin.py:188} INFO - ✅ 모든 유저의 아키타입이 성공적으로 업데이트되었습니다.
[2025-04-07T06:12:26.899+0000] {python.py:201} INFO - Done. Returned value was: None
[2025-04-07T06:12:26.909+0000] {taskinstance.py:1138} INFO - Marking task as SUCCESS. dag_id=update_archetypes_daily, task_id=assign_archetypes_task, execution_date=20250407T061224, start_date=20250407T061226, end_date=20250407T061226
[2025-04-07T06:12:26.933+0000] {local_task_job_runner.py:234} INFO - Task exited with return code 0
[2025-04-07T06:12:26.950+0000] {taskinstance.py:3280} INFO - 0 downstream tasks scheduled from follow-on schedule check
