[2025-04-07T08:21:32.847+0000] {taskinstance.py:1956} INFO - Dependencies all met for dep_context=non-requeueable deps ti=<TaskInstance: train_model_pipeline.load_data manual__2025-04-07T08:21:31.008500+00:00 [queued]>
[2025-04-07T08:21:32.854+0000] {taskinstance.py:1956} INFO - Dependencies all met for dep_context=requeueable deps ti=<TaskInstance: train_model_pipeline.load_data manual__2025-04-07T08:21:31.008500+00:00 [queued]>
[2025-04-07T08:21:32.855+0000] {taskinstance.py:2170} INFO - Starting attempt 1 of 1
[2025-04-07T08:21:32.866+0000] {taskinstance.py:2191} INFO - Executing <Task(PythonOperator): load_data> on 2025-04-07 08:21:31.008500+00:00
[2025-04-07T08:21:32.872+0000] {standard_task_runner.py:60} INFO - Started process 2746 to run task
[2025-04-07T08:21:32.875+0000] {standard_task_runner.py:87} INFO - Running: ['***', 'tasks', 'run', 'train_model_pipeline', 'load_data', 'manual__2025-04-07T08:21:31.008500+00:00', '--job-id', '531', '--raw', '--subdir', 'DAGS_FOLDER/train_model_dag.py', '--cfg-path', '/tmp/tmpivxmwbpj']
[2025-04-07T08:21:32.876+0000] {standard_task_runner.py:88} INFO - Job 531: Subtask load_data
[2025-04-07T08:21:32.919+0000] {task_command.py:423} INFO - Running <TaskInstance: train_model_pipeline.load_data manual__2025-04-07T08:21:31.008500+00:00 [running]> on host c6a1082d0e89
[2025-04-07T08:21:32.985+0000] {taskinstance.py:2480} INFO - Exporting env vars: AIRFLOW_CTX_DAG_OWNER='***' AIRFLOW_CTX_DAG_ID='train_model_pipeline' AIRFLOW_CTX_TASK_ID='load_data' AIRFLOW_CTX_EXECUTION_DATE='2025-04-07T08:21:31.008500+00:00' AIRFLOW_CTX_TRY_NUMBER='1' AIRFLOW_CTX_DAG_RUN_ID='manual__2025-04-07T08:21:31.008500+00:00'
[2025-04-07T08:21:32.987+0000] {logging_mixin.py:188} INFO - [load_data] DB 연결 중...
[2025-04-07T08:21:32.996+0000] {logging_mixin.py:188} INFO - [db_utils] DB 연결 성공
[2025-04-07T08:21:33.270+0000] {logging_mixin.py:188} INFO - [s3_utils] S3 연결 성공
[2025-04-07T08:21:33.270+0000] {logging_mixin.py:188} INFO - [load_data] 저장 경로(data/raw) 확인 완료
[2025-04-07T08:21:33.271+0000] {logging_mixin.py:188} INFO - [load_data] 도서 정보 쿼리 실행 중...
[2025-04-07T08:21:33.272+0000] {logging_mixin.py:188} INFO - [db_utils] DB 연결 성공
[2025-04-07T08:21:33.421+0000] {logging_mixin.py:188} INFO - [load_book_df] Error: (pymysql.err.ProgrammingError) (1146, "Table 'booknest.book' doesn't exist")
[SQL: 
            SELECT B.id AS book_id, A.name AS author,
                   GROUP_CONCAT(DISTINCT C.name) AS category,
                   GROUP_CONCAT(DISTINCT T.name) AS tag
            FROM book B
            LEFT JOIN book_author BA ON B.id = BA.book_id
            LEFT JOIN author A ON BA.author_id = A.id
            LEFT JOIN book_category BC ON B.id = BC.book_id
            LEFT JOIN category C ON BC.category_id = C.id
            LEFT JOIN book_tag BT ON B.id = BT.book_id
            LEFT JOIN tag T ON BT.tag_id = T.id
            GROUP BY B.id;
        ]
(Background on this error at: https://sqlalche.me/e/14/f405)
[2025-04-07T08:21:33.424+0000] {logging_mixin.py:188} INFO - [load_data] 도서 정보 0건 로드 완료
[2025-04-07T08:21:33.424+0000] {logging_mixin.py:188} INFO - [load_data] 유저 정보 쿼리 실행 중...
[2025-04-07T08:21:33.425+0000] {logging_mixin.py:188} INFO - [db_utils] DB 연결 성공
[2025-04-07T08:21:33.577+0000] {logging_mixin.py:188} INFO - [load_user_ids] Error: (pymysql.err.ProgrammingError) (1146, "Table 'booknest.user' doesn't exist")
[SQL: SELECT id FROM user;]
(Background on this error at: https://sqlalche.me/e/14/f405)
[2025-04-07T08:21:33.578+0000] {logging_mixin.py:188} INFO - [load_data] 유저 정보 0건 로드 완료
[2025-04-07T08:21:33.579+0000] {logging_mixin.py:188} INFO - [load_data] 로그 데이터 다운로드 중...
[2025-04-07T08:21:33.746+0000] {logging_mixin.py:188} INFO - [load_data] 로그 데이터 1000건 로드 완료
[2025-04-07T08:21:33.746+0000] {logging_mixin.py:188} INFO - [load_data] 파일 저장 중...
[2025-04-07T08:21:33.757+0000] {logging_mixin.py:188} INFO - [load_data] 저장 완료
[2025-04-07T08:21:33.758+0000] {python.py:201} INFO - Done. Returned value was: None
[2025-04-07T08:21:33.766+0000] {taskinstance.py:1138} INFO - Marking task as SUCCESS. dag_id=train_model_pipeline, task_id=load_data, execution_date=20250407T082131, start_date=20250407T082132, end_date=20250407T082133
[2025-04-07T08:21:33.812+0000] {local_task_job_runner.py:234} INFO - Task exited with return code 0
[2025-04-07T08:21:33.832+0000] {taskinstance.py:3280} INFO - 1 downstream tasks scheduled from follow-on schedule check
