[2025-04-03T04:24:32.741+0000] {taskinstance.py:1956} INFO - Dependencies all met for dep_context=non-requeueable deps ti=<TaskInstance: update_model_daily.update_model scheduled__2024-04-10T00:00:00+00:00 [queued]>
[2025-04-03T04:24:32.756+0000] {taskinstance.py:1956} INFO - Dependencies all met for dep_context=requeueable deps ti=<TaskInstance: update_model_daily.update_model scheduled__2024-04-10T00:00:00+00:00 [queued]>
[2025-04-03T04:24:32.757+0000] {taskinstance.py:2170} INFO - Starting attempt 1 of 1
[2025-04-03T04:24:32.781+0000] {taskinstance.py:2191} INFO - Executing <Task(PythonOperator): update_model> on 2024-04-10 00:00:00+00:00
[2025-04-03T04:24:32.794+0000] {standard_task_runner.py:60} INFO - Started process 2090 to run task
[2025-04-03T04:24:32.821+0000] {standard_task_runner.py:87} INFO - Running: ['***', 'tasks', 'run', 'update_model_daily', 'update_model', 'scheduled__2024-04-10T00:00:00+00:00', '--job-id', '189', '--raw', '--subdir', 'DAGS_FOLDER/update_model_dag.py', '--cfg-path', '/tmp/tmpbivjrc59']
[2025-04-03T04:24:32.824+0000] {standard_task_runner.py:88} INFO - Job 189: Subtask update_model
[2025-04-03T04:24:33.045+0000] {task_command.py:423} INFO - Running <TaskInstance: update_model_daily.update_model scheduled__2024-04-10T00:00:00+00:00 [running]> on host 81ce5c00f42d
[2025-04-03T04:24:33.241+0000] {taskinstance.py:2480} INFO - Exporting env vars: AIRFLOW_CTX_DAG_OWNER='***' AIRFLOW_CTX_DAG_ID='update_model_daily' AIRFLOW_CTX_TASK_ID='update_model' AIRFLOW_CTX_EXECUTION_DATE='2024-04-10T00:00:00+00:00' AIRFLOW_CTX_TRY_NUMBER='1' AIRFLOW_CTX_DAG_RUN_ID='scheduled__2024-04-10T00:00:00+00:00'
[2025-04-03T04:24:33.247+0000] {logging_mixin.py:188} INFO - [update_model] S3에서 전날 matrix.pkl 다운로드 중...
[2025-04-03T04:24:33.436+0000] {logging_mixin.py:188} INFO - [s3_utils] 다운로드 완료: matrix/lightfm/matrix_lightfm_20250403.pkl → data/processed/matrix_daily.pkl
[2025-04-03T04:24:33.437+0000] {logging_mixin.py:188} INFO - [update_model] 기존 데이터 로딩 완료
[2025-04-03T04:24:33.438+0000] {logging_mixin.py:188} INFO - [update_model] 일간 로그 불러오기
[2025-04-03T04:24:33.447+0000] {logging_mixin.py:188} INFO - [update_model] 로그 1건 반영 중...
[2025-04-03T04:24:33.451+0000] {logging_mixin.py:188} INFO - [update_model] 모델 업데이트 학습 중...
[2025-04-03T04:24:33.453+0000] {logging_mixin.py:188} INFO - [model_utils] 모델 학습 실패: Sample_weight must be a COO matrix.
[2025-04-03T04:24:33.454+0000] {logging_mixin.py:188} INFO - [model_utils] 평가 실패: 'NoneType' object has no attribute 'predict_rank'
[2025-04-03T04:24:33.455+0000] {logging_mixin.py:188} INFO - [model_utils] 모델 저장 완료: model/lightfm_model_updated.pkl
[2025-04-03T04:24:33.515+0000] {logging_mixin.py:188} INFO - [s3_utils] S3 업로드 완료 → s3://saffybooknest/model/lightfm/model_lightfm_20250403_updated.pkl
[2025-04-03T04:24:33.516+0000] {logging_mixin.py:188} INFO - [update_model] 업데이트 모델 S3 저장 완료
[2025-04-03T04:24:33.516+0000] {python.py:201} INFO - Done. Returned value was: None
[2025-04-03T04:24:33.529+0000] {taskinstance.py:1138} INFO - Marking task as SUCCESS. dag_id=update_model_daily, task_id=update_model, execution_date=20240410T000000, start_date=20250403T042432, end_date=20250403T042433
[2025-04-03T04:24:33.595+0000] {local_task_job_runner.py:234} INFO - Task exited with return code 0
[2025-04-03T04:24:33.625+0000] {taskinstance.py:3280} INFO - 0 downstream tasks scheduled from follow-on schedule check
