[2025-04-07T06:09:26.282+0000] {taskinstance.py:1956} INFO - Dependencies all met for dep_context=non-requeueable deps ti=<TaskInstance: update_archetypes_daily.assign_archetypes_task manual__2025-04-07T06:09:24.962839+00:00 [queued]>
[2025-04-07T06:09:26.289+0000] {taskinstance.py:1956} INFO - Dependencies all met for dep_context=requeueable deps ti=<TaskInstance: update_archetypes_daily.assign_archetypes_task manual__2025-04-07T06:09:24.962839+00:00 [queued]>
[2025-04-07T06:09:26.290+0000] {taskinstance.py:2170} INFO - Starting attempt 1 of 2
[2025-04-07T06:09:26.302+0000] {taskinstance.py:2191} INFO - Executing <Task(PythonOperator): assign_archetypes_task> on 2025-04-07 06:09:24.962839+00:00
[2025-04-07T06:09:26.308+0000] {standard_task_runner.py:60} INFO - Started process 189 to run task
[2025-04-07T06:09:26.312+0000] {standard_task_runner.py:87} INFO - Running: ['***', 'tasks', 'run', 'update_archetypes_daily', 'assign_archetypes_task', 'manual__2025-04-07T06:09:24.962839+00:00', '--job-id', '489', '--raw', '--subdir', 'DAGS_FOLDER/update_archetype_daily.py', '--cfg-path', '/tmp/tmphs0779si']
[2025-04-07T06:09:26.314+0000] {standard_task_runner.py:88} INFO - Job 489: Subtask assign_archetypes_task
[2025-04-07T06:09:26.358+0000] {task_command.py:423} INFO - Running <TaskInstance: update_archetypes_daily.assign_archetypes_task manual__2025-04-07T06:09:24.962839+00:00 [running]> on host c6a1082d0e89
[2025-04-07T06:09:26.429+0000] {taskinstance.py:2480} INFO - Exporting env vars: AIRFLOW_CTX_DAG_OWNER='booknest' AIRFLOW_CTX_DAG_ID='update_archetypes_daily' AIRFLOW_CTX_TASK_ID='assign_archetypes_task' AIRFLOW_CTX_EXECUTION_DATE='2025-04-07T06:09:24.962839+00:00' AIRFLOW_CTX_TRY_NUMBER='1' AIRFLOW_CTX_DAG_RUN_ID='manual__2025-04-07T06:09:24.962839+00:00'
[2025-04-07T06:09:26.439+0000] {logging_mixin.py:188} INFO - [db_utils] DB 연결 성공
[2025-04-07T06:09:26.560+0000] {logging_mixin.py:188} INFO - World Explorer
[2025-04-07T06:09:26.560+0000] {logging_mixin.py:188} INFO - 현실주의자
[2025-04-07T06:09:26.561+0000] {logging_mixin.py:188} INFO - 따뜻한 감성가
[2025-04-07T06:09:26.562+0000] {logging_mixin.py:188} INFO - 논리적 사색가
[2025-04-07T06:09:26.562+0000] {logging_mixin.py:188} INFO - 냉철한 분석가
[2025-04-07T06:09:26.563+0000] {logging_mixin.py:188} INFO - 독창적 실험가
[2025-04-07T06:09:26.564+0000] {logging_mixin.py:188} INFO - 명랑한 이야기꾼
[2025-04-07T06:09:26.564+0000] {logging_mixin.py:188} INFO - 감각의 여정자
[2025-04-07T06:09:26.601+0000] {logging_mixin.py:188} INFO - World Explorer
[2025-04-07T06:09:26.602+0000] {logging_mixin.py:188} INFO - 현실주의자
[2025-04-07T06:09:26.602+0000] {logging_mixin.py:188} INFO - 따뜻한 감성가
[2025-04-07T06:09:26.602+0000] {logging_mixin.py:188} INFO - 논리적 사색가
[2025-04-07T06:09:26.603+0000] {logging_mixin.py:188} INFO - 냉철한 분석가
[2025-04-07T06:09:26.603+0000] {logging_mixin.py:188} INFO - 독창적 실험가
[2025-04-07T06:09:26.603+0000] {logging_mixin.py:188} INFO - 명랑한 이야기꾼
[2025-04-07T06:09:26.604+0000] {logging_mixin.py:188} INFO - 감각의 여정자
[2025-04-07T06:09:26.647+0000] {logging_mixin.py:188} INFO - World Explorer
[2025-04-07T06:09:26.648+0000] {logging_mixin.py:188} INFO - 현실주의자
[2025-04-07T06:09:26.649+0000] {logging_mixin.py:188} INFO - 따뜻한 감성가
[2025-04-07T06:09:26.649+0000] {logging_mixin.py:188} INFO - 논리적 사색가
[2025-04-07T06:09:26.650+0000] {logging_mixin.py:188} INFO - 냉철한 분석가
[2025-04-07T06:09:26.650+0000] {logging_mixin.py:188} INFO - 독창적 실험가
[2025-04-07T06:09:26.650+0000] {logging_mixin.py:188} INFO - 명랑한 이야기꾼
[2025-04-07T06:09:26.650+0000] {logging_mixin.py:188} INFO - 감각의 여정자
[2025-04-07T06:09:26.686+0000] {logging_mixin.py:188} INFO - World Explorer
[2025-04-07T06:09:26.687+0000] {logging_mixin.py:188} INFO - 현실주의자
[2025-04-07T06:09:26.687+0000] {logging_mixin.py:188} INFO - 따뜻한 감성가
[2025-04-07T06:09:26.688+0000] {logging_mixin.py:188} INFO - 논리적 사색가
[2025-04-07T06:09:26.689+0000] {logging_mixin.py:188} INFO - 냉철한 분석가
[2025-04-07T06:09:26.689+0000] {logging_mixin.py:188} INFO - 독창적 실험가
[2025-04-07T06:09:26.690+0000] {logging_mixin.py:188} INFO - 명랑한 이야기꾼
[2025-04-07T06:09:26.690+0000] {logging_mixin.py:188} INFO - 감각의 여정자
[2025-04-07T06:09:26.727+0000] {logging_mixin.py:188} INFO - World Explorer
[2025-04-07T06:09:26.727+0000] {logging_mixin.py:188} INFO - 현실주의자
[2025-04-07T06:09:26.728+0000] {logging_mixin.py:188} INFO - 따뜻한 감성가
[2025-04-07T06:09:26.729+0000] {logging_mixin.py:188} INFO - 논리적 사색가
[2025-04-07T06:09:26.730+0000] {logging_mixin.py:188} INFO - 냉철한 분석가
[2025-04-07T06:09:26.730+0000] {logging_mixin.py:188} INFO - 독창적 실험가
[2025-04-07T06:09:26.731+0000] {logging_mixin.py:188} INFO - 명랑한 이야기꾼
[2025-04-07T06:09:26.731+0000] {logging_mixin.py:188} INFO - 감각의 여정자
[2025-04-07T06:09:26.759+0000] {logging_mixin.py:188} INFO - World Explorer
[2025-04-07T06:09:26.761+0000] {logging_mixin.py:188} INFO - 현실주의자
[2025-04-07T06:09:26.761+0000] {logging_mixin.py:188} INFO - 따뜻한 감성가
[2025-04-07T06:09:26.762+0000] {logging_mixin.py:188} INFO - 논리적 사색가
[2025-04-07T06:09:26.763+0000] {logging_mixin.py:188} INFO - 냉철한 분석가
[2025-04-07T06:09:26.763+0000] {logging_mixin.py:188} INFO - 독창적 실험가
[2025-04-07T06:09:26.764+0000] {logging_mixin.py:188} INFO - 명랑한 이야기꾼
[2025-04-07T06:09:26.765+0000] {logging_mixin.py:188} INFO - 감각의 여정자
[2025-04-07T06:09:26.796+0000] {logging_mixin.py:188} INFO - ✅ 모든 유저의 아키타입이 성공적으로 업데이트되었습니다.
[2025-04-07T06:09:26.805+0000] {python.py:201} INFO - Done. Returned value was: None
[2025-04-07T06:09:26.815+0000] {taskinstance.py:1138} INFO - Marking task as SUCCESS. dag_id=update_archetypes_daily, task_id=assign_archetypes_task, execution_date=20250407T060924, start_date=20250407T060926, end_date=20250407T060926
[2025-04-07T06:09:26.886+0000] {local_task_job_runner.py:234} INFO - Task exited with return code 0
[2025-04-07T06:09:26.907+0000] {taskinstance.py:3280} INFO - 0 downstream tasks scheduled from follow-on schedule check
