[2025-04-06T04:55:20.623+0000] {taskinstance.py:1956} INFO - Dependencies all met for dep_context=non-requeueable deps ti=<TaskInstance: train_model_pipeline.load_data manual__2025-04-06T04:55:18.955770+00:00 [queued]>
[2025-04-06T04:55:20.630+0000] {taskinstance.py:1956} INFO - Dependencies all met for dep_context=requeueable deps ti=<TaskInstance: train_model_pipeline.load_data manual__2025-04-06T04:55:18.955770+00:00 [queued]>
[2025-04-06T04:55:20.630+0000] {taskinstance.py:2170} INFO - Starting attempt 1 of 1
[2025-04-06T04:55:20.642+0000] {taskinstance.py:2191} INFO - Executing <Task(PythonOperator): load_data> on 2025-04-06 04:55:18.955770+00:00
[2025-04-06T04:55:20.649+0000] {standard_task_runner.py:60} INFO - Started process 652 to run task
[2025-04-06T04:55:20.651+0000] {standard_task_runner.py:87} INFO - Running: ['***', 'tasks', 'run', 'train_model_pipeline', 'load_data', 'manual__2025-04-06T04:55:18.955770+00:00', '--job-id', '430', '--raw', '--subdir', 'DAGS_FOLDER/train_model_dag.py', '--cfg-path', '/tmp/tmpmuvq9iye']
[2025-04-06T04:55:20.653+0000] {standard_task_runner.py:88} INFO - Job 430: Subtask load_data
[2025-04-06T04:55:20.698+0000] {task_command.py:423} INFO - Running <TaskInstance: train_model_pipeline.load_data manual__2025-04-06T04:55:18.955770+00:00 [running]> on host 280c0a538679
[2025-04-06T04:55:20.960+0000] {taskinstance.py:2480} INFO - Exporting env vars: AIRFLOW_CTX_DAG_OWNER='***' AIRFLOW_CTX_DAG_ID='train_model_pipeline' AIRFLOW_CTX_TASK_ID='load_data' AIRFLOW_CTX_EXECUTION_DATE='2025-04-06T04:55:18.955770+00:00' AIRFLOW_CTX_TRY_NUMBER='1' AIRFLOW_CTX_DAG_RUN_ID='manual__2025-04-06T04:55:18.955770+00:00'
[2025-04-06T04:55:20.961+0000] {logging_mixin.py:188} INFO - [load_data] DB 연결 중...
[2025-04-06T04:55:20.968+0000] {logging_mixin.py:188} INFO - [db_utils] DB 연결 성공
[2025-04-06T04:55:20.969+0000] {logging_mixin.py:188} INFO - [load_data] 저장 경로(data/raw) 확인 완료
[2025-04-06T04:55:20.969+0000] {logging_mixin.py:188} INFO - [load_data] 도서 정보 쿼리 실행 중...
[2025-04-06T04:55:21.228+0000] {logging_mixin.py:188} INFO - [load_data] 도서 정보 1000건 로드 완료
[2025-04-06T04:55:21.229+0000] {logging_mixin.py:188} INFO - [load_data] 더미 로그 생성 중...
[2025-04-06T04:55:21.230+0000] {logging_mixin.py:188} INFO - [load_data] 파일 저장 중...
[2025-04-06T04:55:21.243+0000] {logging_mixin.py:188} INFO - [load_data] 저장 완료
[2025-04-06T04:55:21.244+0000] {python.py:201} INFO - Done. Returned value was: None
[2025-04-06T04:55:21.250+0000] {taskinstance.py:1138} INFO - Marking task as SUCCESS. dag_id=train_model_pipeline, task_id=load_data, execution_date=20250406T045518, start_date=20250406T045520, end_date=20250406T045521
[2025-04-06T04:55:21.307+0000] {local_task_job_runner.py:234} INFO - Task exited with return code 0
[2025-04-06T04:55:21.328+0000] {taskinstance.py:3280} INFO - 1 downstream tasks scheduled from follow-on schedule check
