[2025-04-08T04:44:29.650+0000] {taskinstance.py:1956} INFO - Dependencies all met for dep_context=non-requeueable deps ti=<TaskInstance: train_model_pipeline.load_data manual__2025-04-08T04:44:27.593270+00:00 [queued]>
[2025-04-08T04:44:29.658+0000] {taskinstance.py:1956} INFO - Dependencies all met for dep_context=requeueable deps ti=<TaskInstance: train_model_pipeline.load_data manual__2025-04-08T04:44:27.593270+00:00 [queued]>
[2025-04-08T04:44:29.659+0000] {taskinstance.py:2170} INFO - Starting attempt 1 of 1
[2025-04-08T04:44:29.670+0000] {taskinstance.py:2191} INFO - Executing <Task(PythonOperator): load_data> on 2025-04-08 04:44:27.593270+00:00
[2025-04-08T04:44:29.677+0000] {standard_task_runner.py:60} INFO - Started process 11917 to run task
[2025-04-08T04:44:29.680+0000] {standard_task_runner.py:87} INFO - Running: ['***', 'tasks', 'run', 'train_model_pipeline', 'load_data', 'manual__2025-04-08T04:44:27.593270+00:00', '--job-id', '586', '--raw', '--subdir', 'DAGS_FOLDER/train_model_dag.py', '--cfg-path', '/tmp/tmpaqns2ss6']
[2025-04-08T04:44:29.681+0000] {standard_task_runner.py:88} INFO - Job 586: Subtask load_data
[2025-04-08T04:44:29.721+0000] {task_command.py:423} INFO - Running <TaskInstance: train_model_pipeline.load_data manual__2025-04-08T04:44:27.593270+00:00 [running]> on host c6a1082d0e89
[2025-04-08T04:44:29.782+0000] {taskinstance.py:2480} INFO - Exporting env vars: AIRFLOW_CTX_DAG_OWNER='booknest' AIRFLOW_CTX_DAG_ID='train_model_pipeline' AIRFLOW_CTX_TASK_ID='load_data' AIRFLOW_CTX_EXECUTION_DATE='2025-04-08T04:44:27.593270+00:00' AIRFLOW_CTX_TRY_NUMBER='1' AIRFLOW_CTX_DAG_RUN_ID='manual__2025-04-08T04:44:27.593270+00:00'
[2025-04-08T04:44:29.784+0000] {logging_mixin.py:188} INFO - [load_data] DB 연결 중...
[2025-04-08T04:44:29.794+0000] {logging_mixin.py:188} INFO - [db_utils] DB 연결 성공
[2025-04-08T04:44:30.070+0000] {logging_mixin.py:188} INFO - [s3_utils] S3 연결 성공
[2025-04-08T04:44:30.070+0000] {logging_mixin.py:188} INFO - [load_data] 저장 경로(data/raw) 확인 완료
[2025-04-08T04:44:30.071+0000] {logging_mixin.py:188} INFO - [load_data] 도서 정보 로딩 중...
[2025-04-08T04:44:30.072+0000] {logging_mixin.py:188} INFO - [db_utils] DB 연결 성공
[2025-04-08T04:44:30.073+0000] {logging_mixin.py:188} INFO - [load_book_df] 도서 데이터 쿼리 실행 중...
[2025-04-08T04:44:30.622+0000] {logging_mixin.py:188} INFO - [load_book_df] 3000건 로드 완료
[2025-04-08T04:44:30.623+0000] {logging_mixin.py:188} INFO - [load_data] 도서 정보 3000건 로드 완료
[2025-04-08T04:44:30.623+0000] {logging_mixin.py:188} INFO - [load_data] 유저 정보 로딩 중...
[2025-04-08T04:44:30.624+0000] {logging_mixin.py:188} INFO - [db_utils] DB 연결 성공
[2025-04-08T04:44:30.625+0000] {logging_mixin.py:188} INFO - [load_user_df] 유저 데이터 쿼리 실행 중...
[2025-04-08T04:44:30.783+0000] {logging_mixin.py:188} INFO - [load_user_df] 11건 로드 완료
[2025-04-08T04:44:30.783+0000] {logging_mixin.py:188} INFO - [load_data] 유저 정보 11건 로드 완료
[2025-04-08T04:44:30.783+0000] {logging_mixin.py:188} INFO - [load_data] 로그 S3 다운로드 중 → logs/250408/logs_250408.csv
[2025-04-08T04:44:30.923+0000] {logging_mixin.py:188} INFO - [load_data] 오류 발생: An error occurred (404) when calling the HeadObject operation: Not Found
[2025-04-08T04:44:30.939+0000] {local_task_job_runner.py:234} INFO - Task exited with return code 1
[2025-04-08T04:44:30.956+0000] {taskinstance.py:3280} INFO - 0 downstream tasks scheduled from follow-on schedule check
