[2025-04-08T00:08:40.511+0000] {taskinstance.py:1956} INFO - Dependencies all met for dep_context=non-requeueable deps ti=<TaskInstance: train_model_pipeline.load_data manual__2025-04-08T00:08:39.007008+00:00 [queued]>
[2025-04-08T00:08:40.518+0000] {taskinstance.py:1956} INFO - Dependencies all met for dep_context=requeueable deps ti=<TaskInstance: train_model_pipeline.load_data manual__2025-04-08T00:08:39.007008+00:00 [queued]>
[2025-04-08T00:08:40.519+0000] {taskinstance.py:2170} INFO - Starting attempt 1 of 1
[2025-04-08T00:08:40.529+0000] {taskinstance.py:2191} INFO - Executing <Task(PythonOperator): load_data> on 2025-04-08 00:08:39.007008+00:00
[2025-04-08T00:08:40.538+0000] {standard_task_runner.py:60} INFO - Started process 7670 to run task
[2025-04-08T00:08:40.540+0000] {standard_task_runner.py:87} INFO - Running: ['***', 'tasks', 'run', 'train_model_pipeline', 'load_data', 'manual__2025-04-08T00:08:39.007008+00:00', '--job-id', '582', '--raw', '--subdir', 'DAGS_FOLDER/train_model_dag.py', '--cfg-path', '/tmp/tmpv1dn9nur']
[2025-04-08T00:08:40.542+0000] {standard_task_runner.py:88} INFO - Job 582: Subtask load_data
[2025-04-08T00:08:40.579+0000] {task_command.py:423} INFO - Running <TaskInstance: train_model_pipeline.load_data manual__2025-04-08T00:08:39.007008+00:00 [running]> on host c6a1082d0e89
[2025-04-08T00:08:40.636+0000] {taskinstance.py:2480} INFO - Exporting env vars: AIRFLOW_CTX_DAG_OWNER='***' AIRFLOW_CTX_DAG_ID='train_model_pipeline' AIRFLOW_CTX_TASK_ID='load_data' AIRFLOW_CTX_EXECUTION_DATE='2025-04-08T00:08:39.007008+00:00' AIRFLOW_CTX_TRY_NUMBER='1' AIRFLOW_CTX_DAG_RUN_ID='manual__2025-04-08T00:08:39.007008+00:00'
[2025-04-08T00:08:40.637+0000] {logging_mixin.py:188} INFO - [load_data] DB 연결 중...
[2025-04-08T00:08:40.645+0000] {logging_mixin.py:188} INFO - [db_utils] DB 연결 성공
[2025-04-08T00:08:40.873+0000] {logging_mixin.py:188} INFO - [s3_utils] S3 연결 성공
[2025-04-08T00:08:40.874+0000] {logging_mixin.py:188} INFO - [load_data] 저장 경로(data/raw) 확인 완료
[2025-04-08T00:08:40.875+0000] {logging_mixin.py:188} INFO - [load_data] 도서 정보 쿼리 실행 중...
[2025-04-08T00:08:40.876+0000] {logging_mixin.py:188} INFO - [db_utils] DB 연결 성공
[2025-04-08T00:08:41.416+0000] {logging_mixin.py:188} INFO - [load_data] 도서 정보 3000건 로드 완료
[2025-04-08T00:08:41.417+0000] {logging_mixin.py:188} INFO - [load_data] 유저 정보 쿼리 실행 중...
[2025-04-08T00:08:41.418+0000] {logging_mixin.py:188} INFO - [db_utils] DB 연결 성공
[2025-04-08T00:08:41.592+0000] {logging_mixin.py:188} INFO - [load_data] 유저 정보 8건 로드 완료
[2025-04-08T00:08:41.593+0000] {logging_mixin.py:188} INFO - [load_data] 로그 데이터 다운로드 중...
[2025-04-08T00:08:41.773+0000] {logging_mixin.py:188} INFO - [load_data] 로그 데이터 600건 로드 완료
[2025-04-08T00:08:41.773+0000] {logging_mixin.py:188} INFO - [load_data] 파일 저장 중...
[2025-04-08T00:08:41.795+0000] {logging_mixin.py:188} INFO - [load_data] 저장 완료
[2025-04-08T00:08:41.797+0000] {python.py:201} INFO - Done. Returned value was: None
[2025-04-08T00:08:41.805+0000] {taskinstance.py:1138} INFO - Marking task as SUCCESS. dag_id=train_model_pipeline, task_id=load_data, execution_date=20250408T000839, start_date=20250408T000840, end_date=20250408T000841
[2025-04-08T00:08:41.840+0000] {local_task_job_runner.py:234} INFO - Task exited with return code 0
[2025-04-08T00:08:41.858+0000] {taskinstance.py:3280} INFO - 1 downstream tasks scheduled from follow-on schedule check
