[2025-04-07T06:11:26.357+0000] {taskinstance.py:1956} INFO - Dependencies all met for dep_context=non-requeueable deps ti=<TaskInstance: update_archetypes_daily.assign_archetypes_task manual__2025-04-07T06:11:25.032123+00:00 [queued]>
[2025-04-07T06:11:26.363+0000] {taskinstance.py:1956} INFO - Dependencies all met for dep_context=requeueable deps ti=<TaskInstance: update_archetypes_daily.assign_archetypes_task manual__2025-04-07T06:11:25.032123+00:00 [queued]>
[2025-04-07T06:11:26.364+0000] {taskinstance.py:2170} INFO - Starting attempt 1 of 2
[2025-04-07T06:11:26.374+0000] {taskinstance.py:2191} INFO - Executing <Task(PythonOperator): assign_archetypes_task> on 2025-04-07 06:11:25.032123+00:00
[2025-04-07T06:11:26.381+0000] {standard_task_runner.py:60} INFO - Started process 216 to run task
[2025-04-07T06:11:26.383+0000] {standard_task_runner.py:87} INFO - Running: ['***', 'tasks', 'run', 'update_archetypes_daily', 'assign_archetypes_task', 'manual__2025-04-07T06:11:25.032123+00:00', '--job-id', '490', '--raw', '--subdir', 'DAGS_FOLDER/update_archetype_daily.py', '--cfg-path', '/tmp/tmp2fxmfhw3']
[2025-04-07T06:11:26.386+0000] {standard_task_runner.py:88} INFO - Job 490: Subtask assign_archetypes_task
[2025-04-07T06:11:26.425+0000] {task_command.py:423} INFO - Running <TaskInstance: update_archetypes_daily.assign_archetypes_task manual__2025-04-07T06:11:25.032123+00:00 [running]> on host c6a1082d0e89
[2025-04-07T06:11:26.485+0000] {taskinstance.py:2480} INFO - Exporting env vars: AIRFLOW_CTX_DAG_OWNER='booknest' AIRFLOW_CTX_DAG_ID='update_archetypes_daily' AIRFLOW_CTX_TASK_ID='assign_archetypes_task' AIRFLOW_CTX_EXECUTION_DATE='2025-04-07T06:11:25.032123+00:00' AIRFLOW_CTX_TRY_NUMBER='1' AIRFLOW_CTX_DAG_RUN_ID='manual__2025-04-07T06:11:25.032123+00:00'
[2025-04-07T06:11:26.494+0000] {logging_mixin.py:188} INFO - [db_utils] DB 연결 성공
[2025-04-07T06:11:26.670+0000] {logging_mixin.py:188} INFO - ['판타지', 'SF', '모험', '디스토피아', '유토피아', '이세계', '다중 우주', '포스트 아포칼립스', '가상 현실', '시간 여행', '사이버펑크']
[2025-04-07T06:11:26.671+0000] {logging_mixin.py:188} INFO - ['사회 비판적', '불평등', '젠더 문제', '혁명', '저항', '노동', '계급', '권력과 부패', '외교', '정치 음모', '무정부주의']
[2025-04-07T06:11:26.671+0000] {logging_mixin.py:188} INFO - ['가족', '우정', '치유', '정체성', '로맨스', '성장 이야기', '생명과 죽음']
[2025-04-07T06:11:26.672+0000] {logging_mixin.py:188} INFO - ['도덕적 딜레마', '철학', '의료', '바이오테크', '정보화', '이중성', '전통과 혁신', '시간 여행']
[2025-04-07T06:11:26.672+0000] {logging_mixin.py:188} INFO - ['미스터리', '스릴러', '공포', '범죄', '서스펜스', '복수', '정의', '법정', '첩보', '단서 중심 서사']
[2025-04-07T06:11:26.673+0000] {logging_mixin.py:188} INFO - ['실험적 문체', '형식 파괴', '비선형', '의식의 흐름', '미완의 이야기']
[2025-04-07T06:11:26.673+0000] {logging_mixin.py:188} INFO - ['유쾌', '코미디', '스포츠', '밝고 긍정적', '재치', '블랙 코미디']
[2025-04-07T06:11:26.674+0000] {logging_mixin.py:188} INFO - ['감성', '몽환적', '심리', '우울', '불안', '트라우마', '기억', '내면']
[2025-04-07T06:11:26.724+0000] {logging_mixin.py:188} INFO - ['판타지', 'SF', '모험', '디스토피아', '유토피아', '이세계', '다중 우주', '포스트 아포칼립스', '가상 현실', '시간 여행', '사이버펑크']
[2025-04-07T06:11:26.725+0000] {logging_mixin.py:188} INFO - ['사회 비판적', '불평등', '젠더 문제', '혁명', '저항', '노동', '계급', '권력과 부패', '외교', '정치 음모', '무정부주의']
[2025-04-07T06:11:26.725+0000] {logging_mixin.py:188} INFO - ['가족', '우정', '치유', '정체성', '로맨스', '성장 이야기', '생명과 죽음']
[2025-04-07T06:11:26.725+0000] {logging_mixin.py:188} INFO - ['도덕적 딜레마', '철학', '의료', '바이오테크', '정보화', '이중성', '전통과 혁신', '시간 여행']
[2025-04-07T06:11:26.726+0000] {logging_mixin.py:188} INFO - ['미스터리', '스릴러', '공포', '범죄', '서스펜스', '복수', '정의', '법정', '첩보', '단서 중심 서사']
[2025-04-07T06:11:26.726+0000] {logging_mixin.py:188} INFO - ['실험적 문체', '형식 파괴', '비선형', '의식의 흐름', '미완의 이야기']
[2025-04-07T06:11:26.726+0000] {logging_mixin.py:188} INFO - ['유쾌', '코미디', '스포츠', '밝고 긍정적', '재치', '블랙 코미디']
[2025-04-07T06:11:26.727+0000] {logging_mixin.py:188} INFO - ['감성', '몽환적', '심리', '우울', '불안', '트라우마', '기억', '내면']
[2025-04-07T06:11:26.791+0000] {logging_mixin.py:188} INFO - ['판타지', 'SF', '모험', '디스토피아', '유토피아', '이세계', '다중 우주', '포스트 아포칼립스', '가상 현실', '시간 여행', '사이버펑크']
[2025-04-07T06:11:26.792+0000] {logging_mixin.py:188} INFO - ['사회 비판적', '불평등', '젠더 문제', '혁명', '저항', '노동', '계급', '권력과 부패', '외교', '정치 음모', '무정부주의']
[2025-04-07T06:11:26.792+0000] {logging_mixin.py:188} INFO - ['가족', '우정', '치유', '정체성', '로맨스', '성장 이야기', '생명과 죽음']
[2025-04-07T06:11:26.793+0000] {logging_mixin.py:188} INFO - ['도덕적 딜레마', '철학', '의료', '바이오테크', '정보화', '이중성', '전통과 혁신', '시간 여행']
[2025-04-07T06:11:26.794+0000] {logging_mixin.py:188} INFO - ['미스터리', '스릴러', '공포', '범죄', '서스펜스', '복수', '정의', '법정', '첩보', '단서 중심 서사']
[2025-04-07T06:11:26.794+0000] {logging_mixin.py:188} INFO - ['실험적 문체', '형식 파괴', '비선형', '의식의 흐름', '미완의 이야기']
[2025-04-07T06:11:26.795+0000] {logging_mixin.py:188} INFO - ['유쾌', '코미디', '스포츠', '밝고 긍정적', '재치', '블랙 코미디']
[2025-04-07T06:11:26.796+0000] {logging_mixin.py:188} INFO - ['감성', '몽환적', '심리', '우울', '불안', '트라우마', '기억', '내면']
[2025-04-07T06:11:26.846+0000] {logging_mixin.py:188} INFO - ['판타지', 'SF', '모험', '디스토피아', '유토피아', '이세계', '다중 우주', '포스트 아포칼립스', '가상 현실', '시간 여행', '사이버펑크']
[2025-04-07T06:11:26.847+0000] {logging_mixin.py:188} INFO - ['사회 비판적', '불평등', '젠더 문제', '혁명', '저항', '노동', '계급', '권력과 부패', '외교', '정치 음모', '무정부주의']
[2025-04-07T06:11:26.848+0000] {logging_mixin.py:188} INFO - ['가족', '우정', '치유', '정체성', '로맨스', '성장 이야기', '생명과 죽음']
[2025-04-07T06:11:26.849+0000] {logging_mixin.py:188} INFO - ['도덕적 딜레마', '철학', '의료', '바이오테크', '정보화', '이중성', '전통과 혁신', '시간 여행']
[2025-04-07T06:11:26.850+0000] {logging_mixin.py:188} INFO - ['미스터리', '스릴러', '공포', '범죄', '서스펜스', '복수', '정의', '법정', '첩보', '단서 중심 서사']
[2025-04-07T06:11:26.850+0000] {logging_mixin.py:188} INFO - ['실험적 문체', '형식 파괴', '비선형', '의식의 흐름', '미완의 이야기']
[2025-04-07T06:11:26.851+0000] {logging_mixin.py:188} INFO - ['유쾌', '코미디', '스포츠', '밝고 긍정적', '재치', '블랙 코미디']
[2025-04-07T06:11:26.852+0000] {logging_mixin.py:188} INFO - ['감성', '몽환적', '심리', '우울', '불안', '트라우마', '기억', '내면']
[2025-04-07T06:11:26.905+0000] {logging_mixin.py:188} INFO - ['판타지', 'SF', '모험', '디스토피아', '유토피아', '이세계', '다중 우주', '포스트 아포칼립스', '가상 현실', '시간 여행', '사이버펑크']
[2025-04-07T06:11:26.906+0000] {logging_mixin.py:188} INFO - ['사회 비판적', '불평등', '젠더 문제', '혁명', '저항', '노동', '계급', '권력과 부패', '외교', '정치 음모', '무정부주의']
[2025-04-07T06:11:26.906+0000] {logging_mixin.py:188} INFO - ['가족', '우정', '치유', '정체성', '로맨스', '성장 이야기', '생명과 죽음']
[2025-04-07T06:11:26.907+0000] {logging_mixin.py:188} INFO - ['도덕적 딜레마', '철학', '의료', '바이오테크', '정보화', '이중성', '전통과 혁신', '시간 여행']
[2025-04-07T06:11:26.907+0000] {logging_mixin.py:188} INFO - ['미스터리', '스릴러', '공포', '범죄', '서스펜스', '복수', '정의', '법정', '첩보', '단서 중심 서사']
[2025-04-07T06:11:26.907+0000] {logging_mixin.py:188} INFO - ['실험적 문체', '형식 파괴', '비선형', '의식의 흐름', '미완의 이야기']
[2025-04-07T06:11:26.908+0000] {logging_mixin.py:188} INFO - ['유쾌', '코미디', '스포츠', '밝고 긍정적', '재치', '블랙 코미디']
[2025-04-07T06:11:26.908+0000] {logging_mixin.py:188} INFO - ['감성', '몽환적', '심리', '우울', '불안', '트라우마', '기억', '내면']
[2025-04-07T06:11:26.951+0000] {logging_mixin.py:188} INFO - ['판타지', 'SF', '모험', '디스토피아', '유토피아', '이세계', '다중 우주', '포스트 아포칼립스', '가상 현실', '시간 여행', '사이버펑크']
[2025-04-07T06:11:26.951+0000] {logging_mixin.py:188} INFO - ['사회 비판적', '불평등', '젠더 문제', '혁명', '저항', '노동', '계급', '권력과 부패', '외교', '정치 음모', '무정부주의']
[2025-04-07T06:11:26.952+0000] {logging_mixin.py:188} INFO - ['가족', '우정', '치유', '정체성', '로맨스', '성장 이야기', '생명과 죽음']
[2025-04-07T06:11:26.952+0000] {logging_mixin.py:188} INFO - ['도덕적 딜레마', '철학', '의료', '바이오테크', '정보화', '이중성', '전통과 혁신', '시간 여행']
[2025-04-07T06:11:26.953+0000] {logging_mixin.py:188} INFO - ['미스터리', '스릴러', '공포', '범죄', '서스펜스', '복수', '정의', '법정', '첩보', '단서 중심 서사']
[2025-04-07T06:11:26.953+0000] {logging_mixin.py:188} INFO - ['실험적 문체', '형식 파괴', '비선형', '의식의 흐름', '미완의 이야기']
[2025-04-07T06:11:26.953+0000] {logging_mixin.py:188} INFO - ['유쾌', '코미디', '스포츠', '밝고 긍정적', '재치', '블랙 코미디']
[2025-04-07T06:11:26.954+0000] {logging_mixin.py:188} INFO - ['감성', '몽환적', '심리', '우울', '불안', '트라우마', '기억', '내면']
[2025-04-07T06:11:26.993+0000] {logging_mixin.py:188} INFO - ✅ 모든 유저의 아키타입이 성공적으로 업데이트되었습니다.
[2025-04-07T06:11:27.006+0000] {python.py:201} INFO - Done. Returned value was: None
[2025-04-07T06:11:27.014+0000] {taskinstance.py:1138} INFO - Marking task as SUCCESS. dag_id=update_archetypes_daily, task_id=assign_archetypes_task, execution_date=20250407T061125, start_date=20250407T061126, end_date=20250407T061127
[2025-04-07T06:11:27.079+0000] {local_task_job_runner.py:234} INFO - Task exited with return code 0
[2025-04-07T06:11:27.094+0000] {taskinstance.py:3280} INFO - 0 downstream tasks scheduled from follow-on schedule check
