[2025-04-03T12:01:40.458+0000] {taskinstance.py:1956} INFO - Dependencies all met for dep_context=non-requeueable deps ti=<TaskInstance: update_model_daily.update_model manual__2025-04-03T12:01:38.691023+00:00 [queued]>
[2025-04-03T12:01:40.464+0000] {taskinstance.py:1956} INFO - Dependencies all met for dep_context=requeueable deps ti=<TaskInstance: update_model_daily.update_model manual__2025-04-03T12:01:38.691023+00:00 [queued]>
[2025-04-03T12:01:40.465+0000] {taskinstance.py:2170} INFO - Starting attempt 1 of 1
[2025-04-03T12:01:40.475+0000] {taskinstance.py:2191} INFO - Executing <Task(PythonOperator): update_model> on 2025-04-03 12:01:38.691023+00:00
[2025-04-03T12:01:40.481+0000] {standard_task_runner.py:60} INFO - Started process 6585 to run task
[2025-04-03T12:01:40.484+0000] {standard_task_runner.py:87} INFO - Running: ['***', 'tasks', 'run', 'update_model_daily', 'update_model', 'manual__2025-04-03T12:01:38.691023+00:00', '--job-id', '364', '--raw', '--subdir', 'DAGS_FOLDER/update_model_dag.py', '--cfg-path', '/tmp/tmphgfs3t8s']
[2025-04-03T12:01:40.485+0000] {standard_task_runner.py:88} INFO - Job 364: Subtask update_model
[2025-04-03T12:01:40.526+0000] {task_command.py:423} INFO - Running <TaskInstance: update_model_daily.update_model manual__2025-04-03T12:01:38.691023+00:00 [running]> on host b3cf11128f5a
[2025-04-03T12:01:40.593+0000] {taskinstance.py:2480} INFO - Exporting env vars: AIRFLOW_CTX_DAG_OWNER='***' AIRFLOW_CTX_DAG_ID='update_model_daily' AIRFLOW_CTX_TASK_ID='update_model' AIRFLOW_CTX_EXECUTION_DATE='2025-04-03T12:01:38.691023+00:00' AIRFLOW_CTX_TRY_NUMBER='1' AIRFLOW_CTX_DAG_RUN_ID='manual__2025-04-03T12:01:38.691023+00:00'
[2025-04-03T12:01:40.595+0000] {logging_mixin.py:188} INFO - [update_model] S3에서 전날 matrix.pkl 다운로드 중...
[2025-04-03T12:01:40.873+0000] {logging_mixin.py:188} INFO - [s3_utils] 다운로드 완료: matrix/lightfm/matrix_lightfm_20250403.pkl → data/processed/matrix_daily.pkl
[2025-04-03T12:01:40.875+0000] {logging_mixin.py:188} INFO - [update_model] 기존 데이터 로딩 완료
[2025-04-03T12:01:40.883+0000] {logging_mixin.py:188} INFO - [update_model] 로그 2건 반영 중...
[2025-04-03T12:01:40.887+0000] {logging_mixin.py:188} INFO - [디버깅] user_mapping: {1: 0, 2: 1, 3: 2}
[2025-04-03T12:01:40.887+0000] {logging_mixin.py:188} INFO - [디버깅] item_mapping: {1: 0, 2: 1, 3: 2, 4: 3, 5: 4, 6: 5, 7: 6, 8: 7, 9: 8, 10: 9, 11: 10, 12: 11, 13: 12, 14: 13, 15: 14, 16: 15}
[2025-04-03T12:01:40.888+0000] {logging_mixin.py:188} INFO - [update_model] 기존 interactions:
[2025-04-03T12:01:40.889+0000] {logging_mixin.py:188} INFO -   (0, 4)	1
  (0, 8)	1
  (1, 2)	1
  (2, 3)	1
[2025-04-03T12:01:40.889+0000] {logging_mixin.py:188} INFO - [update_model] 추가된 new_interactions:
[2025-04-03T12:01:40.890+0000] {logging_mixin.py:188} INFO -   (1, 1)	1.0
  (0, 5)	1.0
[2025-04-03T12:01:40.892+0000] {logging_mixin.py:188} INFO - [update_model] 병합된 interactions:
[2025-04-03T12:01:40.893+0000] {logging_mixin.py:188} INFO -   (0, 4)	1.0
  (0, 5)	1.0
  (0, 8)	1.0
  (1, 1)	1.0
  (1, 2)	1.0
  (2, 3)	1.0
[2025-04-03T12:01:40.894+0000] {logging_mixin.py:188} INFO - [update_model] 모델 업데이트 학습 중...
[2025-04-03T12:01:40.897+0000] {logging_mixin.py:188} INFO - [model_utils] 모델 학습 완료
[2025-04-03T12:01:40.901+0000] {warnings.py:109} WARNING - /home/***/.local/lib/python3.8/site-packages/scipy/sparse/_compressed.py:291: SparseEfficiencyWarning: Comparing a sparse matrix with a scalar greater than zero using < is inefficient, try using >= instead.
  warn(bad_scalar_msg, SparseEfficiencyWarning)

[2025-04-03T12:01:40.901+0000] {logging_mixin.py:188} INFO - [model_utils] 평가 실패: The truth value of an array with more than one element is ambiguous. Use a.any() or a.all().
[2025-04-03T12:01:40.902+0000] {logging_mixin.py:188} INFO - [model_utils] 모델 저장 완료: model/lightfm_model_updated.pkl
[2025-04-03T12:01:40.981+0000] {logging_mixin.py:188} INFO - [s3_utils] S3 업로드 완료 → s3://saffybooknest/model/lightfm/model_lightfm_20250403_updated.pkl
[2025-04-03T12:01:40.982+0000] {logging_mixin.py:188} INFO - [update_model] 업데이트 모델 S3 저장 완료
[2025-04-03T12:01:41.048+0000] {logging_mixin.py:188} INFO - [s3_utils] S3 업로드 완료 → s3://saffybooknest/matrix/lightfm/matrix_lightfm_20250403_updated.pkl
[2025-04-03T12:01:41.049+0000] {logging_mixin.py:188} INFO - [update_model] 업데이트된 메트릭스도 S3에 저장 완료
[2025-04-03T12:01:41.050+0000] {python.py:201} INFO - Done. Returned value was: None
[2025-04-03T12:01:41.062+0000] {taskinstance.py:1138} INFO - Marking task as SUCCESS. dag_id=update_model_daily, task_id=update_model, execution_date=20250403T120138, start_date=20250403T120140, end_date=20250403T120141
[2025-04-03T12:01:41.100+0000] {local_task_job_runner.py:234} INFO - Task exited with return code 0
[2025-04-03T12:01:41.115+0000] {taskinstance.py:3280} INFO - 0 downstream tasks scheduled from follow-on schedule check
