[2025-04-09T01:27:20.030+0000] {taskinstance.py:1956} INFO - Dependencies all met for dep_context=non-requeueable deps ti=<TaskInstance: train_model_pipeline.train_model manual__2025-04-09T01:27:11.686424+00:00 [queued]>
[2025-04-09T01:27:20.037+0000] {taskinstance.py:1956} INFO - Dependencies all met for dep_context=requeueable deps ti=<TaskInstance: train_model_pipeline.train_model manual__2025-04-09T01:27:11.686424+00:00 [queued]>
[2025-04-09T01:27:20.037+0000] {taskinstance.py:2170} INFO - Starting attempt 1 of 1
[2025-04-09T01:27:20.047+0000] {taskinstance.py:2191} INFO - Executing <Task(PythonOperator): train_model> on 2025-04-09 01:27:11.686424+00:00
[2025-04-09T01:27:20.055+0000] {standard_task_runner.py:60} INFO - Started process 27710 to run task
[2025-04-09T01:27:20.057+0000] {standard_task_runner.py:87} INFO - Running: ['***', 'tasks', 'run', 'train_model_pipeline', 'train_model', 'manual__2025-04-09T01:27:11.686424+00:00', '--job-id', '650', '--raw', '--subdir', 'DAGS_FOLDER/train_model_dag.py', '--cfg-path', '/tmp/tmpn83nk9e4']
[2025-04-09T01:27:20.058+0000] {standard_task_runner.py:88} INFO - Job 650: Subtask train_model
[2025-04-09T01:27:20.095+0000] {task_command.py:423} INFO - Running <TaskInstance: train_model_pipeline.train_model manual__2025-04-09T01:27:11.686424+00:00 [running]> on host c6a1082d0e89
[2025-04-09T01:27:20.155+0000] {taskinstance.py:2480} INFO - Exporting env vars: AIRFLOW_CTX_DAG_OWNER='booknest' AIRFLOW_CTX_DAG_ID='train_model_pipeline' AIRFLOW_CTX_TASK_ID='train_model' AIRFLOW_CTX_EXECUTION_DATE='2025-04-09T01:27:11.686424+00:00' AIRFLOW_CTX_TRY_NUMBER='1' AIRFLOW_CTX_DAG_RUN_ID='manual__2025-04-09T01:27:11.686424+00:00'
[2025-04-09T01:27:20.157+0000] {logging_mixin.py:188} INFO - [train_model] 학습용 행렬 로드 중...
[2025-04-09T01:27:20.158+0000] {logging_mixin.py:188} INFO - [train_model] user 수: 18, item 수: 431
[2025-04-09T01:27:20.159+0000] {logging_mixin.py:188} INFO - [train_model] interactions shape: (18, 431), nnz: 573
[2025-04-09T01:27:20.159+0000] {logging_mixin.py:188} INFO - [train_model] 모델 학습 시작...
[2025-04-09T01:27:20.176+0000] {logging_mixin.py:188} INFO - [model_utils] 모델 학습 완료
[2025-04-09T01:27:20.177+0000] {logging_mixin.py:188} INFO - 3810
[2025-04-09T01:27:20.178+0000] {logging_mixin.py:188} INFO - [train_model] user 0 vs 1 벡터 차이: 78220.36
[2025-04-09T01:27:20.178+0000] {logging_mixin.py:188} INFO - [train_model] Precision@5 평가 중...
[2025-04-09T01:27:20.179+0000] {logging_mixin.py:188} INFO - [model_utils] 평가용 상호작용 행렬 shape: (18, 431), nnz: 573
[2025-04-09T01:27:20.182+0000] {logging_mixin.py:188} INFO - [model_utils] Precision@5: 0.0400
[2025-04-09T01:27:20.183+0000] {logging_mixin.py:188} INFO - [model_utils] Recall@5: 0.0333
[2025-04-09T01:27:20.183+0000] {logging_mixin.py:188} INFO - [model_utils] AUC: 0.5129
[2025-04-09T01:27:20.186+0000] {logging_mixin.py:188} INFO - [model_utils] 모델 저장 완료: data/model/lightfm_model.pkl
[2025-04-09T01:27:20.186+0000] {logging_mixin.py:188} INFO - [train_model] 모델 로컬 저장 경로: data/model/lightfm_model.pkl
[2025-04-09T01:27:20.186+0000] {logging_mixin.py:188} INFO - [train_model] 현재 작업 디렉토리: /opt/***
[2025-04-09T01:27:20.445+0000] {logging_mixin.py:188} INFO - [s3_utils] S3 연결 성공
[2025-04-09T01:27:20.770+0000] {logging_mixin.py:188} INFO - [s3_utils] S3 업로드 완료 → s3://saffybooknest/model/lightfm/model_lightfm_20250409.pkl
[2025-04-09T01:27:20.772+0000] {logging_mixin.py:188} INFO - [train_model] [모델 S3 업로드 완료 → s3://saffybooknest/model/lightfm/model_lightfm_20250409.pkl
[2025-04-09T01:27:20.773+0000] {python.py:201} INFO - Done. Returned value was: None
[2025-04-09T01:27:20.779+0000] {taskinstance.py:1138} INFO - Marking task as SUCCESS. dag_id=train_model_pipeline, task_id=train_model, execution_date=20250409T012711, start_date=20250409T012720, end_date=20250409T012720
[2025-04-09T01:27:20.839+0000] {local_task_job_runner.py:234} INFO - Task exited with return code 0
[2025-04-09T01:27:20.853+0000] {taskinstance.py:3280} INFO - 0 downstream tasks scheduled from follow-on schedule check
