[2025-04-02T07:28:39.109+0000] {taskinstance.py:1956} INFO - Dependencies all met for dep_context=non-requeueable deps ti=<TaskInstance: pipeline_1_dag.load_data manual__2025-04-02T07:28:36.553844+00:00 [queued]>
[2025-04-02T07:28:39.119+0000] {taskinstance.py:1956} INFO - Dependencies all met for dep_context=requeueable deps ti=<TaskInstance: pipeline_1_dag.load_data manual__2025-04-02T07:28:36.553844+00:00 [queued]>
[2025-04-02T07:28:39.119+0000] {taskinstance.py:2170} INFO - Starting attempt 1 of 1
[2025-04-02T07:28:39.132+0000] {taskinstance.py:2191} INFO - Executing <Task(PythonOperator): load_data> on 2025-04-02 07:28:36.553844+00:00
[2025-04-02T07:28:39.142+0000] {standard_task_runner.py:60} INFO - Started process 3373 to run task
[2025-04-02T07:28:39.146+0000] {standard_task_runner.py:87} INFO - Running: ['***', 'tasks', 'run', 'pipeline_1_dag', 'load_data', 'manual__2025-04-02T07:28:36.553844+00:00', '--job-id', '32', '--raw', '--subdir', 'DAGS_FOLDER/pipeline_1_dag.py', '--cfg-path', '/tmp/tmpigd9cpj1']
[2025-04-02T07:28:39.147+0000] {standard_task_runner.py:88} INFO - Job 32: Subtask load_data
[2025-04-02T07:28:39.195+0000] {task_command.py:423} INFO - Running <TaskInstance: pipeline_1_dag.load_data manual__2025-04-02T07:28:36.553844+00:00 [running]> on host 70eb00e5d734
[2025-04-02T07:28:39.254+0000] {taskinstance.py:2480} INFO - Exporting env vars: AIRFLOW_CTX_DAG_OWNER='***' AIRFLOW_CTX_DAG_ID='pipeline_1_dag' AIRFLOW_CTX_TASK_ID='load_data' AIRFLOW_CTX_EXECUTION_DATE='2025-04-02T07:28:36.553844+00:00' AIRFLOW_CTX_TRY_NUMBER='1' AIRFLOW_CTX_DAG_RUN_ID='manual__2025-04-02T07:28:36.553844+00:00'
[2025-04-02T07:28:39.256+0000] {logging_mixin.py:188} INFO - [1] DB 연결 중...
[2025-04-02T07:28:39.264+0000] {logging_mixin.py:188} INFO - [2] 저장 경로(data/raw) 확인 완료
[2025-04-02T07:28:39.265+0000] {logging_mixin.py:188} INFO - [3] 도서 정보 쿼리 실행 중...
[2025-04-02T07:28:39.449+0000] {logging_mixin.py:188} INFO - [4] 도서 정보 16건 로드 완료
[2025-04-02T07:28:39.450+0000] {logging_mixin.py:188} INFO - [5] 더미 로그 생성 중...
[2025-04-02T07:28:39.451+0000] {logging_mixin.py:188} INFO - [6] 파일 저장 중...
[2025-04-02T07:28:39.473+0000] {logging_mixin.py:188} INFO - [7] book_df & log_df 저장 완료 (data/raw/)
[2025-04-02T07:28:39.473+0000] {python.py:201} INFO - Done. Returned value was: None
[2025-04-02T07:28:39.482+0000] {taskinstance.py:1138} INFO - Marking task as SUCCESS. dag_id=pipeline_1_dag, task_id=load_data, execution_date=20250402T072836, start_date=20250402T072839, end_date=20250402T072839
[2025-04-02T07:28:39.520+0000] {local_task_job_runner.py:234} INFO - Task exited with return code 0
[2025-04-02T07:28:39.540+0000] {taskinstance.py:3280} INFO - 1 downstream tasks scheduled from follow-on schedule check
