[2025-04-10T04:20:59.263+0000] {taskinstance.py:1956} INFO - Dependencies all met for dep_context=non-requeueable deps ti=<TaskInstance: train_model_pipeline.load_data manual__2025-04-10T04:20:56.757068+00:00 [queued]>
[2025-04-10T04:20:59.270+0000] {taskinstance.py:1956} INFO - Dependencies all met for dep_context=requeueable deps ti=<TaskInstance: train_model_pipeline.load_data manual__2025-04-10T04:20:56.757068+00:00 [queued]>
[2025-04-10T04:20:59.271+0000] {taskinstance.py:2170} INFO - Starting attempt 1 of 1
[2025-04-10T04:20:59.280+0000] {taskinstance.py:2191} INFO - Executing <Task(PythonOperator): load_data> on 2025-04-10 04:20:56.757068+00:00
[2025-04-10T04:20:59.287+0000] {standard_task_runner.py:60} INFO - Started process 3311 to run task
[2025-04-10T04:20:59.289+0000] {standard_task_runner.py:87} INFO - Running: ['***', 'tasks', 'run', 'train_model_pipeline', 'load_data', 'manual__2025-04-10T04:20:56.757068+00:00', '--job-id', '677', '--raw', '--subdir', 'DAGS_FOLDER/train_model_dag.py', '--cfg-path', '/tmp/tmph1__r5xi']
[2025-04-10T04:20:59.291+0000] {standard_task_runner.py:88} INFO - Job 677: Subtask load_data
[2025-04-10T04:20:59.335+0000] {task_command.py:423} INFO - Running <TaskInstance: train_model_pipeline.load_data manual__2025-04-10T04:20:56.757068+00:00 [running]> on host 7ec5ad01cd28
[2025-04-10T04:20:59.418+0000] {taskinstance.py:2480} INFO - Exporting env vars: AIRFLOW_CTX_DAG_OWNER='booknest' AIRFLOW_CTX_DAG_ID='train_model_pipeline' AIRFLOW_CTX_TASK_ID='load_data' AIRFLOW_CTX_EXECUTION_DATE='2025-04-10T04:20:56.757068+00:00' AIRFLOW_CTX_TRY_NUMBER='1' AIRFLOW_CTX_DAG_RUN_ID='manual__2025-04-10T04:20:56.757068+00:00'
[2025-04-10T04:20:59.419+0000] {logging_mixin.py:188} INFO - [load_data] DB 연결 중...
[2025-04-10T04:20:59.429+0000] {logging_mixin.py:188} INFO - [db_utils] DB 연결 성공
[2025-04-10T04:20:59.430+0000] {logging_mixin.py:188} INFO - [load_data] 저장 경로(data/raw) 확인 완료
[2025-04-10T04:20:59.430+0000] {logging_mixin.py:188} INFO - [load_data] 도서 정보 로딩 중...
[2025-04-10T04:20:59.431+0000] {logging_mixin.py:188} INFO - [db_utils] DB 연결 성공
[2025-04-10T04:20:59.432+0000] {logging_mixin.py:188} INFO - [load_book_df] 도서 데이터 쿼리 실행 중...
[2025-04-10T04:21:51.764+0000] {logging_mixin.py:188} INFO - [load_book_df] 54687건 로드 완료
[2025-04-10T04:21:51.765+0000] {logging_mixin.py:188} INFO - [load_data] 도서 정보 54687건 로드 완료
[2025-04-10T04:21:51.765+0000] {logging_mixin.py:188} INFO - [load_data] 유저 정보 로딩 중...
[2025-04-10T04:21:51.766+0000] {logging_mixin.py:188} INFO - [db_utils] DB 연결 성공
[2025-04-10T04:21:51.766+0000] {logging_mixin.py:188} INFO - [load_user_df] 유저 데이터 쿼리 실행 중...
[2025-04-10T04:21:51.944+0000] {logging_mixin.py:188} INFO - [load_user_df] 22건 로드 완료
[2025-04-10T04:21:51.944+0000] {logging_mixin.py:188} INFO - [load_data] 유저 정보 22건 로드 완료
[2025-04-10T04:21:51.945+0000] {logging_mixin.py:188} INFO - [load_data] 로그 S3 다운로드 중 → logs/250409/logs_250409.csv
[2025-04-10T04:21:52.062+0000] {logging_mixin.py:188} INFO - [s3_utils] S3 연결 성공
[2025-04-10T04:21:52.262+0000] {logging_mixin.py:188} INFO - [s3_utils] 다운로드 완료: logs/250409/logs_250409.csv → data/raw/logs_250410.csv
[2025-04-10T04:21:52.271+0000] {logging_mixin.py:188} INFO - [s3_utils] CSV 로드 완료: 19 rows from data/raw/logs_250410.csv
[2025-04-10T04:21:52.271+0000] {logging_mixin.py:188} INFO - [load_data] 파일 저장 중...
[2025-04-10T04:21:52.380+0000] {logging_mixin.py:188} INFO - [save_book_df] Saved to data/raw/book_df.parquet
[2025-04-10T04:21:52.382+0000] {logging_mixin.py:188} INFO - [save_user_df] Saved to data/raw/user_df.parquet
[2025-04-10T04:21:52.385+0000] {logging_mixin.py:188} INFO - [save_log_df] Saved to data/raw/log_df.parquet
[2025-04-10T04:21:52.385+0000] {logging_mixin.py:188} INFO - [load_data] 저장 완료
[2025-04-10T04:21:52.393+0000] {python.py:201} INFO - Done. Returned value was: None
[2025-04-10T04:21:52.402+0000] {taskinstance.py:1138} INFO - Marking task as SUCCESS. dag_id=train_model_pipeline, task_id=load_data, execution_date=20250410T042056, start_date=20250410T042059, end_date=20250410T042152
[2025-04-10T04:21:52.454+0000] {local_task_job_runner.py:234} INFO - Task exited with return code 0
[2025-04-10T04:21:52.474+0000] {taskinstance.py:3280} INFO - 1 downstream tasks scheduled from follow-on schedule check
