[2025-04-06T07:54:05.785+0000] {taskinstance.py:1956} INFO - Dependencies all met for dep_context=non-requeueable deps ti=<TaskInstance: train_model_pipeline.build_matrix manual__2025-04-06T07:54:00.548659+00:00 [queued]>
[2025-04-06T07:54:05.791+0000] {taskinstance.py:1956} INFO - Dependencies all met for dep_context=requeueable deps ti=<TaskInstance: train_model_pipeline.build_matrix manual__2025-04-06T07:54:00.548659+00:00 [queued]>
[2025-04-06T07:54:05.792+0000] {taskinstance.py:2170} INFO - Starting attempt 1 of 1
[2025-04-06T07:54:05.803+0000] {taskinstance.py:2191} INFO - Executing <Task(PythonOperator): build_matrix> on 2025-04-06 07:54:00.548659+00:00
[2025-04-06T07:54:05.810+0000] {standard_task_runner.py:60} INFO - Started process 3658 to run task
[2025-04-06T07:54:05.813+0000] {standard_task_runner.py:87} INFO - Running: ['***', 'tasks', 'run', 'train_model_pipeline', 'build_matrix', 'manual__2025-04-06T07:54:00.548659+00:00', '--job-id', '446', '--raw', '--subdir', 'DAGS_FOLDER/train_model_dag.py', '--cfg-path', '/tmp/tmp008pzrye']
[2025-04-06T07:54:05.814+0000] {standard_task_runner.py:88} INFO - Job 446: Subtask build_matrix
[2025-04-06T07:54:05.848+0000] {task_command.py:423} INFO - Running <TaskInstance: train_model_pipeline.build_matrix manual__2025-04-06T07:54:00.548659+00:00 [running]> on host 280c0a538679
[2025-04-06T07:54:06.072+0000] {taskinstance.py:2480} INFO - Exporting env vars: AIRFLOW_CTX_DAG_OWNER='***' AIRFLOW_CTX_DAG_ID='train_model_pipeline' AIRFLOW_CTX_TASK_ID='build_matrix' AIRFLOW_CTX_EXECUTION_DATE='2025-04-06T07:54:00.548659+00:00' AIRFLOW_CTX_TRY_NUMBER='1' AIRFLOW_CTX_DAG_RUN_ID='manual__2025-04-06T07:54:00.548659+00:00'
[2025-04-06T07:54:06.074+0000] {logging_mixin.py:188} INFO - [build_matrix] 데이터 로딩 중...
[2025-04-06T07:54:06.107+0000] {logging_mixin.py:188} INFO - [build_matrix] 피처 전처리 중...
[2025-04-06T07:54:06.119+0000] {logging_mixin.py:188} INFO - [build_matrix] 행렬 및 매핑 생성 중...
[2025-04-06T07:54:06.121+0000] {logging_mixin.py:188} INFO - [matrix_builder] 상호작용 수: 8
[2025-04-06T07:54:06.126+0000] {logging_mixin.py:188} INFO -     id
0    1
1    2
2    3
3    4
4    5
5    6
6    7
7    8
8    9
9   10
10  11
[2025-04-06T07:54:06.128+0000] {logging_mixin.py:188} INFO -    id
0   1
1   2
2   3
3   4
4   5
[2025-04-06T07:54:06.128+0000] {logging_mixin.py:188} INFO - (11, 1)
[2025-04-06T07:54:06.140+0000] {logging_mixin.py:188} INFO - [build_matrix] 저장 완료: data/processed/matrix.pkl
[2025-04-06T07:54:06.306+0000] {logging_mixin.py:188} INFO - [s3_utils] S3 업로드 완료 → s3://saffybooknest/matrix/lightfm/matrix_lightfm_20250406.pkl
[2025-04-06T07:54:06.306+0000] {logging_mixin.py:188} INFO - [build_matrix] S3 업로드 완료
[2025-04-06T07:54:06.307+0000] {python.py:201} INFO - Done. Returned value was: None
[2025-04-06T07:54:06.314+0000] {taskinstance.py:1138} INFO - Marking task as SUCCESS. dag_id=train_model_pipeline, task_id=build_matrix, execution_date=20250406T075400, start_date=20250406T075405, end_date=20250406T075406
[2025-04-06T07:54:06.346+0000] {local_task_job_runner.py:234} INFO - Task exited with return code 0
[2025-04-06T07:54:06.362+0000] {taskinstance.py:3280} INFO - 1 downstream tasks scheduled from follow-on schedule check
