[2025-04-08T07:27:20.366+0000] {taskinstance.py:1956} INFO - Dependencies all met for dep_context=non-requeueable deps ti=<TaskInstance: train_model_pipeline.train_model manual__2025-04-08T07:27:12.667644+00:00 [queued]>
[2025-04-08T07:27:20.372+0000] {taskinstance.py:1956} INFO - Dependencies all met for dep_context=requeueable deps ti=<TaskInstance: train_model_pipeline.train_model manual__2025-04-08T07:27:12.667644+00:00 [queued]>
[2025-04-08T07:27:20.373+0000] {taskinstance.py:2170} INFO - Starting attempt 1 of 1
[2025-04-08T07:27:20.384+0000] {taskinstance.py:2191} INFO - Executing <Task(PythonOperator): train_model> on 2025-04-08 07:27:12.667644+00:00
[2025-04-08T07:27:20.392+0000] {standard_task_runner.py:60} INFO - Started process 14934 to run task
[2025-04-08T07:27:20.394+0000] {standard_task_runner.py:87} INFO - Running: ['***', 'tasks', 'run', 'train_model_pipeline', 'train_model', 'manual__2025-04-08T07:27:12.667644+00:00', '--job-id', '613', '--raw', '--subdir', 'DAGS_FOLDER/train_model_dag.py', '--cfg-path', '/tmp/tmp7srhmoci']
[2025-04-08T07:27:20.396+0000] {standard_task_runner.py:88} INFO - Job 613: Subtask train_model
[2025-04-08T07:27:20.431+0000] {task_command.py:423} INFO - Running <TaskInstance: train_model_pipeline.train_model manual__2025-04-08T07:27:12.667644+00:00 [running]> on host c6a1082d0e89
[2025-04-08T07:27:20.496+0000] {taskinstance.py:2480} INFO - Exporting env vars: AIRFLOW_CTX_DAG_OWNER='booknest' AIRFLOW_CTX_DAG_ID='train_model_pipeline' AIRFLOW_CTX_TASK_ID='train_model' AIRFLOW_CTX_EXECUTION_DATE='2025-04-08T07:27:12.667644+00:00' AIRFLOW_CTX_TRY_NUMBER='1' AIRFLOW_CTX_DAG_RUN_ID='manual__2025-04-08T07:27:12.667644+00:00'
[2025-04-08T07:27:20.497+0000] {logging_mixin.py:188} INFO - [train_model] 학습용 행렬 로드 중...
[2025-04-08T07:27:20.501+0000] {logging_mixin.py:188} INFO - [train_model] user 수: 15, item 수: 3000
[2025-04-08T07:27:20.501+0000] {logging_mixin.py:188} INFO - [train_model] interactions shape: (15, 3000), nnz: 573
[2025-04-08T07:27:20.502+0000] {logging_mixin.py:188} INFO - [train_model] 모델 학습 시작...
[2025-04-08T07:27:20.518+0000] {logging_mixin.py:188} INFO - [model_utils] 모델 학습 완료
[2025-04-08T07:27:20.519+0000] {logging_mixin.py:188} INFO - [train_model] user 0 vs 1 벡터 차이: 0.047019303
[2025-04-08T07:27:20.519+0000] {logging_mixin.py:188} INFO - [train_model] Precision@5 평가 중...
[2025-04-08T07:27:20.520+0000] {logging_mixin.py:188} INFO - [model_utils] 평가용 상호작용 행렬 shape: (15, 3000), nnz: 573
[2025-04-08T07:27:20.526+0000] {logging_mixin.py:188} INFO - [model_utils] Precision@5: 0.0400
[2025-04-08T07:27:20.526+0000] {logging_mixin.py:188} INFO - [model_utils] Recall@5: 0.0222
[2025-04-08T07:27:20.527+0000] {logging_mixin.py:188} INFO - [model_utils] AUC: 0.5169
[2025-04-08T07:27:20.531+0000] {logging_mixin.py:188} INFO - [model_utils] 모델 저장 완료: data/models/lightfm_model.pkl
[2025-04-08T07:27:20.801+0000] {logging_mixin.py:188} INFO - [s3_utils] S3 연결 성공
[2025-04-08T07:27:21.091+0000] {logging_mixin.py:188} INFO - [s3_utils] S3 업로드 완료 → s3://saffybooknest/models/lightfm/model_lightfm_20250408.pkl
[2025-04-08T07:27:21.093+0000] {logging_mixin.py:188} INFO - [train_model] [모델 S3 업로드 완료 → s3://saffybooknest/models/lightfm/model_lightfm_20250408.pkl
[2025-04-08T07:27:21.093+0000] {python.py:201} INFO - Done. Returned value was: None
[2025-04-08T07:27:21.102+0000] {taskinstance.py:1138} INFO - Marking task as SUCCESS. dag_id=train_model_pipeline, task_id=train_model, execution_date=20250408T072712, start_date=20250408T072720, end_date=20250408T072721
[2025-04-08T07:27:21.130+0000] {local_task_job_runner.py:234} INFO - Task exited with return code 0
[2025-04-08T07:27:21.143+0000] {taskinstance.py:3280} INFO - 0 downstream tasks scheduled from follow-on schedule check
