[2025-04-07T04:55:06.270+0000] {taskinstance.py:1956} INFO - Dependencies all met for dep_context=non-requeueable deps ti=<TaskInstance: train_model_pipeline.load_data manual__2025-04-07T04:55:04.552561+00:00 [queued]>
[2025-04-07T04:55:06.277+0000] {taskinstance.py:1956} INFO - Dependencies all met for dep_context=requeueable deps ti=<TaskInstance: train_model_pipeline.load_data manual__2025-04-07T04:55:04.552561+00:00 [queued]>
[2025-04-07T04:55:06.278+0000] {taskinstance.py:2170} INFO - Starting attempt 1 of 1
[2025-04-07T04:55:06.289+0000] {taskinstance.py:2191} INFO - Executing <Task(PythonOperator): load_data> on 2025-04-07 04:55:04.552561+00:00
[2025-04-07T04:55:06.298+0000] {standard_task_runner.py:60} INFO - Started process 22027 to run task
[2025-04-07T04:55:06.300+0000] {standard_task_runner.py:87} INFO - Running: ['***', 'tasks', 'run', 'train_model_pipeline', 'load_data', 'manual__2025-04-07T04:55:04.552561+00:00', '--job-id', '467', '--raw', '--subdir', 'DAGS_FOLDER/train_model_dag.py', '--cfg-path', '/tmp/tmpr8frr62u']
[2025-04-07T04:55:06.301+0000] {standard_task_runner.py:88} INFO - Job 467: Subtask load_data
[2025-04-07T04:55:06.337+0000] {task_command.py:423} INFO - Running <TaskInstance: train_model_pipeline.load_data manual__2025-04-07T04:55:04.552561+00:00 [running]> on host 280c0a538679
[2025-04-07T04:55:06.395+0000] {taskinstance.py:2480} INFO - Exporting env vars: AIRFLOW_CTX_DAG_OWNER='***' AIRFLOW_CTX_DAG_ID='train_model_pipeline' AIRFLOW_CTX_TASK_ID='load_data' AIRFLOW_CTX_EXECUTION_DATE='2025-04-07T04:55:04.552561+00:00' AIRFLOW_CTX_TRY_NUMBER='1' AIRFLOW_CTX_DAG_RUN_ID='manual__2025-04-07T04:55:04.552561+00:00'
[2025-04-07T04:55:06.397+0000] {logging_mixin.py:188} INFO - [load_data] DB 연결 중...
[2025-04-07T04:55:06.405+0000] {logging_mixin.py:188} INFO - [db_utils] DB 연결 성공
[2025-04-07T04:55:06.640+0000] {logging_mixin.py:188} INFO - [s3_utils] S3 연결 성공
[2025-04-07T04:55:06.641+0000] {logging_mixin.py:188} INFO - [load_data] 저장 경로(data/raw) 확인 완료
[2025-04-07T04:55:06.641+0000] {logging_mixin.py:188} INFO - [load_data] 도서 정보 쿼리 실행 중...
[2025-04-07T04:55:06.643+0000] {logging_mixin.py:188} INFO - [db_utils] DB 연결 성공
[2025-04-07T04:55:06.975+0000] {logging_mixin.py:188} INFO - [load_data] 도서 정보 1000건 로드 완료
[2025-04-07T04:55:06.975+0000] {logging_mixin.py:188} INFO - [load_data] 유저 정보 쿼리 실행 중...
[2025-04-07T04:55:06.976+0000] {logging_mixin.py:188} INFO - [db_utils] DB 연결 성공
[2025-04-07T04:55:07.170+0000] {logging_mixin.py:188} INFO - [load_data] 유저 정보 12건 로드 완료
[2025-04-07T04:55:07.171+0000] {logging_mixin.py:188} INFO - [load_data] 로그 데이터 다운로드 중...
[2025-04-07T04:55:07.356+0000] {logging_mixin.py:188} INFO - [load_data] 로그 데이터 736건 로드 완료
[2025-04-07T04:55:07.356+0000] {logging_mixin.py:188} INFO - [load_data] 파일 저장 중...
[2025-04-07T04:55:07.372+0000] {logging_mixin.py:188} INFO - [load_data] 저장 완료
[2025-04-07T04:55:07.374+0000] {python.py:201} INFO - Done. Returned value was: None
[2025-04-07T04:55:07.382+0000] {taskinstance.py:1138} INFO - Marking task as SUCCESS. dag_id=train_model_pipeline, task_id=load_data, execution_date=20250407T045504, start_date=20250407T045506, end_date=20250407T045507
[2025-04-07T04:55:07.438+0000] {local_task_job_runner.py:234} INFO - Task exited with return code 0
[2025-04-07T04:55:07.461+0000] {taskinstance.py:3280} INFO - 1 downstream tasks scheduled from follow-on schedule check
