[2025-04-06T07:40:07.954+0000] {taskinstance.py:1956} INFO - Dependencies all met for dep_context=non-requeueable deps ti=<TaskInstance: train_model_pipeline.load_data manual__2025-04-06T07:40:06.333597+00:00 [queued]>
[2025-04-06T07:40:07.960+0000] {taskinstance.py:1956} INFO - Dependencies all met for dep_context=requeueable deps ti=<TaskInstance: train_model_pipeline.load_data manual__2025-04-06T07:40:06.333597+00:00 [queued]>
[2025-04-06T07:40:07.961+0000] {taskinstance.py:2170} INFO - Starting attempt 1 of 1
[2025-04-06T07:40:07.971+0000] {taskinstance.py:2191} INFO - Executing <Task(PythonOperator): load_data> on 2025-04-06 07:40:06.333597+00:00
[2025-04-06T07:40:07.978+0000] {standard_task_runner.py:60} INFO - Started process 3293 to run task
[2025-04-06T07:40:07.981+0000] {standard_task_runner.py:87} INFO - Running: ['***', 'tasks', 'run', 'train_model_pipeline', 'load_data', 'manual__2025-04-06T07:40:06.333597+00:00', '--job-id', '438', '--raw', '--subdir', 'DAGS_FOLDER/train_model_dag.py', '--cfg-path', '/tmp/tmpftjl1be8']
[2025-04-06T07:40:07.983+0000] {standard_task_runner.py:88} INFO - Job 438: Subtask load_data
[2025-04-06T07:40:08.028+0000] {task_command.py:423} INFO - Running <TaskInstance: train_model_pipeline.load_data manual__2025-04-06T07:40:06.333597+00:00 [running]> on host 280c0a538679
[2025-04-06T07:40:08.295+0000] {taskinstance.py:2480} INFO - Exporting env vars: AIRFLOW_CTX_DAG_OWNER='***' AIRFLOW_CTX_DAG_ID='train_model_pipeline' AIRFLOW_CTX_TASK_ID='load_data' AIRFLOW_CTX_EXECUTION_DATE='2025-04-06T07:40:06.333597+00:00' AIRFLOW_CTX_TRY_NUMBER='1' AIRFLOW_CTX_DAG_RUN_ID='manual__2025-04-06T07:40:06.333597+00:00'
[2025-04-06T07:40:08.297+0000] {logging_mixin.py:188} INFO - [load_data] DB 연결 중...
[2025-04-06T07:40:08.304+0000] {logging_mixin.py:188} INFO - [db_utils] DB 연결 성공
[2025-04-06T07:40:08.305+0000] {logging_mixin.py:188} INFO - [load_data] 저장 경로(data/raw) 확인 완료
[2025-04-06T07:40:08.305+0000] {logging_mixin.py:188} INFO - [load_data] 도서 정보 쿼리 실행 중...
[2025-04-06T07:40:08.306+0000] {logging_mixin.py:188} INFO - [db_utils] DB 연결 성공
[2025-04-06T07:40:08.600+0000] {logging_mixin.py:188} INFO - [load_data] 도서 정보 1000건 로드 완료
[2025-04-06T07:40:08.601+0000] {logging_mixin.py:188} INFO - [load_data] 유저 정보 쿼리 실행 중...
[2025-04-06T07:40:08.602+0000] {logging_mixin.py:188} INFO - [db_utils] DB 연결 성공
[2025-04-06T07:40:08.749+0000] {logging_mixin.py:188} INFO - [load_user_ids] Error: (pymysql.err.OperationalError) (1054, "Unknown column 'user_id' in 'SELECT'")
[SQL: SELECT user_id FROM user;]
(Background on this error at: https://sqlalche.me/e/14/e3q8)
[2025-04-06T07:40:08.749+0000] {logging_mixin.py:188} INFO - [load_data] 유저 정보 0건 로드 완료
[2025-04-06T07:40:08.750+0000] {logging_mixin.py:188} INFO - [load_data] 더미 로그 생성 중...
[2025-04-06T07:40:08.751+0000] {logging_mixin.py:188} INFO - [load_data] 파일 저장 중...
[2025-04-06T07:40:08.767+0000] {logging_mixin.py:188} INFO - [load_data] 저장 완료
[2025-04-06T07:40:08.768+0000] {python.py:201} INFO - Done. Returned value was: None
[2025-04-06T07:40:08.774+0000] {taskinstance.py:1138} INFO - Marking task as SUCCESS. dag_id=train_model_pipeline, task_id=load_data, execution_date=20250406T074006, start_date=20250406T074007, end_date=20250406T074008
[2025-04-06T07:40:08.796+0000] {local_task_job_runner.py:234} INFO - Task exited with return code 0
[2025-04-06T07:40:08.815+0000] {taskinstance.py:3280} INFO - 1 downstream tasks scheduled from follow-on schedule check
