[2025-04-02T23:36:44.132+0000] {taskinstance.py:1956} INFO - Dependencies all met for dep_context=non-requeueable deps ti=<TaskInstance: pipeline_1_dag.train_model manual__2025-04-02T23:36:37.452896+00:00 [queued]>
[2025-04-02T23:36:44.139+0000] {taskinstance.py:1956} INFO - Dependencies all met for dep_context=requeueable deps ti=<TaskInstance: pipeline_1_dag.train_model manual__2025-04-02T23:36:37.452896+00:00 [queued]>
[2025-04-02T23:36:44.140+0000] {taskinstance.py:2170} INFO - Starting attempt 1 of 1
[2025-04-02T23:36:44.155+0000] {taskinstance.py:2191} INFO - Executing <Task(PythonOperator): train_model> on 2025-04-02 23:36:37.452896+00:00
[2025-04-02T23:36:44.165+0000] {standard_task_runner.py:60} INFO - Started process 616 to run task
[2025-04-02T23:36:44.168+0000] {standard_task_runner.py:87} INFO - Running: ['***', 'tasks', 'run', 'pipeline_1_dag', 'train_model', 'manual__2025-04-02T23:36:37.452896+00:00', '--job-id', '65', '--raw', '--subdir', 'DAGS_FOLDER/pipeline_1_dag.py', '--cfg-path', '/tmp/tmpg8kfsu3h']
[2025-04-02T23:36:44.170+0000] {standard_task_runner.py:88} INFO - Job 65: Subtask train_model
[2025-04-02T23:36:44.208+0000] {task_command.py:423} INFO - Running <TaskInstance: pipeline_1_dag.train_model manual__2025-04-02T23:36:37.452896+00:00 [running]> on host ccc140473116
[2025-04-02T23:36:44.266+0000] {taskinstance.py:2480} INFO - Exporting env vars: AIRFLOW_CTX_DAG_OWNER='***' AIRFLOW_CTX_DAG_ID='pipeline_1_dag' AIRFLOW_CTX_TASK_ID='train_model' AIRFLOW_CTX_EXECUTION_DATE='2025-04-02T23:36:37.452896+00:00' AIRFLOW_CTX_TRY_NUMBER='1' AIRFLOW_CTX_DAG_RUN_ID='manual__2025-04-02T23:36:37.452896+00:00'
[2025-04-02T23:36:44.267+0000] {logging_mixin.py:188} INFO - [1] 학습용 행렬 로드 중...
[2025-04-02T23:36:44.268+0000] {logging_mixin.py:188} INFO - [2] LightFM 모델 학습 중...
[2025-04-02T23:36:44.271+0000] {logging_mixin.py:188} INFO - [3] Precision@5 평가 중...
[2025-04-02T23:36:44.274+0000] {logging_mixin.py:188} INFO - Precision@5 = 0.2000
[2025-04-02T23:36:44.274+0000] {logging_mixin.py:188} INFO - [4] 모델 저장 완료 → model/lightfm_model.pkl
[2025-04-02T23:36:44.815+0000] {logging_mixin.py:188} INFO - S3 업로드 완료: s3://saffybooknest/model/ligthfm/model_lightfm_20250402.pkl
[2025-04-02T23:36:44.819+0000] {logging_mixin.py:188} INFO - f[5] S3 저장 완료 -> model/ligthfm/model_lightfm_{today_str}.pkl
[2025-04-02T23:36:44.820+0000] {python.py:201} INFO - Done. Returned value was: None
[2025-04-02T23:36:44.833+0000] {taskinstance.py:1138} INFO - Marking task as SUCCESS. dag_id=pipeline_1_dag, task_id=train_model, execution_date=20250402T233637, start_date=20250402T233644, end_date=20250402T233644
[2025-04-02T23:36:44.863+0000] {local_task_job_runner.py:234} INFO - Task exited with return code 0
[2025-04-02T23:36:44.876+0000] {taskinstance.py:3280} INFO - 0 downstream tasks scheduled from follow-on schedule check
