[2025-04-06T07:37:32.590+0000] {taskinstance.py:1956} INFO - Dependencies all met for dep_context=non-requeueable deps ti=<TaskInstance: train_model_pipeline.build_matrix manual__2025-04-06T07:37:28.135695+00:00 [queued]>
[2025-04-06T07:37:32.598+0000] {taskinstance.py:1956} INFO - Dependencies all met for dep_context=requeueable deps ti=<TaskInstance: train_model_pipeline.build_matrix manual__2025-04-06T07:37:28.135695+00:00 [queued]>
[2025-04-06T07:37:32.598+0000] {taskinstance.py:2170} INFO - Starting attempt 1 of 1
[2025-04-06T07:37:32.608+0000] {taskinstance.py:2191} INFO - Executing <Task(PythonOperator): build_matrix> on 2025-04-06 07:37:28.135695+00:00
[2025-04-06T07:37:32.615+0000] {standard_task_runner.py:60} INFO - Started process 3233 to run task
[2025-04-06T07:37:32.617+0000] {standard_task_runner.py:87} INFO - Running: ['***', 'tasks', 'run', 'train_model_pipeline', 'build_matrix', 'manual__2025-04-06T07:37:28.135695+00:00', '--job-id', '437', '--raw', '--subdir', 'DAGS_FOLDER/train_model_dag.py', '--cfg-path', '/tmp/tmpvgr84i3j']
[2025-04-06T07:37:32.618+0000] {standard_task_runner.py:88} INFO - Job 437: Subtask build_matrix
[2025-04-06T07:37:32.657+0000] {task_command.py:423} INFO - Running <TaskInstance: train_model_pipeline.build_matrix manual__2025-04-06T07:37:28.135695+00:00 [running]> on host 280c0a538679
[2025-04-06T07:37:32.886+0000] {taskinstance.py:2480} INFO - Exporting env vars: AIRFLOW_CTX_DAG_OWNER='***' AIRFLOW_CTX_DAG_ID='train_model_pipeline' AIRFLOW_CTX_TASK_ID='build_matrix' AIRFLOW_CTX_EXECUTION_DATE='2025-04-06T07:37:28.135695+00:00' AIRFLOW_CTX_TRY_NUMBER='1' AIRFLOW_CTX_DAG_RUN_ID='manual__2025-04-06T07:37:28.135695+00:00'
[2025-04-06T07:37:32.887+0000] {logging_mixin.py:188} INFO - [build_matrix] 데이터 로딩 중...
[2025-04-06T07:37:32.919+0000] {logging_mixin.py:188} INFO - [build_matrix] 피처 전처리 중...
[2025-04-06T07:37:32.931+0000] {logging_mixin.py:188} INFO - [build_matrix] 행렬 및 매핑 생성 중...
[2025-04-06T07:37:32.933+0000] {logging_mixin.py:188} INFO - [matrix_builder] 상호작용 수: 13
[2025-04-06T07:37:32.940+0000] {logging_mixin.py:188} INFO -    id
0   1
1   2
2   3
3   4
4   5
[2025-04-06T07:37:32.940+0000] {logging_mixin.py:188} INFO - (11, 1)
[2025-04-06T07:37:32.940+0000] {logging_mixin.py:188} INFO - [matrix_builder] 오류: 'user_id'
[2025-04-06T07:37:32.941+0000] {logging_mixin.py:188} INFO - [build_matrix] 오류 발생: not enough values to unpack (expected 6, got 0)
[2025-04-06T07:37:32.952+0000] {local_task_job_runner.py:234} INFO - Task exited with return code 1
[2025-04-06T07:37:32.968+0000] {taskinstance.py:3280} INFO - 0 downstream tasks scheduled from follow-on schedule check
